 hl

 Timestamp is 51a8a591 (Fri May 31 17:28:49 2013)

 Preferred load address is 10000000

 Start         Length     Name                   Class
 0001:00000000 000c38e8H .text                   CODE
 0002:00000000 00000138H .idata$5                DATA
 0002:00000140 000154bcH .rdata                  DATA
 0002:000155fc 00000014H .idata$2                DATA
 0002:00015610 00000014H .idata$3                DATA
 0002:00015624 00000138H .idata$4                DATA
 0002:0001575c 00000568H .idata$6                DATA
 0002:00015cd0 00004616H .edata                  DATA
 0003:00000000 00000004H .CRT$XCA                DATA
 0003:00000004 00000034H .CRT$XCU                DATA
 0003:00000038 00000004H .CRT$XCZ                DATA
 0003:0000003c 00000004H .CRT$XIA                DATA
 0003:00000040 0000000cH .CRT$XIC                DATA
 0003:0000004c 00000004H .CRT$XIZ                DATA
 0003:00000050 00000004H .CRT$XPA                DATA
 0003:00000054 00000004H .CRT$XPX                DATA
 0003:00000058 00000004H .CRT$XPZ                DATA
 0003:0000005c 00000004H .CRT$XTA                DATA
 0003:00000060 00000004H .CRT$XTZ                DATA
 0003:00000070 0001fb7cH .data                   DATA
 0003:0001fbf0 00011d88H .bss                    DATA

  Address         Publics by Value              Rva+Base     Lib:Object

 0001:00000000       ?Save@CFlockingFlyerFlock@@UAEHAAVCSave@@@Z 10001000 f   aflock.obj
 0001:00000039       ?Restore@CFlockingFlyerFlock@@UAEHAAVCRestore@@@Z 10001039 f   aflock.obj
 0001:00000072       _monster_flyer             10001072 f   aflock.obj
 0001:00000083       _monster_flyer_flock       10001083 f   aflock.obj
 0001:00000094       ?Save@CFlockingFlyer@@UAEHAAVCSave@@@Z 10001094 f   aflock.obj
 0001:000000cd       ?Restore@CFlockingFlyer@@UAEHAAVCRestore@@@Z 100010cd f   aflock.obj
 0001:00000106       ?KeyValue@CFlockingFlyerFlock@@UAEXPAUKeyValueData_s@@@Z 10001106 f   aflock.obj
 0001:00000189       ?Spawn@CFlockingFlyerFlock@@UAEXXZ 10001189 f   aflock.obj
 0001:000001c0       ?Precache@CFlockingFlyerFlock@@UAEXXZ 100011c0 f   aflock.obj
 0001:000001de       ?PrecacheFlockSounds@CFlockingFlyerFlock@@SAXXZ 100011de f   aflock.obj
 0001:0000021b       ?SpawnFlock@CFlockingFlyerFlock@@QAEXXZ 1000121b f   aflock.obj
 0001:000003e5       ?Spawn@CFlockingFlyer@@UAEXXZ 100013e5 f   aflock.obj
 0001:0000043c       ?Precache@CFlockingFlyer@@UAEXXZ 1000143c f   aflock.obj
 0001:0000045a       ?MakeSound@CFlockingFlyer@@QAEXXZ 1000145a f   aflock.obj
 0001:00000565       ?Killed@CFlockingFlyer@@UAEXPAUentvars_s@@H@Z 10001565 f   aflock.obj
 0001:0000065d       ?FallHack@CFlockingFlyer@@QAEXXZ 1000165d f   aflock.obj
 0001:00000709       ?SpawnCommonCode@CFlockingFlyer@@QAEXXZ 10001709 f   aflock.obj
 0001:000007f3       ?BoidAdvanceFrame@CFlockingFlyer@@QAEXXZ 100017f3 f   aflock.obj
 0001:000008f4       ?IdleThink@CFlockingFlyer@@QAEXXZ 100018f4 f   aflock.obj
 0001:00000963       ?Start@CFlockingFlyer@@QAEXXZ 10001963 f   aflock.obj
 0001:000009de       ?FormFlock@CFlockingFlyer@@QAEXXZ 100019de f   aflock.obj
 0001:00000ad0       ?SpreadFlock@CFlockingFlyer@@QAEXXZ 10001ad0 f   aflock.obj
 0001:00000c40       ?SpreadFlock2@CFlockingFlyer@@QAEXXZ 10001c40 f   aflock.obj
 0001:00000d31       ?FPathBlocked@CFlockingFlyer@@QAEHXZ 10001d31 f   aflock.obj
 0001:00001043       ?FlockLeaderThink@CFlockingFlyer@@QAEXXZ 10002043 f   aflock.obj
 0001:00001524       ?FlockFollowerThink@CFlockingFlyer@@QAEXXZ 10002524 f   aflock.obj
 0001:000018bc       ?SquadUnlink@CFlockingFlyer@@QAEXXZ 100028bc f   aflock.obj
 0001:000018e1       ?SquadAdd@CFlockingFlyer@@QAEXPAV1@@Z 100028e1 f   aflock.obj
 0001:00001918       ?SquadRemove@CFlockingFlyer@@QAEXPAV1@@Z 10002918 f   aflock.obj
 0001:000019e9       ?SquadCount@CFlockingFlyer@@QAEHXZ 100029e9 f   aflock.obj
 0001:00001a29       ?SquadDisband@CFlockingFlyer@@QAEXXZ 10002a29 f   aflock.obj
 0001:00001a70       ?IsLeader@CFlockingFlyer@@QAEHXZ 10002a70 f i aflock.obj
 0001:00001a90       ?InSquad@CFlockingFlyer@@QAEHXZ 10002a90 f i aflock.obj
 0001:00001ab0       ??0Vector@@QAE@XZ          10002ab0 f i aflock.obj
 0001:00001ac0       ??0Vector@@QAE@MMM@Z       10002ac0 f i aflock.obj
 0001:00001af0       ??HVector@@QBE?AV0@ABV0@@Z 10002af0 f i aflock.obj
 0001:00001b50       ??0Vector@@QAE@ABV0@@Z     10002b50 f i aflock.obj
 0001:00001b90       ??GVector@@QBE?AV0@ABV0@@Z 10002b90 f i aflock.obj
 0001:00001bf0       ??DVector@@QBE?AV0@M@Z     10002bf0 f i aflock.obj
 0001:00001c40       ?Length@Vector@@QBEMXZ     10002c40 f i aflock.obj
 0001:00001c90       ?Normalize@Vector@@QBE?AV1@XZ 10002c90 f i aflock.obj
 0001:00001d20       ??0TraceResult@@QAE@XZ     10002d20 f i aflock.obj
 0001:00001d50       ?ENT@@YAPAUedict_s@@PBUentvars_s@@@Z 10002d50 f i aflock.obj
 0001:00001d60       ?FNullEnt@@YAHPBUedict_s@@@Z 10002d60 f i aflock.obj
 0001:00001da0       ?OFFSET@@YAHPBUedict_s@@@Z 10002da0 f i aflock.obj
 0001:00001dc0       ?FNullEnt@@YAHH@Z          10002dc0 f i aflock.obj
 0001:00001dd0       ?FStrEq@@YAHPBD0@Z         10002dd0 f i aflock.obj
 0001:00001df0       ?FClassnameIs@@YAHPAUedict_s@@PBD@Z 10002df0 f i aflock.obj
 0001:00001e20       ?VARS@@YAPAUentvars_s@@PAUedict_s@@@Z 10002e20 f i aflock.obj
 0001:00001e40       ?FClassnameIs@@YAHPAUentvars_s@@PBD@Z 10002e40 f i aflock.obj
 0001:00001e70       ?EMIT_SOUND@@YAXPAUedict_s@@HPBDMM@Z 10002e70 f i aflock.obj
 0001:00001ea0       ?GetClassPtr@@YAPAVCFlockingFlyer@@PAV1@@Z 10002ea0 f i aflock.obj
 0001:00001f30       ?GET_PRIVATE@@YAPAXPAUedict_s@@@Z 10002f30 f i aflock.obj
 0001:00001f50       ?GetClassPtr@@YAPAVCFlockingFlyerFlock@@PAV1@@Z 10002f50 f i aflock.obj
 0001:00001fe0       ??0CFlockingFlyer@@QAE@XZ  10002fe0 f i aflock.obj
 0001:00002020       ?ObjectCaps@CBaseEntity@@UAEHXZ 10003020 f i aflock.obj
 0001:00002030       ?Activate@CBaseEntity@@UAEXXZ 10003030 f i aflock.obj
 0001:00002040       ?Classify@CBaseEntity@@UAEHXZ 10003040 f i aflock.obj
 0001:00002050       ?DeathNotice@CBaseEntity@@UAEXPAUentvars_s@@@Z 10003050 f i aflock.obj
 0001:00002060       ?IsTriggered@CBaseEntity@@UAEHPAV1@@Z 10003060 f i aflock.obj
 0001:00002080       ?MySquadMonsterPointer@CBaseEntity@@UAEPAVCSquadMonster@@XZ 10003080 f i aflock.obj
 0001:00002090       ?AddPoints@CBaseEntity@@UAEXHH@Z 10003090 f i aflock.obj
 0001:000020a0       ?AddPointsToTeam@CBaseEntity@@UAEXHH@Z 100030a0 f i aflock.obj
 0001:000020b0       ?AddPlayerItem@CBaseEntity@@UAEHPAVCBasePlayerItem@@@Z 100030b0 f i aflock.obj
 0001:000020c0       ?RemovePlayerItem@CBaseEntity@@UAEHPAVCBasePlayerItem@@@Z 100030c0 f i aflock.obj
 0001:000020d0       ?GiveAmmo@CBaseEntity@@UAEHHPADH@Z 100030d0 f i aflock.obj
 0001:000020e0       ?OverrideReset@CBaseEntity@@UAEXXZ 100030e0 f i aflock.obj
 0001:000020f0       ?SetToggleState@CBaseEntity@@UAEXH@Z 100030f0 f i aflock.obj
 0001:00002100       ?StartSneaking@CBaseEntity@@UAEXXZ 10003100 f i aflock.obj
 0001:00002110       ?StopSneaking@CBaseEntity@@UAEXXZ 10003110 f i aflock.obj
 0001:00002120       ?OnControls@CBaseEntity@@UAEHPAUentvars_s@@@Z 10003120 f i aflock.obj
 0001:00002130       ?IsSneaking@CBaseEntity@@UAEHXZ 10003130 f i aflock.obj
 0001:00002140       ?IsBSPModel@CBaseEntity@@UAEHXZ 10003140 f i aflock.obj
 0001:00002180       ?ReflectGauss@CBaseEntity@@UAEHXZ 10003180 f i aflock.obj
 0001:000021d0       ?HasTarget@CBaseEntity@@UAEHH@Z 100031d0 f i aflock.obj
 0001:00002210       ?IsPlayer@CBaseEntity@@UAEHXZ 10003210 f i aflock.obj
 0001:00002220       ?IsNetClient@CBaseEntity@@UAEHXZ 10003220 f i aflock.obj
 0001:00002230       ??0CFlockingFlyerFlock@@QAE@XZ 10003230 f i aflock.obj
 0001:00002250       ?TeamID@CBaseEntity@@UAEPBDXZ 10003250 f i aflock.obj
 0001:00002260       ?Think@CBaseEntity@@UAEXXZ 10003260 f i aflock.obj
 0001:00002280       ??0CBaseMonster@@QAE@XZ    10003280 f i aflock.obj
 0001:00002310       ?Spawn@CBaseEntity@@UAEXXZ 10003310 f i aflock.obj
 0001:00002320       ?Precache@CBaseEntity@@UAEXXZ 10003320 f i aflock.obj
 0001:00002330       ?Touch@CBaseEntity@@UAEXPAV1@@Z 10003330 f i aflock.obj
 0001:00002360       ?Use@CBaseEntity@@UAEXPAV1@0W4USE_TYPE@@M@Z 10003360 f i aflock.obj
 0001:00002390       ??0CBaseToggle@@QAE@XZ     10003390 f i aflock.obj
 0001:00002410       ?BloodColor@CBaseEntity@@UAEHXZ 10003410 f i aflock.obj
 0001:00002420       ?MyMonsterPointer@CBaseEntity@@UAEPAVCBaseMonster@@XZ 10003420 f i aflock.obj
 0001:00002430       ?IsMoving@CBaseEntity@@UAEHXZ 10003430 f i aflock.obj
 0001:00002450       ??9Vector@@QBEHABV0@@Z     10003450 f i aflock.obj
 0001:00002470       ??8Vector@@QBEHABV0@@Z     10003470 f i aflock.obj
 0001:000024d0       ?IsAlive@CBaseEntity@@UAEHXZ 100034d0 f i aflock.obj
 0001:00002520       ?Blocked@CBaseEntity@@UAEXPAV1@@Z 10003520 f i aflock.obj
 0001:00002550       ??2CBaseEntity@@SAPAXIPAUentvars_s@@@Z 10003550 f i aflock.obj
 0001:00002570       ??_H@YGXPAXIHP6EX0@Z@Z     10003570 f i aflock.obj
 0001:000025a0       ??0WayPoint_t@@QAE@XZ      100035a0 f i aflock.obj
 0001:000025c0       ?SUB_CallUseToggle@CBaseEntity@@QAEXXZ 100035c0 f i aflock.obj
 0001:000025f0       ??0CBaseAnimating@@QAE@XZ  100035f0 f i aflock.obj
 0001:00002610       ?GetToggleState@CBaseEntity@@UAEHXZ 10003610 f i aflock.obj
 0001:00002620       ?GetDelay@CBaseEntity@@UAEMXZ 10003620 f i aflock.obj
 0001:00002640       ??0CBaseDelay@@QAE@XZ      10003640 f i aflock.obj
 0001:00002660       ?Respawn@CBaseEntity@@UAEPAV1@XZ 10003660 f i aflock.obj
 0001:00002670       ??0CBaseEntity@@QAE@XZ     10003670 f i aflock.obj
 0001:00002690       ?KeyValue@CBaseEntity@@UAEXPAUKeyValueData_s@@@Z 10003690 f i aflock.obj
 0001:000026b0       ?UpdateOwner@CBaseEntity@@UAEXXZ 100036b0 f i aflock.obj
 0001:000026c0       ?FBecomeProne@CBaseEntity@@UAEHXZ 100036c0 f i aflock.obj
 0001:000026d0       ?edict@CBaseEntity@@QAEPAUedict_s@@XZ 100036d0 f i aflock.obj
 0001:000026f0       ?Center@CBaseEntity@@UAE?AVVector@@XZ 100036f0 f i aflock.obj
 0001:00002740       ?EyePosition@CBaseEntity@@UAE?AVVector@@XZ 10003740 f i aflock.obj
 0001:00002780       ?EarPosition@CBaseEntity@@UAE?AVVector@@XZ 10003780 f i aflock.obj
 0001:000027c0       ?BodyTarget@CBaseEntity@@UAE?AVVector@@ABV2@@Z 100037c0 f i aflock.obj
 0001:000027f0       ?Illumination@CBaseEntity@@UAEHXZ 100037f0 f i aflock.obj
 0001:00002820       ?HandleAnimEvent@CBaseAnimating@@UAEXPAUMonsterEvent_t@@@Z 10003820 f i aflock.obj
 0001:00002830       ?GetToggleState@CBaseToggle@@UAEHXZ 10003830 f i aflock.obj
 0001:00002850       ?GetDelay@CBaseToggle@@UAEMXZ 10003850 f i aflock.obj
 0001:00002870       ?BloodColor@CBaseMonster@@UAEHXZ 10003870 f i aflock.obj
 0001:00002890       ?MyMonsterPointer@CBaseMonster@@UAEPAV1@XZ 10003890 f i aflock.obj
 0001:000028a0       ?IsAlive@CBaseMonster@@UAEHXZ 100038a0 f i aflock.obj
 0001:000028c0       ?CallMonsterThink@CBaseMonster@@QAEXXZ 100038c0 f i aflock.obj
 0001:000028e0       ?GetStoppedActivity@CBaseMonster@@UAE?AW4Activity@@XZ 100038e0 f i aflock.obj
 0001:000028f0       ?Stop@CBaseMonster@@UAEXXZ 100038f0 f i aflock.obj
 0001:00002920       ?ScheduleChange@CBaseMonster@@UAEXXZ 10003920 f i aflock.obj
 0001:00002930       ?CanPlaySentence@CBaseMonster@@UAEHH@Z 10003930 f i aflock.obj
 0001:00002950       ?SetYawSpeed@CBaseMonster@@UAEXXZ 10003950 f i aflock.obj
 0001:00002960       ?FValidateCover@CBaseMonster@@UAEHABVVector@@@Z 10003960 f i aflock.obj
 0001:00002980       ?CoverRadius@CBaseMonster@@UAEMXZ 10003980 f i aflock.obj
 0001:000029a0       ?CheckAmmo@CBaseMonster@@UAEXXZ 100039a0 f i aflock.obj
 0001:000029b0       ?HearingSensitivity@CBaseMonster@@UAEMXZ 100039b0 f i aflock.obj
 0001:000029d0       ?PrescheduleThink@CBaseMonster@@UAEXXZ 100039d0 f i aflock.obj
 0001:000029e0       ?BodyTarget@CBaseMonster@@UAE?AVVector@@ABV2@@Z 100039e0 f i aflock.obj
 0001:00002a50       ?IsMoving@CBaseMonster@@UAEHXZ 10003a50 f i aflock.obj
 0001:00002a70       ?DeathSound@CBaseMonster@@UAEXXZ 10003a70 f i aflock.obj
 0001:00002a80       ?AlertSound@CBaseMonster@@UAEXXZ 10003a80 f i aflock.obj
 0001:00002a90       ?IdleSound@CBaseMonster@@UAEXXZ 10003a90 f i aflock.obj
 0001:00002aa0       ?PainSound@CBaseMonster@@UAEXXZ 10003aa0 f i aflock.obj
 0001:00002ab0       ?StopFollowing@CBaseMonster@@UAEXH@Z 10003ab0 f i aflock.obj
 0001:00002ac0       _monster_alien_grunt       10003ac0 f   agrunt.obj
 0001:00002ad1       ?Save@CAGrunt@@UAEHAAVCSave@@@Z 10003ad1 f   agrunt.obj
 0001:00002b0a       ?Restore@CAGrunt@@UAEHAAVCRestore@@@Z 10003b0a f   agrunt.obj
 0001:00002b43       ?IRelationship@CAGrunt@@UAEHPAVCBaseEntity@@@Z 10003b43 f   agrunt.obj
 0001:00002b7b       ?ISoundMask@CAGrunt@@UAEHXZ 10003b7b f   agrunt.obj
 0001:00002b8b       ?TraceAttack@CAGrunt@@UAEXPAUentvars_s@@MVVector@@PAUTraceResult@@H@Z 10003b8b f   agrunt.obj
 0001:00002dbb       ?StopTalking@CAGrunt@@QAEXXZ 10003dbb f   agrunt.obj
 0001:00002e09       ?ShouldSpeak@CAGrunt@@QAEHXZ 10003e09 f   agrunt.obj
 0001:00002e6e       ?PrescheduleThink@CAGrunt@@UAEXXZ 10003e6e f   agrunt.obj
 0001:00002f47       ?DeathSound@CAGrunt@@UAEXXZ 10003f47 f   agrunt.obj
 0001:00002f93       ?AlertSound@CAGrunt@@UAEXXZ 10003f93 f   agrunt.obj
 0001:00002fdf       ?AttackSound@CAGrunt@@QAEXXZ 10003fdf f   agrunt.obj
 0001:0000302b       ?PainSound@CAGrunt@@UAEXXZ 1000402b f   agrunt.obj
 0001:000030a8       ?Classify@CAGrunt@@UAEHXZ  100040a8 f   agrunt.obj
 0001:000030b8       ?SetYawSpeed@CAGrunt@@UAEXXZ 100040b8 f   agrunt.obj
 0001:000030fe       ?HandleAnimEvent@CAGrunt@@UAEXPAUMonsterEvent_t@@@Z 100040fe f   agrunt.obj
 0001:0000392f       ?Spawn@CAGrunt@@UAEXXZ     1000492f f   agrunt.obj
 0001:00003aab       ?Precache@CAGrunt@@UAEXXZ  10004aab f   agrunt.obj
 0001:00003c36       ?ScheduleFromName@CAGrunt@@UAEPAUSchedule_t@@PBD@Z 10004c36 f   agrunt.obj
 0001:00003c72       ?FCanCheckAttacks@CAGrunt@@UAEHXZ 10004c72 f   agrunt.obj
 0001:00003c97       ?CheckMeleeAttack1@CAGrunt@@UAEHMM@Z 10004c97 f   agrunt.obj
 0001:00003ced       ?CheckRangeAttack1@CAGrunt@@UAEHMM@Z 10004ced f   agrunt.obj
 0001:00003e98       ?StartTask@CAGrunt@@UAEXPAUTask_t@@@Z 10004e98 f   agrunt.obj
 0001:000043cf       ?GetSchedule@CAGrunt@@UAEPAUSchedule_t@@XZ 100053cf f   agrunt.obj
 0001:0000453d       ?GetScheduleOfType@CAGrunt@@UAEPAUSchedule_t@@H@Z 1000553d f   agrunt.obj
 0001:00004620       ??BVector@@QAEPAMXZ        10005620 f i agrunt.obj
 0001:00004630       ?MESSAGE_BEGIN@@YAXHHPBMPAUedict_s@@@Z 10005630 f i agrunt.obj
 0001:00004650       ?HasConditions@CBaseMonster@@QAEHH@Z 10005650 f i agrunt.obj
 0001:00004680       ?TaskComplete@CBaseMonster@@QAEXXZ 10005680 f i agrunt.obj
 0001:000046b0       ?TaskFail@CBaseMonster@@QAEXXZ 100056b0 f i agrunt.obj
 0001:000046d0       ?SetConditions@CBaseMonster@@QAEXH@Z 100056d0 f i agrunt.obj
 0001:00004700       ?GetClassPtr@@YAPAVCAGrunt@@PAV1@@Z 10005700 f i agrunt.obj
 0001:00004790       ??0CAGrunt@@QAE@XZ         10005790 f i agrunt.obj
 0001:000047b0       ?MySquadMonsterPointer@CSquadMonster@@UAEPAV1@XZ 100057b0 f i agrunt.obj
 0001:000047c0       ?SetObjectCollisionBox@CAGrunt@@UAEXXZ 100057c0 f i agrunt.obj
 0001:00004860       ??0CSquadMonster@@QAE@XZ   10005860 f i agrunt.obj
 0001:00004880       _item_airtank              10005880 f   airtank.obj
 0001:00004891       ?Save@CAirtank@@EAEHAAVCSave@@@Z 10005891 f   airtank.obj
 0001:000048ca       ?Restore@CAirtank@@EAEHAAVCRestore@@@Z 100058ca f   airtank.obj
 0001:00004903       ?Spawn@CAirtank@@EAEXXZ    10005903 f   airtank.obj
 0001:00004a1a       ?Precache@CAirtank@@EAEXXZ 10005a1a f   airtank.obj
 0001:00004a41       ?Killed@CAirtank@@EAEXPAUentvars_s@@H@Z 10005a41 f   airtank.obj
 0001:00004aa2       ?TankThink@CAirtank@@AAEXXZ 10005aa2 f   airtank.obj
 0001:00004aca       ?TankTouch@CAirtank@@AAEXPAVCBaseEntity@@@Z 10005aca f   airtank.obj
 0001:00004bb0       ?GetClassPtr@@YAPAVCAirtank@@PAV1@@Z 10005bb0 f i airtank.obj
 0001:00004c40       ??0CAirtank@@QAE@XZ        10005c40 f i airtank.obj
 0001:00004c60       ?BloodColor@CAirtank@@EAEHXZ 10005c60 f i airtank.obj
 0001:00004c70       ??0CGrenade@@QAE@XZ        10005c70 f i airtank.obj
 0001:00004c90       ?BloodColor@CGrenade@@UAEHXZ 10005c90 f i airtank.obj
 0001:00004ca0       ?Save@CBaseAnimating@@UAEHAAVCSave@@@Z 10005ca0 f   animating.obj
 0001:00004cd9       ?Restore@CBaseAnimating@@UAEHAAVCRestore@@@Z 10005cd9 f   animating.obj
 0001:00004d12       ?StudioFrameAdvance@CBaseAnimating@@QAEMM@Z 10005d12 f   animating.obj
 0001:00004e9b       ?LookupActivity@CBaseAnimating@@QAEHH@Z 10005e9b f   animating.obj
 0001:00004edd       ?LookupActivityHeaviest@CBaseAnimating@@QAEHH@Z 10005edd f   animating.obj
 0001:00004f1f       ?LookupSequence@CBaseAnimating@@QAEHPBD@Z 10005f1f f   animating.obj
 0001:00004f5a       ?ResetSequenceInfo@CBaseAnimating@@QAEXXZ 10005f5a f   animating.obj
 0001:00004ff7       ?GetSequenceFlags@CBaseAnimating@@QAEHXZ 10005ff7 f   animating.obj
 0001:00005033       ?DispatchAnimEvents@CBaseAnimating@@QAEXM@Z 10006033 f   animating.obj
 0001:00005167       ?SetBoneController@CBaseAnimating@@QAEMHM@Z 10006167 f   animating.obj
 0001:000051ad       ?InitBoneControllers@CBaseAnimating@@QAEXXZ 100061ad f   animating.obj
 0001:0000523a       ?SetBlending@CBaseAnimating@@QAEMHM@Z 1000623a f   animating.obj
 0001:00005280       ?GetBonePosition@CBaseAnimating@@QAEXHAAVVector@@0@Z 10006280 f   animating.obj
 0001:000052bc       ?GetAttachment@CBaseAnimating@@QAEXHAAVVector@@0@Z 100062bc f   animating.obj
 0001:000052f8       ?FindTransition@CBaseAnimating@@QAEHHHPAH@Z 100062f8 f   animating.obj
 0001:0000536c       ?GetAutomovement@CBaseAnimating@@QAEXAAVVector@@0M@Z 1000636c f   animating.obj
 0001:00005379       ?SetBodygroup@CBaseAnimating@@QAEXHH@Z 10006379 f   animating.obj
 0001:000053b7       ?GetBodygroup@CBaseAnimating@@QAEHH@Z 100063b7 f   animating.obj
 0001:000053f1       ?ExtractBbox@CBaseAnimating@@QAEHHPAM0@Z 100063f1 f   animating.obj
 0001:0000542c       ?SetSequenceBox@CBaseAnimating@@QAEXXZ 1000642c f   animating.obj
 0001:000056e0       ?ExtractBbox@@YAHPAXHPAM1@Z 100066e0 f   animation.obj
 0001:00005793       ?LookupActivity@@YAHPAXPAUentvars_s@@H@Z 10006793 f   animation.obj
 0001:0000584d       ?LookupActivityHeaviest@@YAHPAXPAUentvars_s@@H@Z 1000684d f   animation.obj
 0001:000058ef       ?GetEyePosition@@YAXPAXPAM@Z 100068ef f   animation.obj
 0001:00005938       ?LookupSequence@@YAHPAXPBD@Z 10006938 f   animation.obj
 0001:000059aa       ?IsSoundEvent@@YAHH@Z      100069aa f   animation.obj
 0001:000059ca       ?SequencePrecache@@YAXPAXPBD@Z 100069ca f   animation.obj
 0001:00005b0f       ?GetSequenceInfo@@YAXPAXPAUentvars_s@@PAM2@Z 10006b0f f   animation.obj
 0001:00005c0c       ?GetSequenceFlags@@YAHPAXPAUentvars_s@@@Z 10006c0c f   animation.obj
 0001:00005c60       ?GetAnimationEvent@@YAHPAXPAUentvars_s@@PAUMonsterEvent_t@@MMH@Z 10006c60 f   animation.obj
 0001:00005e11       ?SetController@@YAMPAXPAUentvars_s@@HM@Z 10006e11 f   animation.obj
 0001:00006012       ?SetBlending@@YAMPAXPAUentvars_s@@HM@Z 10007012 f   animation.obj
 0001:000061eb       ?FindTransition@@YAHPAXHHPAH@Z 100071eb f   animation.obj
 0001:000063c5       ?SetBodygroup@@YAXPAXPAUentvars_s@@HH@Z 100073c5 f   animation.obj
 0001:00006455       ?GetBodygroup@@YAHPAXPAUentvars_s@@H@Z 10007455 f   animation.obj
 0001:000064d0       _monster_apache            100074d0 f   apache.obj
 0001:000064e1       ?Save@CApache@@EAEHAAVCSave@@@Z 100074e1 f   apache.obj
 0001:0000651a       ?Restore@CApache@@EAEHAAVCRestore@@@Z 1000751a f   apache.obj
 0001:00006553       ?Spawn@CApache@@EAEXXZ     10007553 f   apache.obj
 0001:000066e5       ?Precache@CApache@@EAEXXZ  100076e5 f   apache.obj
 0001:000067b2       ?NullThink@CApache@@AAEXXZ 100077b2 f   apache.obj
 0001:000067e7       ?StartupUse@CApache@@AAEXPAVCBaseEntity@@0W4USE_TYPE@@M@Z 100077e7 f   apache.obj
 0001:00006831       ?Killed@CApache@@EAEXPAUentvars_s@@H@Z 10007831 f   apache.obj
 0001:0000694f       ?DyingThink@CApache@@AAEXXZ 1000794f f   apache.obj
 0001:0000733f       ?FlyTouch@CApache@@AAEXPAVCBaseEntity@@@Z 1000833f f   apache.obj
 0001:000073d4       ?CrashTouch@CApache@@AAEXPAVCBaseEntity@@@Z 100083d4 f   apache.obj
 0001:0000741f       ?GibMonster@CApache@@EAEXXZ 1000841f f   apache.obj
 0001:0000742a       ?HuntThink@CApache@@AAEXXZ 1000842a f   apache.obj
 0001:00007d61       ?Flight@CApache@@AAEXXZ    10008d61 f   apache.obj
 0001:000086e1       ?FireRocket@CApache@@AAEXXZ 100096e1 f   apache.obj
 0001:00008a11       ?FireGun@CApache@@AAEHXZ   10009a11 f   apache.obj
 0001:00008e8f       ?ShowDamage@CApache@@AAEXXZ 10009e8f f   apache.obj
 0001:00008f99       ?TakeDamage@CApache@@EAEHPAUentvars_s@@0MH@Z 10009f99 f   apache.obj
 0001:00008fe7       ?TraceAttack@CApache@@EAEXPAUentvars_s@@MVVector@@PAUTraceResult@@H@Z 10009fe7 f   apache.obj
 0001:00009079       _hvr_rocket                1000a079 f   apache.obj
 0001:0000908a       ?Save@CApacheHVR@@EAEHAAVCSave@@@Z 1000a08a f   apache.obj
 0001:000090c3       ?Restore@CApacheHVR@@EAEHAAVCRestore@@@Z 1000a0c3 f   apache.obj
 0001:000090fc       ?Spawn@CApacheHVR@@EAEXXZ  1000a0fc f   apache.obj
 0001:0000921d       ?Precache@CApacheHVR@@EAEXXZ 1000a21d f   apache.obj
 0001:0000925b       ?IgniteThink@CApacheHVR@@AAEXXZ 1000a25b f   apache.obj
 0001:00009367       ?AccelerateThink@CApacheHVR@@AAEXXZ 1000a367 f   apache.obj
 0001:000094c0       ??0TraceResult@@QAE@ABU0@@Z 1000a4c0 f i apache.obj
 0001:00009560       ?DotProduct@@YAMABVVector@@0@Z 1000a560 f i apache.obj
 0001:00009590       ?FStringNull@@YAHH@Z       1000a590 f i apache.obj
 0001:000095a0       ?STOP_SOUND@@YAXPAUedict_s@@HPBD@Z 1000a5a0 f i apache.obj
 0001:000095d0       ??D@YA?AVVector@@MABV0@@Z  1000a5d0 f i apache.obj
 0001:00009600       ?entindex@CBaseEntity@@QAEHXZ 1000a600 f i apache.obj
 0001:00009620       ?ENTINDEX@@YAHPAUedict_s@@@Z 1000a620 f i apache.obj
 0001:00009640       ?GetClassPtr@@YAPAVCApache@@PAV1@@Z 1000a640 f i apache.obj
 0001:000096d0       ?GetClassPtr@@YAPAVCApacheHVR@@PAV1@@Z 1000a6d0 f i apache.obj
 0001:00009760       ??0CApache@@QAE@XZ         1000a760 f i apache.obj
 0001:000097e0       ?Classify@CApache@@EAEHXZ  1000a7e0 f i apache.obj
 0001:000097f0       ?BloodColor@CApache@@EAEHXZ 1000a7f0 f i apache.obj
 0001:00009800       ?SetObjectCollisionBox@CApache@@EAEXXZ 1000a800 f i apache.obj
 0001:000098a0       ??0CApacheHVR@@QAE@XZ      1000a8a0 f i apache.obj
 0001:000098d0       _monster_barnacle          1000a8d0 f   barnacle.obj
 0001:000098e1       ?Save@CBarnacle@@UAEHAAVCSave@@@Z 1000a8e1 f   barnacle.obj
 0001:0000991a       ?Restore@CBarnacle@@UAEHAAVCRestore@@@Z 1000a91a f   barnacle.obj
 0001:00009953       ?Classify@CBarnacle@@UAEHXZ 1000a953 f   barnacle.obj
 0001:00009963       ?HandleAnimEvent@CBarnacle@@UAEXPAUMonsterEvent_t@@@Z 1000a963 f   barnacle.obj
 0001:000099a3       ?Spawn@CBarnacle@@UAEXXZ   1000a9a3 f   barnacle.obj
 0001:00009b18       ?TakeDamage@CBarnacle@@UAEHPAUentvars_s@@0MH@Z 1000ab18 f   barnacle.obj
 0001:00009b58       ?BarnacleThink@CBarnacle@@QAEXXZ 1000ab58 f   barnacle.obj
 0001:0000a2b4       ?Killed@CBarnacle@@UAEXPAUentvars_s@@H@Z 1000b2b4 f   barnacle.obj
 0001:0000a3ed       ?WaitTillDead@CBarnacle@@QAEXXZ 1000b3ed f   barnacle.obj
 0001:0000a44d       ?Precache@CBarnacle@@UAEXXZ 1000b44d f   barnacle.obj
 0001:0000a4c8       ?TongueTouchEnt@CBarnacle@@QAEPAVCBaseEntity@@PAM@Z 1000b4c8 f   barnacle.obj
 0001:0000a6a0       ?GetClassPtr@@YAPAVCBarnacle@@PAV1@@Z 1000b6a0 f i barnacle.obj
 0001:0000a730       ??0CBarnacle@@QAE@XZ       1000b730 f i barnacle.obj
 0001:0000a750       ?StopAnimation@CBaseMonster@@QAEXXZ 1000b750 f i barnacle.obj
 0001:0000a770       _monster_barney            1000b770 f   barney.obj
 0001:0000a781       ?Save@CBarney@@UAEHAAVCSave@@@Z 1000b781 f   barney.obj
 0001:0000a7ba       ?Restore@CBarney@@UAEHAAVCRestore@@@Z 1000b7ba f   barney.obj
 0001:0000a7f3       ?ScheduleFromName@CBarney@@UAEPAUSchedule_t@@PBD@Z 1000b7f3 f   barney.obj
 0001:0000a82f       ?StartTask@CBarney@@UAEXPAUTask_t@@@Z 1000b82f f   barney.obj
 0001:0000a848       ?RunTask@CBarney@@UAEXPAUTask_t@@@Z 1000b848 f   barney.obj
 0001:0000a8c6       ?ISoundMask@CBarney@@UAEHXZ 1000b8c6 f   barney.obj
 0001:0000a8d6       ?Classify@CBarney@@UAEHXZ  1000b8d6 f   barney.obj
 0001:0000a8e6       ?AlertSound@CBarney@@UAEXXZ 1000b8e6 f   barney.obj
 0001:0000a942       ?SetYawSpeed@CBarney@@UAEXXZ 1000b942 f   barney.obj
 0001:0000a9a7       ?CheckRangeAttack1@CBarney@@UAEHMM@Z 1000b9a7 f   barney.obj
 0001:0000ab55       ?BarneyFirePistol@CBarney@@QAEXXZ 1000bb55 f   barney.obj
 0001:0000ace5       ?HandleAnimEvent@CBarney@@UAEXPAUMonsterEvent_t@@@Z 1000bce5 f   barney.obj
 0001:0000ad64       ?Spawn@CBarney@@UAEXXZ     1000bd64 f   barney.obj
 0001:0000ae9e       ?Precache@CBarney@@UAEXXZ  1000be9e f   barney.obj
 0001:0000af37       ?TalkInit@CBarney@@QAEXXZ  1000bf37 f   barney.obj
 0001:0000b041       ?TakeDamage@CBarney@@UAEHPAUentvars_s@@0MH@Z 1000c041 f   barney.obj
 0001:0000b287       ?PainSound@CBarney@@UAEXXZ 1000c287 f   barney.obj
 0001:0000b39b       ?DeathSound@CBarney@@UAEXXZ 1000c39b f   barney.obj
 0001:0000b46f       ?TraceAttack@CBarney@@UAEXPAUentvars_s@@MVVector@@PAUTraceResult@@H@Z 1000c46f f   barney.obj
 0001:0000b526       ?Killed@CBarney@@UAEXPAUentvars_s@@H@Z 1000c526 f   barney.obj
 0001:0000b5a8       ?GetScheduleOfType@CBarney@@UAEPAUSchedule_t@@H@Z 1000c5a8 f   barney.obj
 0001:0000b685       ?GetSchedule@CBarney@@UAEPAUSchedule_t@@XZ 1000c685 f   barney.obj
 0001:0000b8c8       ?GetIdealState@CBarney@@UAE?AW4MONSTERSTATE@@XZ 1000c8c8 f   barney.obj
 0001:0000b8db       ?DeclineFollowing@CBarney@@UAEXXZ 1000c8db f   barney.obj
 0001:0000b908       ?KeyValue@CDeadBarney@@UAEXPAUKeyValueData_s@@@Z 1000c908 f   barney.obj
 0001:0000b95d       _monster_barney_dead       1000c95d f   barney.obj
 0001:0000b96e       ?Spawn@CDeadBarney@@UAEXXZ 1000c96e f   barney.obj
 0001:0000ba50       ?UTIL_MakeVectorsPrivate@@YAXABVVector@@PAM11@Z 1000ca50 f i barney.obj
 0001:0000ba80       ??BVector@@QBEPBMXZ        1000ca80 f i barney.obj
 0001:0000ba90       ?Instance@CBaseEntity@@SAPAV1@PAUedict_s@@@Z 1000ca90 f i barney.obj
 0001:0000bac0       ?ENT@@YAPAUedict_s@@H@Z    1000cac0 f i barney.obj
 0001:0000bae0       ?IsFollowing@CTalkMonster@@QAEHXZ 1000cae0 f i barney.obj
 0001:0000bb40       ?Remember@CBaseMonster@@QAEXH@Z 1000cb40 f i barney.obj
 0001:0000bb70       ?GetClassPtr@@YAPAVCBarney@@PAV1@@Z 1000cb70 f i barney.obj
 0001:0000bc00       ?GetClassPtr@@YAPAVCDeadBarney@@PAV1@@Z 1000cc00 f i barney.obj
 0001:0000bc90       ??0CBarney@@QAE@XZ         1000cc90 f i barney.obj
 0001:0000bcb0       ?FriendNumber@CTalkMonster@@UAEHH@Z 1000ccb0 f i barney.obj
 0001:0000bcc0       ?ObjectCaps@CBarney@@UAEHXZ 1000ccc0 f i barney.obj
 0001:0000bce0       ??0CDeadBarney@@QAE@XZ     1000cce0 f i barney.obj
 0001:0000bd00       ?Classify@CDeadBarney@@UAEHXZ 1000cd00 f i barney.obj
 0001:0000bd10       ??0CTalkMonster@@QAE@XZ    1000cd10 f i barney.obj
 0001:0000bd30       ?DeclineFollowing@CTalkMonster@@UAEXXZ 1000cd30 f i barney.obj
 0001:0000bd40       _info_bigmomma             1000cd40 f   bigmomma.obj
 0001:0000bd51       ?Save@CInfoBM@@UAEHAAVCSave@@@Z 1000cd51 f   bigmomma.obj
 0001:0000bd8a       ?Restore@CInfoBM@@UAEHAAVCRestore@@@Z 1000cd8a f   bigmomma.obj
 0001:0000bdc3       ?Spawn@CInfoBM@@UAEXXZ     1000cdc3 f   bigmomma.obj
 0001:0000bdce       ?KeyValue@CInfoBM@@UAEXPAUKeyValueData_s@@@Z 1000cdce f   bigmomma.obj
 0001:0000bf30       _bmortar                   1000cf30 f   bigmomma.obj
 0001:0000bf41       ?Save@CBMortar@@UAEHAAVCSave@@@Z 1000cf41 f   bigmomma.obj
 0001:0000bf7a       ?Restore@CBMortar@@UAEHAAVCRestore@@@Z 1000cf7a f   bigmomma.obj
 0001:0000bfb3       _monster_bigmomma          1000cfb3 f   bigmomma.obj
 0001:0000bfc4       ?Save@CBigMomma@@UAEHAAVCSave@@@Z 1000cfc4 f   bigmomma.obj
 0001:0000bffd       ?Restore@CBigMomma@@UAEHAAVCRestore@@@Z 1000cffd f   bigmomma.obj
 0001:0000c036       ?KeyValue@CBigMomma@@UAEXPAUKeyValueData_s@@@Z 1000d036 f   bigmomma.obj
 0001:0000c04f       ?Classify@CBigMomma@@UAEHXZ 1000d04f f   bigmomma.obj
 0001:0000c05f       ?SetYawSpeed@CBigMomma@@UAEXXZ 1000d05f f   bigmomma.obj
 0001:0000c09f       ?HandleAnimEvent@CBigMomma@@UAEXPAUMonsterEvent_t@@@Z 1000d09f f   bigmomma.obj
 0001:0000c90c       ?TraceAttack@CBigMomma@@UAEXPAUentvars_s@@MVVector@@PAUTraceResult@@H@Z 1000d90c f   bigmomma.obj
 0001:0000ca3f       ?TakeDamage@CBigMomma@@UAEHPAUentvars_s@@0MH@Z 1000da3f f   bigmomma.obj
 0001:0000cacd       ?LayHeadcrab@CBigMomma@@QAEXXZ 1000dacd f   bigmomma.obj
 0001:0000cc4e       ?DeathNotice@CBigMomma@@UAEXPAUentvars_s@@@Z 1000dc4e f   bigmomma.obj
 0001:0000ccd7       ?LaunchMortar@CBigMomma@@QAEXXZ 1000dcd7 f   bigmomma.obj
 0001:0000cdd7       ?Spawn@CBigMomma@@UAEXXZ   1000ddd7 f   bigmomma.obj
 0001:0000cee3       ?Precache@CBigMomma@@UAEXXZ 1000dee3 f   bigmomma.obj
 0001:0000d107       ?Activate@CBigMomma@@UAEXXZ 1000e107 f   bigmomma.obj
 0001:0000d131       ?NodeStart@CBigMomma@@QAEXH@Z 1000e131 f   bigmomma.obj
 0001:0000d1e8       ?NodeReach@CBigMomma@@QAEXXZ 1000e1e8 f   bigmomma.obj
 0001:0000d305       ?CheckMeleeAttack1@CBigMomma@@UAEHMM@Z 1000e305 f   bigmomma.obj
 0001:0000d33b       ?CheckMeleeAttack2@CBigMomma@@UAEHMM@Z 1000e33b f   bigmomma.obj
 0001:0000d350       ?CheckRangeAttack1@CBigMomma@@UAEHMM@Z 1000e350 f   bigmomma.obj
 0001:0000d455       ?ScheduleFromName@CBigMomma@@UAEPAUSchedule_t@@PBD@Z 1000e455 f   bigmomma.obj
 0001:0000d491       ?GetScheduleOfType@CBigMomma@@UAEPAUSchedule_t@@H@Z 1000e491 f   bigmomma.obj
 0001:0000d4ce       ?ShouldGoToNode@CBigMomma@@QAEHXZ 1000e4ce f   bigmomma.obj
 0001:0000d50b       ?GetSchedule@CBigMomma@@UAEPAUSchedule_t@@XZ 1000e50b f   bigmomma.obj
 0001:0000d53c       ?StartTask@CBigMomma@@UAEXPAUTask_t@@@Z 1000e53c f   bigmomma.obj
 0001:0000d9b8       ?RunTask@CBigMomma@@UAEXPAUTask_t@@@Z 1000e9b8 f   bigmomma.obj
 0001:0000db18       ?VecCheckSplatToss@@YA?AVVector@@PAUentvars_s@@ABV1@V1@M@Z 1000eb18 f   bigmomma.obj
 0001:0000dd06       ?MortarSpray@@YAXABVVector@@0HH@Z 1000ed06 f   bigmomma.obj
 0001:0000ddc4       ?Spawn@CBMortar@@UAEXXZ    1000edc4 f   bigmomma.obj
 0001:0000dede       ?Animate@CBMortar@@QAEXXZ  1000eede f   bigmomma.obj
 0001:0000dfd6       ?Shoot@CBMortar@@SAPAV1@PAUedict_s@@VVector@@1@Z 1000efd6 f   bigmomma.obj
 0001:0000e06c       ?Touch@CBMortar@@UAEXPAVCBaseEntity@@@Z 1000f06c f   bigmomma.obj
 0001:0000e2a0       ?FIND_ENTITY_BY_TARGETNAME@@YAPAUedict_s@@PAU1@PBD@Z 1000f2a0 f i bigmomma.obj
 0001:0000e2c0       ?CanLayCrab@CBigMomma@@QAEHXZ 1000f2c0 f i bigmomma.obj
 0001:0000e3b0       ?GetNodeSequence@CBigMomma@@QAEHXZ 1000f3b0 f i bigmomma.obj
 0001:0000e3f0       ?GetNodePresequence@CBigMomma@@QAEHXZ 1000f3f0 f i bigmomma.obj
 0001:0000e420       ?GetNodeDelay@CBigMomma@@QAEMXZ 1000f420 f i bigmomma.obj
 0001:0000e460       ?GetNodeRange@CBigMomma@@QAEMXZ 1000f460 f i bigmomma.obj
 0001:0000e4a0       ?GetNodeYaw@CBigMomma@@QAEMXZ 1000f4a0 f i bigmomma.obj
 0001:0000e4f0       ?Length2D@Vector@@QBEMXZ   1000f4f0 f i bigmomma.obj
 0001:0000e530       ?MovementIsComplete@CBaseMonster@@QAEHXZ 1000f530 f i bigmomma.obj
 0001:0000e550       ??GVector@@QBE?AV0@XZ      1000f550 f i bigmomma.obj
 0001:0000e5a0       ?Forget@CBaseMonster@@QAEXH@Z 1000f5a0 f i bigmomma.obj
 0001:0000e5d0       ?HasMemory@CBaseMonster@@QAEHH@Z 1000f5d0 f i bigmomma.obj
 0001:0000e600       ?GetClassPtr@@YAPAVCInfoBM@@PAV1@@Z 1000f600 f i bigmomma.obj
 0001:0000e690       ?GetClassPtr@@YAPAVCBMortar@@PAV1@@Z 1000f690 f i bigmomma.obj
 0001:0000e720       ?GetClassPtr@@YAPAVCBigMomma@@PAV1@@Z 1000f720 f i bigmomma.obj
 0001:0000e7b0       ??0CInfoBM@@QAE@XZ         1000f7b0 f i bigmomma.obj
 0001:0000e7d0       ?ObjectCaps@CPointEntity@@UAEHXZ 1000f7d0 f i bigmomma.obj
 0001:0000e7f0       ??0CBMortar@@QAE@XZ        1000f7f0 f i bigmomma.obj
 0001:0000e810       ??0CBigMomma@@QAE@XZ       1000f810 f i bigmomma.obj
 0001:0000e830       ?OverrideReset@CBigMomma@@UAEXXZ 1000f830 f i bigmomma.obj
 0001:0000e850       ?SetObjectCollisionBox@CBigMomma@@UAEXXZ 1000f850 f i bigmomma.obj
 0001:0000e8f0       ??0CPointEntity@@QAE@XZ    1000f8f0 f i bigmomma.obj
 0001:0000e910       _monster_bloater           1000f910 f   bloater.obj
 0001:0000e921       ?Classify@CBloater@@UAEHXZ 1000f921 f   bloater.obj
 0001:0000e931       ?SetYawSpeed@CBloater@@UAEXXZ 1000f931 f   bloater.obj
 0001:0000e954       ?TakeDamage@CBloater@@UAEHPAUentvars_s@@0MH@Z 1000f954 f   bloater.obj
 0001:0000e987       ?PainSound@CBloater@@UAEXXZ 1000f987 f   bloater.obj
 0001:0000e992       ?AlertSound@CBloater@@UAEXXZ 1000f992 f   bloater.obj
 0001:0000e99d       ?IdleSound@CBloater@@UAEXXZ 1000f99d f   bloater.obj
 0001:0000e9a8       ?AttackSnd@CBloater@@QAEXXZ 1000f9a8 f   bloater.obj
 0001:0000e9b3       ?HandleAnimEvent@CBloater@@UAEXPAUMonsterEvent_t@@@Z 1000f9b3 f   bloater.obj
 0001:0000e9e8       ?Spawn@CBloater@@UAEXXZ    1000f9e8 f   bloater.obj
 0001:0000eb07       ?Precache@CBloater@@UAEXXZ 1000fb07 f   bloater.obj
 0001:0000eb20       ?GetClassPtr@@YAPAVCBloater@@PAV1@@Z 1000fb20 f i bloater.obj
 0001:0000ebb0       ??0CBloater@@QAE@XZ        1000fbb0 f i bloater.obj
 0001:0000ebd0       ?CheckRangeAttack1@CBloater@@UAEHMM@Z 1000fbd0 f i bloater.obj
 0001:0000ebe0       ?CheckRangeAttack2@CBloater@@UAEHMM@Z 1000fbe0 f i bloater.obj
 0001:0000ebf0       ?VecBModelOrigin@@YA?AVVector@@PAUentvars_s@@@Z 1000fbf0 f   bmodels.obj
 0001:0000ec30       _func_wall                 1000fc30 f   bmodels.obj
 0001:0000ec41       ?Spawn@CFuncWall@@UAEXXZ   1000fc41 f   bmodels.obj
 0001:0000ecdc       ?Use@CFuncWall@@UAEXPAVCBaseEntity@@0W4USE_TYPE@@M@Z 1000fcdc f   bmodels.obj
 0001:0000ed29       _func_wall_toggle          1000fd29 f   bmodels.obj
 0001:0000ed3a       ?Spawn@CFuncWallToggle@@UAEXXZ 1000fd3a f   bmodels.obj
 0001:0000ed68       ?TurnOff@CFuncWallToggle@@QAEXXZ 1000fd68 f   bmodels.obj
 0001:0000edb7       ?TurnOn@CFuncWallToggle@@QAEXXZ 1000fdb7 f   bmodels.obj
 0001:0000ee06       ?IsOn@CFuncWallToggle@@QAEHXZ 1000fe06 f   bmodels.obj
 0001:0000ee29       ?Use@CFuncWallToggle@@UAEXPAVCBaseEntity@@0W4USE_TYPE@@M@Z 1000fe29 f   bmodels.obj
 0001:0000ee6f       _func_conveyor             1000fe6f f   bmodels.obj
 0001:0000ee80       ?Spawn@CFuncConveyor@@UAEXXZ 1000fe80 f   bmodels.obj
 0001:0000ef41       ?UpdateSpeed@CFuncConveyor@@QAEXM@Z 1000ff41 f   bmodels.obj
 0001:0000efd4       ?Use@CFuncConveyor@@UAEXPAVCBaseEntity@@0W4USE_TYPE@@M@Z 1000ffd4 f   bmodels.obj
 0001:0000f010       _func_illusionary          10010010 f   bmodels.obj
 0001:0000f021       ?KeyValue@CFuncIllusionary@@UAEXPAUKeyValueData_s@@@Z 10010021 f   bmodels.obj
 0001:0000f07e       ?Spawn@CFuncIllusionary@@UAEXXZ 1001007e f   bmodels.obj
 0001:0000f0fc       _func_monsterclip          100100fc f   bmodels.obj
 0001:0000f10d       ?Spawn@CFuncMonsterClip@@UAEXXZ 1001010d f   bmodels.obj
 0001:0000f169       ?Save@CFuncRotating@@UAEHAAVCSave@@@Z 10010169 f   bmodels.obj
 0001:0000f1a2       ?Restore@CFuncRotating@@UAEHAAVCRestore@@@Z 100101a2 f   bmodels.obj
 0001:0000f1db       _func_rotating             100101db f   bmodels.obj
 0001:0000f1ec       ?KeyValue@CFuncRotating@@UAEXPAUKeyValueData_s@@@Z 100101ec f   bmodels.obj
 0001:0000f363       ?Spawn@CFuncRotating@@UAEXXZ 10010363 f   bmodels.obj
 0001:0000f655       ?Precache@CFuncRotating@@UAEXXZ 10010655 f   bmodels.obj
 0001:0000f896       ?HurtTouch@CFuncRotating@@QAEXPAVCBaseEntity@@@Z 10010896 f   bmodels.obj
 0001:0000f96d       ?RampPitchVol@CFuncRotating@@QAEXH@Z 1001096d f   bmodels.obj
 0001:0000faef       ?SpinUp@CFuncRotating@@QAEXXZ 10010aef f   bmodels.obj
 0001:0000fced       ?SpinDown@CFuncRotating@@QAEXXZ 10010ced f   bmodels.obj
 0001:0000fef5       ?Rotate@CFuncRotating@@QAEXXZ 10010ef5 f   bmodels.obj
 0001:0000ff1e       ?RotatingUse@CFuncRotating@@QAEXPAVCBaseEntity@@0W4USE_TYPE@@M@Z 10010f1e f   bmodels.obj
 0001:000100e8       ?Blocked@CFuncRotating@@UAEXPAVCBaseEntity@@@Z 100110e8 f   bmodels.obj
 0001:0001011d       _func_pendulum             1001111d f   bmodels.obj
 0001:0001012e       ?Save@CPendulum@@UAEHAAVCSave@@@Z 1001112e f   bmodels.obj
 0001:00010167       ?Restore@CPendulum@@UAEHAAVCRestore@@@Z 10011167 f   bmodels.obj
 0001:000101a0       ?KeyValue@CPendulum@@UAEXPAUKeyValueData_s@@@Z 100111a0 f   bmodels.obj
 0001:00010231       ?Spawn@CPendulum@@UAEXXZ   10011231 f   bmodels.obj
 0001:0001044c       ?PendulumUse@CPendulum@@QAEXPAVCBaseEntity@@0W4USE_TYPE@@M@Z 1001144c f   bmodels.obj
 0001:0001059c       ?Stop@CPendulum@@QAEXXZ    1001159c f   bmodels.obj
 0001:00010601       ?Blocked@CPendulum@@UAEXPAVCBaseEntity@@@Z 10011601 f   bmodels.obj
 0001:0001061c       ?Swing@CPendulum@@QAEXXZ   1001161c f   bmodels.obj
 0001:0001088d       ?Touch@CPendulum@@UAEXPAVCBaseEntity@@@Z 1001188d f   bmodels.obj
 0001:00010989       ?RopeTouch@CPendulum@@QAEXPAVCBaseEntity@@@Z 10011989 f   bmodels.obj
 0001:00010a20       ?GetClassPtr@@YAPAVCFuncWall@@PAV1@@Z 10011a20 f i bmodels.obj
 0001:00010ab0       ?GetClassPtr@@YAPAVCFuncWallToggle@@PAV1@@Z 10011ab0 f i bmodels.obj
 0001:00010b40       ?GetClassPtr@@YAPAVCFuncConveyor@@PAV1@@Z 10011b40 f i bmodels.obj
 0001:00010bd0       ?GetClassPtr@@YAPAVCFuncIllusionary@@PAV1@@Z 10011bd0 f i bmodels.obj
 0001:00010c60       ?GetClassPtr@@YAPAVCFuncMonsterClip@@PAV1@@Z 10011c60 f i bmodels.obj
 0001:00010cf0       ?GetClassPtr@@YAPAVCFuncRotating@@PAV1@@Z 10011cf0 f i bmodels.obj
 0001:00010d80       ?GetClassPtr@@YAPAVCPendulum@@PAV1@@Z 10011d80 f i bmodels.obj
 0001:00010e10       ??0CFuncWall@@QAE@XZ       10011e10 f i bmodels.obj
 0001:00010e30       ?ObjectCaps@CFuncWall@@UAEHXZ 10011e30 f i bmodels.obj
 0001:00010e50       ??0CFuncWallToggle@@QAE@XZ 10011e50 f i bmodels.obj
 0001:00010e70       ??0CFuncConveyor@@QAE@XZ   10011e70 f i bmodels.obj
 0001:00010e90       ??0CFuncIllusionary@@QAE@XZ 10011e90 f i bmodels.obj
 0001:00010eb0       ?ObjectCaps@CFuncIllusionary@@UAEHXZ 10011eb0 f i bmodels.obj
 0001:00010ed0       ??0CFuncMonsterClip@@QAE@XZ 10011ed0 f i bmodels.obj
 0001:00010ef0       ?Use@CFuncMonsterClip@@UAEXPAVCBaseEntity@@0W4USE_TYPE@@M@Z 10011ef0 f i bmodels.obj
 0001:00010f00       ??0CFuncRotating@@QAE@XZ   10011f00 f i bmodels.obj
 0001:00010f20       ?ObjectCaps@CFuncRotating@@UAEHXZ 10011f20 f i bmodels.obj
 0001:00010f40       ??0CPendulum@@QAE@XZ       10011f40 f i bmodels.obj
 0001:00010f80       ?ObjectCaps@CPendulum@@UAEHXZ 10011f80 f i bmodels.obj
 0001:00010fa0       _squidspit                 10011fa0 f   bullsquid.obj
 0001:00010fb1       ?Save@CSquidSpit@@UAEHAAVCSave@@@Z 10011fb1 f   bullsquid.obj
 0001:00010fea       ?Restore@CSquidSpit@@UAEHAAVCRestore@@@Z 10011fea f   bullsquid.obj
 0001:00011023       ?Spawn@CSquidSpit@@UAEXXZ  10012023 f   bullsquid.obj
 0001:00011121       ?Animate@CSquidSpit@@QAEXXZ 10012121 f   bullsquid.obj
 0001:000111aa       ?Shoot@CSquidSpit@@SAXPAUentvars_s@@VVector@@1@Z 100121aa f   bullsquid.obj
 0001:00011237       ?Touch@CSquidSpit@@UAEXPAVCBaseEntity@@@Z 10012237 f   bullsquid.obj
 0001:0001148a       _monster_bullchicken       1001248a f   bullsquid.obj
 0001:0001149b       ?Save@CBullsquid@@UAEHAAVCSave@@@Z 1001249b f   bullsquid.obj
 0001:000114d4       ?Restore@CBullsquid@@UAEHAAVCRestore@@@Z 100124d4 f   bullsquid.obj
 0001:0001150d       ?IgnoreConditions@CBullsquid@@UAEHXZ 1001250d f   bullsquid.obj
 0001:00011588       ?IRelationship@CBullsquid@@UAEHPAVCBaseEntity@@@Z 10012588 f   bullsquid.obj
 0001:000115da       ?TakeDamage@CBullsquid@@UAEHPAUentvars_s@@0MH@Z 100125da f   bullsquid.obj
 0001:0001177d       ?CheckRangeAttack1@CBullsquid@@UAEHMM@Z 1001277d f   bullsquid.obj
 0001:0001189e       ?CheckMeleeAttack1@CBullsquid@@UAEHMM@Z 1001289e f   bullsquid.obj
 0001:000118f8       ?CheckMeleeAttack2@CBullsquid@@UAEHMM@Z 100128f8 f   bullsquid.obj
 0001:0001193f       ?FValidateHintType@CBullsquid@@UAEHF@Z 1001293f f   bullsquid.obj
 0001:00011994       ?ISoundMask@CBullsquid@@UAEHXZ 10012994 f   bullsquid.obj
 0001:000119a4       ?Classify@CBullsquid@@UAEHXZ 100129a4 f   bullsquid.obj
 0001:000119b4       ?IdleSound@CBullsquid@@UAEXXZ 100129b4 f   bullsquid.obj
 0001:00011ad1       ?PainSound@CBullsquid@@UAEXXZ 10012ad1 f   bullsquid.obj
 0001:00011be7       ?AlertSound@CBullsquid@@UAEXXZ 10012be7 f   bullsquid.obj
 0001:00011c88       ?SetYawSpeed@CBullsquid@@UAEXXZ 10012c88 f   bullsquid.obj
 0001:00011d33       ?HandleAnimEvent@CBullsquid@@UAEXPAUMonsterEvent_t@@@Z 10012d33 f   bullsquid.obj
 0001:000123ca       ?Spawn@CBullsquid@@UAEXXZ  100133ca f   bullsquid.obj
 0001:000124d0       ?Precache@CBullsquid@@UAEXXZ 100134d0 f   bullsquid.obj
 0001:0001264c       ?DeathSound@CBullsquid@@UAEXXZ 1001364c f   bullsquid.obj
 0001:000126fc       ?AttackSound@CBullsquid@@QAEXXZ 100136fc f   bullsquid.obj
 0001:0001277b       ?RunAI@CBullsquid@@UAEXXZ  1001377b f   bullsquid.obj
 0001:00012839       ?ScheduleFromName@CBullsquid@@UAEPAUSchedule_t@@PBD@Z 10013839 f   bullsquid.obj
 0001:00012875       ?GetSchedule@CBullsquid@@UAEPAUSchedule_t@@XZ 10013875 f   bullsquid.obj
 0001:00012b18       ?GetScheduleOfType@CBullsquid@@UAEPAUSchedule_t@@H@Z 10013b18 f   bullsquid.obj
 0001:00012bd0       ?StartTask@CBullsquid@@UAEXPAUTask_t@@@Z 10013bd0 f   bullsquid.obj
 0001:00012d5b       ?RunTask@CBullsquid@@UAEXPAUTask_t@@@Z 10013d5b f   bullsquid.obj
 0001:00012ddc       ?GetIdealState@CBullsquid@@UAE?AW4MONSTERSTATE@@XZ 10013ddc f   bullsquid.obj
 0001:00012e90       ?GetClassPtr@@YAPAVCSquidSpit@@PAV1@@Z 10013e90 f i bullsquid.obj
 0001:00012f20       ?GetClassPtr@@YAPAVCBullsquid@@PAV1@@Z 10013f20 f i bullsquid.obj
 0001:00012fb0       ??0CSquidSpit@@QAE@XZ      10013fb0 f i bullsquid.obj
 0001:00012fd0       ??0CBullsquid@@QAE@XZ      10013fd0 f i bullsquid.obj
 0001:00012ff0       ?Save@CEnvGlobal@@UAEHAAVCSave@@@Z 10013ff0 f   buttons.obj
 0001:00013029       ?Restore@CEnvGlobal@@UAEHAAVCRestore@@@Z 10014029 f   buttons.obj
 0001:00013062       _env_global                10014062 f   buttons.obj
 0001:00013073       ?KeyValue@CEnvGlobal@@UAEXPAUKeyValueData_s@@@Z 10014073 f   buttons.obj
 0001:00013124       ?Spawn@CEnvGlobal@@UAEXXZ  10014124 f   buttons.obj
 0001:0001319d       ?Use@CEnvGlobal@@UAEXPAVCBaseEntity@@0W4USE_TYPE@@M@Z 1001419d f   buttons.obj
 0001:00013267       ?Save@CMultiSource@@UAEHAAVCSave@@@Z 10014267 f   buttons.obj
 0001:000132a0       ?Restore@CMultiSource@@UAEHAAVCRestore@@@Z 100142a0 f   buttons.obj
 0001:000132d9       _multisource               100142d9 f   buttons.obj
 0001:000132ea       ?KeyValue@CMultiSource@@UAEXPAUKeyValueData_s@@@Z 100142ea f   buttons.obj
 0001:000133dc       ?Spawn@CMultiSource@@UAEXXZ 100143dc f   buttons.obj
 0001:0001344a       ?Use@CMultiSource@@UAEXPAVCBaseEntity@@0W4USE_TYPE@@M@Z 1001444a f   buttons.obj
 0001:0001355a       ?IsTriggered@CMultiSource@@UAEHPAVCBaseEntity@@@Z 1001455a f   buttons.obj
 0001:000135ee       ?Register@CMultiSource@@QAEXXZ 100145ee f   buttons.obj
 0001:000137d4       ?Save@CBaseButton@@UAEHAAVCSave@@@Z 100147d4 f   buttons.obj
 0001:0001380d       ?Restore@CBaseButton@@UAEHAAVCRestore@@@Z 1001480d f   buttons.obj
 0001:00013846       ?Precache@CBaseButton@@UAEXXZ 10014846 f   buttons.obj
 0001:00013be9       ?KeyValue@CBaseButton@@UAEXPAUKeyValueData_s@@@Z 10014be9 f   buttons.obj
 0001:00013d8b       ?TakeDamage@CBaseButton@@UAEHPAUentvars_s@@0MH@Z 10014d8b f   buttons.obj
 0001:00013e75       _func_button               10014e75 f   buttons.obj
 0001:00013e86       ?Spawn@CBaseButton@@UAEXXZ 10014e86 f   buttons.obj
 0001:000141dc       ?ButtonSound@@YAPADH@Z     100151dc f   buttons.obj
 0001:00014338       ?DoSpark@@YAXPAUentvars_s@@ABVVector@@@Z 10015338 f   buttons.obj
 0001:000144cf       ?ButtonSpark@CBaseButton@@QAEXXZ 100154cf f   buttons.obj
 0001:00014535       ?ButtonUse@CBaseButton@@QAEXPAVCBaseEntity@@0W4USE_TYPE@@M@Z 10015535 f   buttons.obj
 0001:000145e2       ?ButtonResponseToTouch@CBaseButton@@QAE?AW4BUTTON_CODE@1@XZ 100155e2 f   buttons.obj
 0001:00014665       ?ButtonTouch@CBaseButton@@QAEXPAVCBaseEntity@@@Z 10015665 f   buttons.obj
 0001:0001476a       ?ButtonActivate@CBaseButton@@QAEXXZ 1001576a f   buttons.obj
 0001:0001488e       ?TriggerAndWait@CBaseButton@@QAEXXZ 1001588e f   buttons.obj
 0001:0001496c       ?ButtonReturn@CBaseButton@@QAEXXZ 1001596c f   buttons.obj
 0001:00014a01       ?ButtonBackHome@CBaseButton@@QAEXXZ 10015a01 f   buttons.obj
 0001:00014b5e       _func_rot_button           10015b5e f   buttons.obj
 0001:00014b6f       ?Spawn@CRotButton@@UAEXXZ  10015b6f f   buttons.obj
 0001:00014dd1       ?Save@CMomentaryRotButton@@UAEHAAVCSave@@@Z 10015dd1 f   buttons.obj
 0001:00014e0a       ?Restore@CMomentaryRotButton@@UAEHAAVCRestore@@@Z 10015e0a f   buttons.obj
 0001:00014e43       _momentary_rot_button      10015e43 f   buttons.obj
 0001:00014e54       ?Spawn@CMomentaryRotButton@@UAEXXZ 10015e54 f   buttons.obj
 0001:0001507f       ?KeyValue@CMomentaryRotButton@@UAEXPAUKeyValueData_s@@@Z 1001607f f   buttons.obj
 0001:00015110       ?PlaySound@CMomentaryRotButton@@QAEXXZ 10016110 f   buttons.obj
 0001:00015158       ?Use@CMomentaryRotButton@@UAEXPAVCBaseEntity@@0W4USE_TYPE@@M@Z 10016158 f   buttons.obj
 0001:000151cb       ?UpdateAllButtons@CMomentaryRotButton@@QAEXMH@Z 100161cb f   buttons.obj
 0001:00015279       ?UpdateSelf@CMomentaryRotButton@@QAEXM@Z 10016279 f   buttons.obj
 0001:0001546c       ?UpdateTarget@CMomentaryRotButton@@QAEXM@Z 1001646c f   buttons.obj
 0001:00015508       ?Off@CMomentaryRotButton@@QAEXXZ 10016508 f   buttons.obj
 0001:000155b1       ?Return@CMomentaryRotButton@@QAEXXZ 100165b1 f   buttons.obj
 0001:00015619       ?UpdateSelfReturn@CMomentaryRotButton@@QAEXM@Z 10016619 f   buttons.obj
 0001:000156f6       ?Save@CEnvSpark@@UAEHAAVCSave@@@Z 100166f6 f   buttons.obj
 0001:0001572f       ?Restore@CEnvSpark@@UAEHAAVCRestore@@@Z 1001672f f   buttons.obj
 0001:00015768       _env_spark                 10016768 f   buttons.obj
 0001:00015779       _env_debris                10016779 f   buttons.obj
 0001:0001578a       ?Spawn@CEnvSpark@@UAEXXZ   1001678a f   buttons.obj
 0001:00015857       ?Precache@CEnvSpark@@UAEXXZ 10016857 f   buttons.obj
 0001:000158b6       ?KeyValue@CEnvSpark@@UAEXPAUKeyValueData_s@@@Z 100168b6 f   buttons.obj
 0001:000159a7       ?SparkThink@CEnvSpark@@QAEXXZ 100169a7 f   buttons.obj
 0001:00015a01       ?SparkStart@CEnvSpark@@QAEXPAVCBaseEntity@@0W4USE_TYPE@@M@Z 10016a01 f   buttons.obj
 0001:00015a59       ?SparkStop@CEnvSpark@@QAEXPAVCBaseEntity@@0W4USE_TYPE@@M@Z 10016a59 f   buttons.obj
 0001:00015a7a       _button_target             10016a7a f   buttons.obj
 0001:00015a8b       ?Spawn@CButtonTarget@@UAEXXZ 10016a8b f   buttons.obj
 0001:00015b1a       ?Use@CButtonTarget@@UAEXPAVCBaseEntity@@0W4USE_TYPE@@M@Z 10016b1a f   buttons.obj
 0001:00015ba4       ?ObjectCaps@CButtonTarget@@UAEHXZ 10016ba4 f   buttons.obj
 0001:00015bdb       ?TakeDamage@CButtonTarget@@UAEHPAUentvars_s@@0MH@Z 10016bdb f   buttons.obj
 0001:00015c10       ?EntityInTable@CGlobalState@@QAEHH@Z 10016c10 f i buttons.obj
 0001:00015c30       ?Instance@CBaseEntity@@SAPAV1@PAUentvars_s@@@Z 10016c30 f i buttons.obj
 0001:00015c50       ?Instance@CMomentaryRotButton@@SAPAV1@PAUedict_s@@@Z 10016c50 f i buttons.obj
 0001:00015c70       ?GetClassPtr@@YAPAVCEnvGlobal@@PAV1@@Z 10016c70 f i buttons.obj
 0001:00015d00       ?GetClassPtr@@YAPAVCMultiSource@@PAV1@@Z 10016d00 f i buttons.obj
 0001:00015d90       ?GetClassPtr@@YAPAVCBaseButton@@PAV1@@Z 10016d90 f i buttons.obj
 0001:00015e20       ?GetClassPtr@@YAPAVCRotButton@@PAV1@@Z 10016e20 f i buttons.obj
 0001:00015eb0       ?GetClassPtr@@YAPAVCMomentaryRotButton@@PAV1@@Z 10016eb0 f i buttons.obj
 0001:00015f40       ?GetClassPtr@@YAPAVCEnvSpark@@PAV1@@Z 10016f40 f i buttons.obj
 0001:00015fd0       ?GetClassPtr@@YAPAVCButtonTarget@@PAV1@@Z 10016fd0 f i buttons.obj
 0001:00016060       ??0CEnvGlobal@@QAE@XZ      10017060 f i buttons.obj
 0001:00016080       ??0CMultiSource@@QAE@XZ    10017080 f i buttons.obj
 0001:000160a0       ?ObjectCaps@CMultiSource@@UAEHXZ 100170a0 f i buttons.obj
 0001:000160c0       ??0CBaseButton@@QAE@XZ     100170c0 f i buttons.obj
 0001:000160e0       ?ObjectCaps@CBaseButton@@UAEHXZ 100170e0 f i buttons.obj
 0001:00016130       ??0CRotButton@@QAE@XZ      10017130 f i buttons.obj
 0001:00016150       ??0CMomentaryRotButton@@QAE@XZ 10017150 f i buttons.obj
 0001:00016190       ?ObjectCaps@CMomentaryRotButton@@UAEHXZ 10017190 f i buttons.obj
 0001:000161d0       ??0CEnvSpark@@QAE@XZ       100171d0 f i buttons.obj
 0001:000161f0       ??0CButtonTarget@@QAE@XZ   100171f0 f i buttons.obj
 0001:00016210       _GetEntityAPI              10017210 f   cbase.obj
 0001:00016243       _GetEntityAPI2             10017243 f   cbase.obj
 0001:00016281       ?DispatchSpawn@@YAHPAUedict_s@@@Z 10017281 f   cbase.obj
 0001:0001642c       ?DispatchKeyValue@@YAXPAUedict_s@@PAUKeyValueData_s@@@Z 1001742c f   cbase.obj
 0001:00016494       ?DispatchTouch@@YAXPAUedict_s@@0@Z 10017494 f   cbase.obj
 0001:00016506       ?DispatchUse@@YAXPAUedict_s@@0@Z 10017506 f   cbase.obj
 0001:00016564       ?DispatchThink@@YAXPAUedict_s@@@Z 10017564 f   cbase.obj
 0001:000165c8       ?DispatchBlocked@@YAXPAUedict_s@@0@Z 100175c8 f   cbase.obj
 0001:00016608       ?DispatchSave@@YAXPAUedict_s@@PAUsaverestore_s@@@Z 10017608 f   cbase.obj
 0001:00016725       ?FindGlobalEntity@@YAPAVCBaseEntity@@HH@Z 10017725 f   cbase.obj
 0001:000167c6       ?DispatchRestore@@YAHPAUedict_s@@PAUsaverestore_s@@H@Z 100177c6 f   cbase.obj
 0001:00016b8a       ?DispatchObjectCollsionBox@@YAXPAUedict_s@@@Z 10017b8a f   cbase.obj
 0001:00016bc5       ?SaveWriteFields@@YAXPAUsaverestore_s@@PBDPAXPAUTYPEDESCRIPTION@@H@Z 10017bc5 f   cbase.obj
 0001:00016bf9       ?SaveReadFields@@YAXPAUsaverestore_s@@PBDPAXPAUTYPEDESCRIPTION@@H@Z 10017bf9 f   cbase.obj
 0001:00016c2f       ?Get@EHANDLE@@QAEPAUedict_s@@XZ 10017c2f f   cbase.obj
 0001:00016c5f       ?Set@EHANDLE@@QAEPAUedict_s@@PAU2@@Z 10017c5f f   cbase.obj
 0001:00016c8b       ??BEHANDLE@@QAEPAVCBaseEntity@@XZ 10017c8b f   cbase.obj
 0001:00016ca7       ??4EHANDLE@@QAEPAVCBaseEntity@@PAV1@@Z 10017ca7 f   cbase.obj
 0001:00016cfc       ??BEHANDLE@@QAEHXZ         10017cfc f   cbase.obj
 0001:00016d15       ??CEHANDLE@@QAEPAVCBaseEntity@@XZ 10017d15 f   cbase.obj
 0001:00016d31       ?TakeHealth@CBaseEntity@@UAEHMH@Z 10017d31 f   cbase.obj
 0001:00016dd5       ?TakeDamage@CBaseEntity@@UAEHPAUentvars_s@@0MH@Z 10017dd5 f   cbase.obj
 0001:00017066       ?Killed@CBaseEntity@@UAEXPAUentvars_s@@H@Z 10018066 f   cbase.obj
 0001:0001709f       ?GetNextTarget@CBaseEntity@@UAEPAV1@XZ 1001809f f   cbase.obj
 0001:0001710f       ?Save@CBaseEntity@@UAEHAAVCSave@@@Z 1001810f f   cbase.obj
 0001:00017150       ?Restore@CBaseEntity@@UAEHAAVCRestore@@@Z 10018150 f   cbase.obj
 0001:000174d3       ?SetObjectCollisionBox@CBaseEntity@@UAEXXZ 100184d3 f   cbase.obj
 0001:000174ed       ?Intersects@CBaseEntity@@QAEHPAV1@@Z 100184ed f   cbase.obj
 0001:000175c1       ?MakeDormant@CBaseEntity@@QAEXXZ 100185c1 f   cbase.obj
 0001:0001764e       ?IsDormant@CBaseEntity@@QAEHXZ 1001864e f   cbase.obj
 0001:0001766a       ?IsInWorld@CBaseEntity@@UAEHXZ 1001866a f   cbase.obj
 0001:000177c7       ?ShouldToggle@CBaseEntity@@QAEHW4USE_TYPE@@H@Z 100187c7 f   cbase.obj
 0001:00017801       ?DamageDecal@CBaseEntity@@UAEHH@Z 10018801 f   cbase.obj
 0001:00017845       ?Create@CBaseEntity@@SAPAV1@PADABVVector@@1PAUedict_s@@@Z 10018845 f   cbase.obj
 0001:00017900       ??1CSave@@QAE@XZ           10018900 f i cbase.obj
 0001:00017920       ??0entvars_s@@QAE@XZ       10018920 f i cbase.obj
 0001:00017a60       ??1CRestore@@QAE@XZ        10018a60 f i cbase.obj
 0001:00017a80       ?FNullEnt@@YAHPAUentvars_s@@@Z 10018a80 f i cbase.obj
 0001:00017ac0       ?OFFSET@@YAHPAUentvars_s@@@Z 10018ac0 f i cbase.obj
 0001:00017ae0       ??0CSave@@QAE@PAUsaverestore_s@@@Z 10018ae0 f i cbase.obj
 0001:00017b00       ??0CRestore@@QAE@PAUsaverestore_s@@@Z 10018b00 f i cbase.obj
 0001:00017b30       ?SetGlobalMode@CRestore@@QAEXH@Z 10018b30 f i cbase.obj
 0001:00017b50       ?PrecacheMode@CRestore@@QAEXH@Z 10018b50 f i cbase.obj
 0001:00017b70       ?set_suicide_frame@@YAXPAUentvars_s@@@Z 10018b70 f   client.obj
 0001:00017bd1       ?ClientConnect@@YAHPAUedict_s@@PBD1QAD@Z 10018bd1 f   client.obj
 0001:00017bf7       ?ClientDisconnect@@YAXPAUedict_s@@@Z 10018bf7 f   client.obj
 0001:00017cf6       ?respawn@@YAXPAUentvars_s@@H@Z 10018cf6 f   client.obj
 0001:00017d64       ?ClientKill@@YAXPAUedict_s@@@Z 10018d64 f   client.obj
 0001:00017dd6       ?ClientPutInServer@@YAXPAUedict_s@@@Z 10018dd6 f   client.obj
 0001:00017e28       ?Host_Say@@YAXPAUedict_s@@H@Z 10018e28 f   client.obj
 0001:00018320       ?ClientCommand@@YAXPAUedict_s@@@Z 10019320 f   client.obj
 0001:000186eb       ?ClientUserInfoChanged@@YAXPAUedict_s@@PAD@Z 100196eb f   client.obj
 0001:0001898a       ?ServerDeactivate@@YAXXZ   1001998a f   client.obj
 0001:000189a4       ?ServerActivate@@YAXPAUedict_s@@HH@Z 100199a4 f   client.obj
 0001:00018a84       ?PlayerPreThink@@YAXPAUedict_s@@@Z 10019a84 f   client.obj
 0001:00018abc       ?PlayerPostThink@@YAXPAUedict_s@@@Z 10019abc f   client.obj
 0001:00018af4       ?ParmsNewLevel@@YAXXZ      10019af4 f   client.obj
 0001:00018af9       ?ParmsChangeLevel@@YAXXZ   10019af9 f   client.obj
 0001:00018b2c       ?StartFrame@@YAXXZ         10019b2c f   client.obj
 0001:00018b72       ?ClientPrecache@@YAXXZ     10019b72 f   client.obj
 0001:00018fc3       ?GetGameDescription@@YAPBDXZ 10019fc3 f   client.obj
 0001:00018fe8       ?Sys_Error@@YAXPBD@Z       10019fe8 f   client.obj
 0001:00018fed       ?PlayerCustomization@@YAXPAUedict_s@@PAUcustomization_s@@@Z 10019fed f   client.obj
 0001:00019084       ?SpectatorConnect@@YAXPAUedict_s@@@Z 1001a084 f   client.obj
 0001:000190b6       ?SpectatorDisconnect@@YAXPAUedict_s@@@Z 1001a0b6 f   client.obj
 0001:000190e8       ?SpectatorThink@@YAXPAUedict_s@@@Z 1001a0e8 f   client.obj
 0001:0001911a       ?SetupVisibility@@YAXPAUedict_s@@0PAPAE1@Z 1001a11a f   client.obj
 0001:00019222       ?AddToFullPack@@YAHPAUentity_state_s@@HPAUedict_s@@1HHPAE@Z 1001a222 f   client.obj
 0001:00019853       ?CreateBaseline@@YAXHHPAUentity_state_s@@PAUedict_s@@HVVector@@2@Z 1001a853 f   client.obj
 0001:00019a6d       ?Entity_FieldInit@@YAXPAUdelta_s@@@Z 1001aa6d f   client.obj
 0001:00019afc       ?Entity_Encode@@YAXPAUdelta_s@@PBE1@Z 1001aafc f   client.obj
 0001:00019cdb       ?Player_FieldInit@@YAXPAUdelta_s@@@Z 1001acdb f   client.obj
 0001:00019d25       ?Player_Encode@@YAXPAUdelta_s@@PBE1@Z 1001ad25 f   client.obj
 0001:00019e5e       ?Custom_Entity_FieldInit@@YAXPAUdelta_s@@@Z 1001ae5e f   client.obj
 0001:00019f32       ?Custom_Encode@@YAXPAUdelta_s@@PBE1@Z 1001af32 f   client.obj
 0001:0001a061       ?RegisterEncoders@@YAXXZ   1001b061 f   client.obj
 0001:0001a09f       ?GetWeaponData@@YAHPAUedict_s@@PAUweapon_data_s@@@Z 1001b09f f   client.obj
 0001:0001a320       ?UpdateClientData@@YAXPBUedict_s@@HPAUclientdata_s@@@Z 1001b320 f   client.obj
 0001:0001a6a0       ?CmdStart@@YAXPBUedict_s@@PBUusercmd_s@@I@Z 1001b6a0 f   client.obj
 0001:0001a6fe       ?CmdEnd@@YAXPBUedict_s@@@Z 1001b6fe f   client.obj
 0001:0001a73e       ?ConnectionlessPacket@@YAHPBUnetadr_s@@PBDPADPAH@Z 1001b73e f   client.obj
 0001:0001a759       ?GetHullBounds@@YAHHPAM0@Z 1001b759 f   client.obj
 0001:0001a85e       ?CreateInstancedBaselines@@YAXXZ 1001b85e f   client.obj
 0001:0001a896       ?InconsistentFile@@YAHPBUedict_s@@PBDPAD@Z 1001b896 f   client.obj
 0001:0001a8d4       ?AllowLagCompensation@@YAHXZ 1001b8d4 f   client.obj
 0001:0001a8e0       ?MESSAGE_BEGIN@@YAXHHPBMPAUentvars_s@@@Z 1001b8e0 f i client.obj
 0001:0001a910       ??0entity_state_s@@QAE@XZ  1001b910 f i client.obj
 0001:0001a9c0       ?GetClassPtr@@YAPAVCBasePlayer@@PAV1@@Z 1001b9c0 f i client.obj
 0001:0001aa50       ??0CBasePlayer@@QAE@XZ     1001ba50 f i client.obj
 0001:0001aa80       ?BodyTarget@CBasePlayer@@UAE?AVVector@@ABV2@@Z 1001ba80 f i client.obj
 0001:0001aaf0       ?StartSneaking@CBasePlayer@@UAEXXZ 1001baf0 f i client.obj
 0001:0001ab20       ?StopSneaking@CBasePlayer@@UAEXXZ 1001bb20 f i client.obj
 0001:0001ab50       ?IsSneaking@CBasePlayer@@UAEHXZ 1001bb50 f i client.obj
 0001:0001ab90       ?IsAlive@CBasePlayer@@UAEHXZ 1001bb90 f i client.obj
 0001:0001abe0       ?ShouldFadeOnDeath@CBasePlayer@@UAEHXZ 1001bbe0 f i client.obj
 0001:0001abf0       ?IsPlayer@CBasePlayer@@UAEHXZ 1001bbf0 f i client.obj
 0001:0001ac00       ?IsNetClient@CBasePlayer@@UAEHXZ 1001bc00 f i client.obj
 0001:0001ac10       ?ObjectCaps@CBasePlayer@@UAEHXZ 1001bc10 f i client.obj
 0001:0001ac30       ?LimitVelocity@CGib@@QAEXXZ 1001bc30 f   combat.obj
 0001:0001ac99       ?SpawnStickyGibs@CGib@@SAXPAUentvars_s@@VVector@@H@Z 1001bc99 f   combat.obj
 0001:0001afbc       ?SpawnHeadGib@CGib@@SAXPAUentvars_s@@@Z 1001bfbc f   combat.obj
 0001:0001b297       ?SpawnRandomGibs@CGib@@SAXPAUentvars_s@@HH@Z 1001c297 f   combat.obj
 0001:0001b622       ?HasHumanGibs@CBaseMonster@@UAEHXZ 1001c622 f   combat.obj
 0001:0001b65e       ?HasAlienGibs@CBaseMonster@@UAEHXZ 1001c65e f   combat.obj
 0001:0001b6a6       ?FadeMonster@CBaseMonster@@UAEXXZ 1001c6a6 f   combat.obj
 0001:0001b745       ?GibMonster@CBaseMonster@@UAEXXZ 1001c745 f   combat.obj
 0001:0001b86e       ?GetDeathActivity@CBaseMonster@@UAE?AW4Activity@@XZ 1001c86e f   combat.obj
 0001:0001bb15       ?GetSmallFlinchActivity@CBaseMonster@@QAE?AW4Activity@@XZ 1001cb15 f   combat.obj
 0001:0001bbfc       ?BecomeDead@CBaseMonster@@UAEXXZ 1001cbfc f   combat.obj
 0001:0001bc55       ?ShouldGibMonster@CBaseMonster@@QAEHH@Z 1001cc55 f   combat.obj
 0001:0001bc90       ?CallGibMonster@CBaseMonster@@QAEXXZ 1001cc90 f   combat.obj
 0001:0001bdc7       ?Killed@CBaseMonster@@UAEXPAUentvars_s@@H@Z 1001cdc7 f   combat.obj
 0001:0001bf0d       ?SUB_StartFadeOut@CBaseEntity@@QAEXXZ 1001cf0d f   combat.obj
 0001:0001bfa3       ?SUB_FadeOut@CBaseEntity@@QAEXXZ 1001cfa3 f   combat.obj
 0001:0001c03c       ?WaitTillLand@CGib@@QAEXXZ 1001d03c f   combat.obj
 0001:0001c0ec       ?BounceGibTouch@CGib@@QAEXPAVCBaseEntity@@@Z 1001d0ec f   combat.obj
 0001:0001c327       ?StickyGibTouch@CGib@@QAEXPAVCBaseEntity@@@Z 1001d327 f   combat.obj
 0001:0001c4ac       ?Spawn@CGib@@QAEXPBD@Z     1001d4ac f   combat.obj
 0001:0001c5c8       ?TakeHealth@CBaseMonster@@UAEHMH@Z 1001d5c8 f   combat.obj
 0001:0001c621       ?TakeDamage@CBaseMonster@@UAEHPAUentvars_s@@0MH@Z 1001d621 f   combat.obj
 0001:0001cb19       ?DeadTakeDamage@CBaseMonster@@QAEHPAUentvars_s@@0MH@Z 1001db19 f   combat.obj
 0001:0001cc94       ?DamageForce@CBaseMonster@@QAEMM@Z 1001dc94 f   combat.obj
 0001:0001ccf5       ?RadiusDamage@@YAXVVector@@PAUentvars_s@@1MMHH@Z 1001dcf5 f   combat.obj
 0001:0001cf43       ?RadiusDamage@CBaseMonster@@QAEXPAUentvars_s@@0MHH@Z 1001df43 f   combat.obj
 0001:0001cf92       ?RadiusDamage@CBaseMonster@@QAEXVVector@@PAUentvars_s@@1MHH@Z 1001df92 f   combat.obj
 0001:0001cfdb       ?CheckTraceHullAttack@CBaseMonster@@QAEPAVCBaseEntity@@MHH@Z 1001dfdb f   combat.obj
 0001:0001d0f0       ?FInViewCone@CBaseMonster@@UAEHPAVCBaseEntity@@@Z 1001e0f0 f   combat.obj
 0001:0001d1a0       ?FInViewCone@CBaseMonster@@UAEHPAVVector@@@Z 1001e1a0 f   combat.obj
 0001:0001d24a       ?FVisible@CBaseEntity@@UAEHPAV1@@Z 1001e24a f   combat.obj
 0001:0001d364       ?FVisible@CBaseEntity@@UAEHABVVector@@@Z 1001e364 f   combat.obj
 0001:0001d3e7       ?TraceAttack@CBaseEntity@@UAEXPAUentvars_s@@MVVector@@PAUTraceResult@@H@Z 1001e3e7 f   combat.obj
 0001:0001d4a8       ?TraceAttack@CBaseMonster@@UAEXPAUentvars_s@@MVVector@@PAUTraceResult@@H@Z 1001e4a8 f   combat.obj
 0001:0001d5cb       ?FireBullets@CBaseEntity@@QAEXKVVector@@00MHHHPAUentvars_s@@@Z 1001e5cb f   combat.obj
 0001:0001dc6c       ?FireBulletsPlayer@CBaseEntity@@QAE?AVVector@@KV2@00MHHHPAUentvars_s@@H@Z 1001ec6c f   combat.obj
 0001:0001e107       ?TraceBleed@CBaseEntity@@UAEXMVVector@@PAUTraceResult@@H@Z 1001f107 f   combat.obj
 0001:0001e2b7       ?MakeDamageBloodDecal@CBaseMonster@@QAEXHMPAUTraceResult@@ABVVector@@@Z 1001f2b7 f   combat.obj
 0001:0001e420       ??0Vector2D@@QAE@XZ        1001f420 f i combat.obj
 0001:0001e430       ?Normalize@Vector2D@@QBE?AV1@XZ 1001f430 f i combat.obj
 0001:0001e4c0       ??0Vector2D@@QAE@MM@Z      1001f4c0 f i combat.obj
 0001:0001e4f0       ?Length@Vector2D@@QBEMXZ   1001f4f0 f i combat.obj
 0001:0001e530       ?DotProduct@@YAMABVVector2D@@0@Z 1001f530 f i combat.obj
 0001:0001e550       ?Make2D@Vector@@QBE?AVVector2D@@XZ 1001f550 f i combat.obj
 0001:0001e590       ?GetClassPtr@@YAPAVCGib@@PAV1@@Z 1001f590 f i combat.obj
 0001:0001e620       ??0CGib@@QAE@XZ            1001f620 f i combat.obj
 0001:0001e640       ?ObjectCaps@CGib@@UAEHXZ   1001f640 f i combat.obj
 0001:0001e660       _monster_alien_controller  1001f660 f   controller.obj
 0001:0001e671       ?Save@CController@@UAEHAAVCSave@@@Z 1001f671 f   controller.obj
 0001:0001e6aa       ?Restore@CController@@UAEHAAVCRestore@@@Z 1001f6aa f   controller.obj
 0001:0001e6e3       ?Classify@CController@@UAEHXZ 1001f6e3 f   controller.obj
 0001:0001e6f3       ?SetYawSpeed@CController@@UAEXXZ 1001f6f3 f   controller.obj
 0001:0001e716       ?TakeDamage@CController@@UAEHPAUentvars_s@@0MH@Z 1001f716 f   controller.obj
 0001:0001e75b       ?Killed@CController@@UAEXPAUentvars_s@@H@Z 1001f75b f   controller.obj
 0001:0001e7c6       ?GibMonster@CController@@UAEXXZ 1001f7c6 f   controller.obj
 0001:0001e82f       ?PainSound@CController@@UAEXXZ 1001f82f f   controller.obj
 0001:0001e895       ?AlertSound@CController@@UAEXXZ 1001f895 f   controller.obj
 0001:0001e8e9       ?IdleSound@CController@@UAEXXZ 1001f8e9 f   controller.obj
 0001:0001e93d       ?AttackSound@CController@@QAEXXZ 1001f93d f   controller.obj
 0001:0001e991       ?DeathSound@CController@@UAEXXZ 1001f991 f   controller.obj
 0001:0001e9e5       ?HandleAnimEvent@CController@@UAEXPAUMonsterEvent_t@@@Z 1001f9e5 f   controller.obj
 0001:0001ee54       ?Spawn@CController@@UAEXXZ 1001fe54 f   controller.obj
 0001:0001ef75       ?Precache@CController@@UAEXXZ 1001ff75 f   controller.obj
 0001:0001f09e       ?ScheduleFromName@CController@@UAEPAUSchedule_t@@PBD@Z 1002009e f   controller.obj
 0001:0001f0da       ?StartTask@CController@@UAEXPAUTask_t@@@Z 100200da f   controller.obj
 0001:0001f27f       ?Intersect@@YA?AVVector@@V1@00M@Z 1002027f f   controller.obj
 0001:0001f3f2       ?LookupFloat@CController@@QAEHXZ 100203f2 f   controller.obj
 0001:0001f5b4       ?RunTask@CController@@UAEXPAUTask_t@@@Z 100205b4 f   controller.obj
 0001:0001fba9       ?GetSchedule@CController@@UAEPAUSchedule_t@@XZ 10020ba9 f   controller.obj
 0001:0001fc66       ?GetScheduleOfType@CController@@UAEPAUSchedule_t@@H@Z 10020c66 f   controller.obj
 0001:0001fcf6       ?CheckRangeAttack1@CController@@UAEHMM@Z 10020cf6 f   controller.obj
 0001:0001fd3c       ?CheckRangeAttack2@CController@@UAEHMM@Z 10020d3c f   controller.obj
 0001:0001fd82       ?CheckMeleeAttack1@CController@@UAEHMM@Z 10020d82 f   controller.obj
 0001:0001fd91       ?SetActivity@CController@@UAEXW4Activity@@@Z 10020d91 f   controller.obj
 0001:0001fdd6       ?RunAI@CController@@UAEXXZ 10020dd6 f   controller.obj
 0001:00020071       ?Stop@CController@@UAEXXZ  10021071 f   controller.obj
 0001:00020093       ?Move@CController@@UAEXM@Z 10021093 f   controller.obj
 0001:000205ac       ?ShouldAdvanceRoute@CController@@UAEHM@Z 100215ac f   controller.obj
 0001:000205d2       ?CheckLocalMove@CController@@UAEHABVVector@@0PAVCBaseEntity@@PAM@Z 100215d2 f   controller.obj
 0001:000206ca       ?MoveExecute@CController@@UAEXPAVCBaseEntity@@ABVVector@@M@Z 100216ca f   controller.obj
 0001:000207ae       _controller_head_ball      100217ae f   controller.obj
 0001:000207bf       ?Spawn@CControllerHeadBall@@EAEXXZ 100217bf f   controller.obj
 0001:0002094a       ?Precache@CControllerHeadBall@@EAEXXZ 1002194a f   controller.obj
 0001:0002097f       ?HuntThink@CControllerHeadBall@@AAEXXZ 1002197f f   controller.obj
 0001:00020e8c       ?DieThink@CControllerHeadBall@@AAEXXZ 10021e8c f   controller.obj
 0001:00020ea3       ?MovetoTarget@CControllerHeadBall@@AAEXVVector@@@Z 10021ea3 f   controller.obj
 0001:00020fd0       ?Crawl@CControllerHeadBall@@AAEXXZ 10021fd0 f   controller.obj
 0001:00021170       ?BounceTouch@CControllerHeadBall@@AAEXPAVCBaseEntity@@@Z 10022170 f   controller.obj
 0001:0002125d       _controller_energy_ball    1002225d f   controller.obj
 0001:0002126e       ?Spawn@CControllerZapBall@@EAEXXZ 1002226e f   controller.obj
 0001:000213d2       ?Precache@CControllerZapBall@@EAEXXZ 100223d2 f   controller.obj
 0001:000213eb       ?AnimateThink@CControllerZapBall@@AAEXXZ 100223eb f   controller.obj
 0001:00021493       ?ExplodeTouch@CControllerZapBall@@AAEXPAVCBaseEntity@@@Z 10022493 f   controller.obj
 0001:000215c0       ?SetAttachment@CSprite@@QAEXPAUedict_s@@H@Z 100225c0 f i controller.obj
 0001:00021620       ?SetTransparency@CSprite@@QAEXHHHHHH@Z 10022620 f i controller.obj
 0001:00021690       ?SetScale@CSprite@@QAEXM@Z 10022690 f i controller.obj
 0001:000216b0       ?SetBrightness@CSprite@@QAEXH@Z 100226b0 f i controller.obj
 0001:000216d0       ?GetClassPtr@@YAPAVCController@@PAV1@@Z 100226d0 f i controller.obj
 0001:00021760       ?GetClassPtr@@YAPAVCControllerHeadBall@@PAV1@@Z 10022760 f i controller.obj
 0001:000217f0       ?GetClassPtr@@YAPAVCControllerZapBall@@PAV1@@Z 100227f0 f i controller.obj
 0001:00021880       ??0CController@@QAE@XZ     10022880 f i controller.obj
 0001:000218c0       ??0CControllerHeadBall@@QAE@XZ 100228c0 f i controller.obj
 0001:000218f0       ??0CControllerZapBall@@QAE@XZ 100228f0 f i controller.obj
 0001:00021910       _crossbow_bolt             10022910 f   crossbow.obj
 0001:00021921       ?Save@CCrossbowBolt@@EAEHAAVCSave@@@Z 10022921 f   crossbow.obj
 0001:0002195a       ?Restore@CCrossbowBolt@@EAEHAAVCRestore@@@Z 1002295a f   crossbow.obj
 0001:00021993       ?BoltCreate@CCrossbowBolt@@SAPAV1@XZ 10022993 f   crossbow.obj
 0001:000219b5       ?Spawn@CCrossbowBolt@@EAEXXZ 100229b5 f   crossbow.obj
 0001:00021aab       ?Precache@CCrossbowBolt@@EAEXXZ 10022aab f   crossbow.obj
 0001:00021b1e       ?Classify@CCrossbowBolt@@EAEHXZ 10022b1e f   crossbow.obj
 0001:00021b2b       ?BoltTouch@CCrossbowBolt@@AAEXPAVCBaseEntity@@@Z 10022b2b f   crossbow.obj
 0001:00021f7f       ?BubbleThink@CCrossbowBolt@@AAEXXZ 10022f7f f   crossbow.obj
 0001:0002200c       ?ExplodeThink@CCrossbowBolt@@AAEXXZ 1002300c f   crossbow.obj
 0001:000221b3       _weapon_crossbow           100231b3 f   crossbow.obj
 0001:000221c4       ?Spawn@CCrossbow@@UAEXXZ   100231c4 f   crossbow.obj
 0001:00022217       ?AddToPlayer@CCrossbow@@UAEHPAVCBasePlayer@@@Z 10023217 f   crossbow.obj
 0001:0002226c       ?Precache@CCrossbow@@UAEXXZ 1002326c f   crossbow.obj
 0001:000222fe       ?GetItemInfo@CCrossbow@@UAEHPAUItemInfo@@@Z 100232fe f   crossbow.obj
 0001:0002238d       ?Deploy@CCrossbow@@UAEHXZ  1002338d f   crossbow.obj
 0001:000223e0       ?Holster@CCrossbow@@UAEXH@Z 100233e0 f   crossbow.obj
 0001:00022466       ?PrimaryAttack@CCrossbow@@UAEXXZ 10023466 f   crossbow.obj
 0001:000224a4       ?FireSniperBolt@CCrossbow@@QAEXXZ 100234a4 f   crossbow.obj
 0001:00022715       ?FireBolt@CCrossbow@@QAEXXZ 10023715 f   crossbow.obj
 0001:00022a51       ?SecondaryAttack@CCrossbow@@UAEXXZ 10023a51 f   crossbow.obj
 0001:00022b26       ?Reload@CCrossbow@@UAEXXZ  10023b26 f   crossbow.obj
 0001:00022bd3       ?WeaponIdle@CCrossbow@@UAEXXZ 10023bd3 f   crossbow.obj
 0001:00022d13       _ammo_crossbow             10023d13 f   crossbow.obj
 0001:00022d30       ?GetClassPtr@@YAPAVCCrossbowBolt@@PAV1@@Z 10023d30 f i crossbow.obj
 0001:00022dc0       ?GetClassPtr@@YAPAVCCrossbow@@PAV1@@Z 10023dc0 f i crossbow.obj
 0001:00022e50       ?GetClassPtr@@YAPAVCCrossbowAmmo@@PAV1@@Z 10023e50 f i crossbow.obj
 0001:00022ee0       ??0CCrossbowBolt@@QAE@XZ   10023ee0 f i crossbow.obj
 0001:00022f00       ??0CCrossbow@@QAE@XZ       10023f00 f i crossbow.obj
 0001:00022f20       ??0CCrossbowAmmo@@QAE@XZ   10023f20 f i crossbow.obj
 0001:00022f40       ?Spawn@CCrossbowAmmo@@EAEXXZ 10023f40 f i crossbow.obj
 0001:00022f80       ?Precache@CCrossbowAmmo@@EAEXXZ 10023f80 f i crossbow.obj
 0001:00022fb0       ?AddAmmo@CCrossbowAmmo@@EAEHPAVCBaseEntity@@@Z 10023fb0 f i crossbow.obj
 0001:00023010       ??0CBasePlayerWeapon@@QAE@XZ 10024010 f i crossbow.obj
 0001:00023030       ??0CBasePlayerAmmo@@QAE@XZ 10024030 f i crossbow.obj
 0001:00023050       ??0CBasePlayerItem@@QAE@XZ 10024050 f i crossbow.obj
 0001:00023070       ?AddDuplicate@CBasePlayerItem@@UAEHPAV1@@Z 10024070 f i crossbow.obj
 0001:00023080       ?GetItemInfo@CBasePlayerItem@@UAEHPAUItemInfo@@@Z 10024080 f i crossbow.obj
 0001:00023090       ?CanDeploy@CBasePlayerItem@@UAEHXZ 10024090 f i crossbow.obj
 0001:000230a0       ?Deploy@CBasePlayerItem@@UAEHXZ 100240a0 f i crossbow.obj
 0001:000230b0       ?CanHolster@CBasePlayerItem@@UAEHXZ 100240b0 f i crossbow.obj
 0001:000230c0       ?UpdateItemInfo@CBasePlayerItem@@UAEXXZ 100240c0 f i crossbow.obj
 0001:000230d0       ?ItemPreFrame@CBasePlayerItem@@UAEXXZ 100240d0 f i crossbow.obj
 0001:000230e0       ?ItemPostFrame@CBasePlayerItem@@UAEXXZ 100240e0 f i crossbow.obj
 0001:000230f0       ?PrimaryAmmoIndex@CBasePlayerItem@@UAEHXZ 100240f0 f i crossbow.obj
 0001:00023100       ?SecondaryAmmoIndex@CBasePlayerItem@@UAEHXZ 10024100 f i crossbow.obj
 0001:00023110       ?UpdateClientData@CBasePlayerItem@@UAEHPAVCBasePlayer@@@Z 10024110 f i crossbow.obj
 0001:00023120       ?GetWeaponPtr@CBasePlayerItem@@UAEPAV1@XZ 10024120 f i crossbow.obj
 0001:00023130       ?iItemSlot@CBasePlayerItem@@UAEHXZ 10024130 f i crossbow.obj
 0001:00023140       ?AddWeapon@CBasePlayerWeapon@@UAEHXZ 10024140 f i crossbow.obj
 0001:00023170       ?UpdateItemInfo@CBasePlayerWeapon@@UAEXXZ 10024170 f i crossbow.obj
 0001:00023180       ?PrimaryAttack@CBasePlayerWeapon@@UAEXXZ 10024180 f i crossbow.obj
 0001:00023190       ?SecondaryAttack@CBasePlayerWeapon@@UAEXXZ 10024190 f i crossbow.obj
 0001:000231a0       ?Reload@CBasePlayerWeapon@@UAEXXZ 100241a0 f i crossbow.obj
 0001:000231b0       ?WeaponIdle@CBasePlayerWeapon@@UAEXXZ 100241b0 f i crossbow.obj
 0001:000231c0       ?ShouldWeaponIdle@CBasePlayerWeapon@@UAEHXZ 100241c0 f i crossbow.obj
 0001:000231d0       ?UseDecrement@CBasePlayerWeapon@@UAEHXZ 100241d0 f i crossbow.obj
 0001:000231e0       ?GetWeaponPtr@CBasePlayerWeapon@@UAEPAVCBasePlayerItem@@XZ 100241e0 f i crossbow.obj
 0001:000231f0       ?AddAmmo@CBasePlayerAmmo@@UAEHPAVCBaseEntity@@@Z 100241f0 f i crossbow.obj
 0001:00023210       ?iItemSlot@CCrossbow@@UAEHXZ 10024210 f i crossbow.obj
 0001:00023220       ?UseDecrement@CCrossbow@@UAEHXZ 10024220 f i crossbow.obj
 0001:00023230       _weapon_crowbar            10024230 f   crowbar.obj
 0001:00023241       ?Spawn@CCrowbar@@UAEXXZ    10024241 f   crowbar.obj
 0001:00023294       ?Precache@CCrowbar@@UAEXXZ 10024294 f   crowbar.obj
 0001:00023337       ?GetItemInfo@CCrowbar@@UAEHPAUItemInfo@@@Z 10024337 f   crowbar.obj
 0001:000233bc       ?Deploy@CCrowbar@@UAEHXZ   100243bc f   crowbar.obj
 0001:000233e4       ?Holster@CCrowbar@@UAEXH@Z 100243e4 f   crowbar.obj
 0001:00023421       ?FindHullIntersection@@YAXABVVector@@AAUTraceResult@@PAM2PAUedict_s@@@Z 10024421 f   crowbar.obj
 0001:000235dd       ?PrimaryAttack@CCrowbar@@UAEXXZ 100245dd f   crowbar.obj
 0001:0002361f       ?Smack@CCrowbar@@QAEXXZ    1002461f f   crowbar.obj
 0001:0002363d       ?SwingAgain@CCrowbar@@QAEXXZ 1002463d f   crowbar.obj
 0001:00023652       ?Swing@CCrowbar@@QAEHH@Z   10024652 f   crowbar.obj
 0001:00023d60       ?GetClassPtr@@YAPAVCCrowbar@@PAV1@@Z 10024d60 f i crowbar.obj
 0001:00023df0       ??0CCrowbar@@QAE@XZ        10024df0 f i crowbar.obj
 0001:00023e20       ?iItemSlot@CCrowbar@@UAEHXZ 10024e20 f i crowbar.obj
 0001:00023e30       ?UseDecrement@CCrowbar@@UAEHXZ 10024e30 f i crowbar.obj
 0001:00023e40       ?ScheduleFromName@CBaseMonster@@UAEPAUSchedule_t@@PBD@Z 10024e40 f   defaultai.obj
 0001:00023e60       ?ScheduleInList@CBaseMonster@@QAEPAUSchedule_t@@PBDPAPAU2@H@Z 10024e60 f   defaultai.obj
 0001:00023f05       ?GetScheduleOfType@CBaseMonster@@UAEPAUSchedule_t@@H@Z 10024f05 f   defaultai.obj
 0001:000241f0       ?Save@CBaseDoor@@UAEHAAVCSave@@@Z 100251f0 f   doors.obj
 0001:00024229       ?Restore@CBaseDoor@@UAEHAAVCRestore@@@Z 10025229 f   doors.obj
 0001:00024262       ?PlayLockSounds@@YAXPAUentvars_s@@PAUlocksounds@@HH@Z 10025262 f   doors.obj
 0001:0002454b       ?KeyValue@CBaseDoor@@UAEXPAUKeyValueData_s@@@Z 1002554b f   doors.obj
 0001:000247ce       _func_door                 100257ce f   doors.obj
 0001:000247df       _func_water                100257df f   doors.obj
 0001:000247f0       ?Spawn@CBaseDoor@@UAEXXZ   100257f0 f   doors.obj
 0001:00024aaa       ?SetToggleState@CBaseDoor@@UAEXH@Z 10025aaa f   doors.obj
 0001:00024aef       ?Precache@CBaseDoor@@UAEXXZ 10025aef f   doors.obj
 0001:0002521e       ?DoorTouch@CBaseDoor@@QAEXPAVCBaseEntity@@@Z 1002621e f   doors.obj
 0001:000252f3       ?Use@CBaseDoor@@UAEXPAVCBaseEntity@@0W4USE_TYPE@@M@Z 100262f3 f   doors.obj
 0001:0002533f       ?DoorActivate@CBaseDoor@@QAEHXZ 1002633f f   doors.obj
 0001:00025433       ?DoorGoUp@CBaseDoor@@QAEXXZ 10026433 f   doors.obj
 0001:0002564a       ?DoorHitTop@CBaseDoor@@QAEXXZ 1002664a f   doors.obj
 0001:000257d9       ?DoorGoDown@CBaseDoor@@QAEXXZ 100267d9 f   doors.obj
 0001:000258bd       ?DoorHitBottom@CBaseDoor@@QAEXXZ 100268bd f   doors.obj
 0001:000259f8       ?Blocked@CBaseDoor@@UAEXPAVCBaseEntity@@@Z 100269f8 f   doors.obj
 0001:00025c52       _func_door_rotating        10026c52 f   doors.obj
 0001:00025c63       ?Spawn@CRotDoor@@UAEXXZ    10026c63 f   doors.obj
 0001:00025ed6       ?SetToggleState@CRotDoor@@UAEXH@Z 10026ed6 f   doors.obj
 0001:00025f47       _momentary_door            10026f47 f   doors.obj
 0001:00025f58       ?Save@CMomentaryDoor@@UAEHAAVCSave@@@Z 10026f58 f   doors.obj
 0001:00025f91       ?Restore@CMomentaryDoor@@UAEHAAVCRestore@@@Z 10026f91 f   doors.obj
 0001:00025fca       ?Spawn@CMomentaryDoor@@UAEXXZ 10026fca f   doors.obj
 0001:0002621e       ?Precache@CMomentaryDoor@@UAEXXZ 1002721e f   doors.obj
 0001:00026409       ?KeyValue@CMomentaryDoor@@UAEXPAUKeyValueData_s@@@Z 10027409 f   doors.obj
 0001:000264ab       ?Use@CMomentaryDoor@@UAEXPAVCBaseEntity@@0W4USE_TYPE@@M@Z 100274ab f   doors.obj
 0001:00026600       ?GetClassPtr@@YAPAVCBaseDoor@@PAV1@@Z 10027600 f i doors.obj
 0001:00026690       ?GetClassPtr@@YAPAVCRotDoor@@PAV1@@Z 10027690 f i doors.obj
 0001:00026720       ?GetClassPtr@@YAPAVCMomentaryDoor@@PAV1@@Z 10027720 f i doors.obj
 0001:000267b0       ??0CBaseDoor@@QAE@XZ       100277b0 f i doors.obj
 0001:000267d0       ?ObjectCaps@CBaseDoor@@UAEHXZ 100277d0 f i doors.obj
 0001:00026810       ??0CRotDoor@@QAE@XZ        10027810 f i doors.obj
 0001:00026830       ??0CMomentaryDoor@@QAE@XZ  10027830 f i doors.obj
 0001:00026850       ?ObjectCaps@CMomentaryDoor@@UAEHXZ 10027850 f i doors.obj
 0001:00026870       _info_target               10027870 f   effects.obj
 0001:00026881       _env_bubbles               10027881 f   effects.obj
 0001:00026892       ?Save@CBubbling@@UAEHAAVCSave@@@Z 10027892 f   effects.obj
 0001:000268cb       ?Restore@CBubbling@@UAEHAAVCRestore@@@Z 100278cb f   effects.obj
 0001:00026904       ?Spawn@CBubbling@@UAEXXZ   10027904 f   effects.obj
 0001:00026a7e       ?Precache@CBubbling@@UAEXXZ 10027a7e f   effects.obj
 0001:00026a9d       ?Use@CBubbling@@UAEXPAVCBaseEntity@@0W4USE_TYPE@@M@Z 10027a9d f   effects.obj
 0001:00026b21       ?KeyValue@CBubbling@@UAEXPAUKeyValueData_s@@@Z 10027b21 f   effects.obj
 0001:00026bf6       ?FizzThink@CBubbling@@QAEXXZ 10027bf6 f   effects.obj
 0001:00026ccd       _beam                      10027ccd f   effects.obj
 0001:00026cde       ?Spawn@CBeam@@UAEXXZ       10027cde f   effects.obj
 0001:00026d04       ?Precache@CBeam@@UAEXXZ    10027d04 f   effects.obj
 0001:00026d69       ?SetStartEntity@CBeam@@QAEXH@Z 10027d69 f   effects.obj
 0001:00026dba       ?SetEndEntity@CBeam@@QAEXH@Z 10027dba f   effects.obj
 0001:00026e0b       ?GetStartPos@CBeam@@QAEABVVector@@XZ 10027e0b f   effects.obj
 0001:00026e4d       ?GetEndPos@CBeam@@QAEABVVector@@XZ 10027e4d f   effects.obj
 0001:00026eaa       ?BeamCreate@CBeam@@SAPAV1@PBDH@Z 10027eaa f   effects.obj
 0001:00026eea       ?BeamInit@CBeam@@QAEXPBDH@Z 10027eea f   effects.obj
 0001:00026fc4       ?PointsInit@CBeam@@QAEXABVVector@@0@Z 10027fc4 f   effects.obj
 0001:0002700f       ?HoseInit@CBeam@@QAEXABVVector@@0@Z 1002800f f   effects.obj
 0001:0002705a       ?PointEntInit@CBeam@@QAEXABVVector@@H@Z 1002805a f   effects.obj
 0001:000270a5       ?EntsInit@CBeam@@QAEXHH@Z  100280a5 f   effects.obj
 0001:000270f0       ?RelinkBeam@CBeam@@QAEXXZ  100280f0 f   effects.obj
 0001:0002730f       ?TriggerTouch@CBeam@@QAEXPAVCBaseEntity@@@Z 1002830f f   effects.obj
 0001:00027382       ?RandomTargetname@CBeam@@QAEPAVCBaseEntity@@PBD@Z 10028382 f   effects.obj
 0001:000273ea       ?DoSparks@CBeam@@QAEXABVVector@@0@Z 100283ea f   effects.obj
 0001:00027448       _env_lightning             10028448 f   effects.obj
 0001:00027459       _env_beam                  10028459 f   effects.obj
 0001:0002746a       ?Save@CLightning@@UAEHAAVCSave@@@Z 1002846a f   effects.obj
 0001:000274a3       ?Restore@CLightning@@UAEHAAVCRestore@@@Z 100284a3 f   effects.obj
 0001:000274dc       ?Spawn@CLightning@@UAEXXZ  100284dc f   effects.obj
 0001:00027675       ?Precache@CLightning@@UAEXXZ 10028675 f   effects.obj
 0001:000276a9       ?Activate@CLightning@@UAEXXZ 100286a9 f   effects.obj
 0001:000276c8       ?KeyValue@CLightning@@UAEXPAUKeyValueData_s@@@Z 100286c8 f   effects.obj
 0001:00027983       ?ToggleUse@CLightning@@QAEXPAVCBaseEntity@@0W4USE_TYPE@@M@Z 10028983 f   effects.obj
 0001:00027a6b       ?StrikeUse@CLightning@@QAEXPAVCBaseEntity@@0W4USE_TYPE@@M@Z 10028a6b f   effects.obj
 0001:00027af6       ?IsPointEntity@@YAHPAVCBaseEntity@@@Z 10028af6 f   effects.obj
 0001:00027b62       ?StrikeThink@CLightning@@QAEXXZ 10028b62 f   effects.obj
 0001:0002800c       ?BeamDamage@CBeam@@QAEXPAUTraceResult@@@Z 1002900c f   effects.obj
 0001:00028142       ?DamageThink@CLightning@@QAEXXZ 10029142 f   effects.obj
 0001:000281a1       ?Zap@CLightning@@QAEXABVVector@@0@Z 100291a1 f   effects.obj
 0001:00028332       ?RandomArea@CLightning@@QAEXXZ 10029332 f   effects.obj
 0001:0002862a       ?RandomPoint@CLightning@@QAEXAAVVector@@@Z 1002962a f   effects.obj
 0001:00028788       ?BeamUpdateVars@CLightning@@QAEXXZ 10029788 f   effects.obj
 0001:000289e4       _env_laser                 100299e4 f   effects.obj
 0001:000289f5       ?Save@CLaser@@UAEHAAVCSave@@@Z 100299f5 f   effects.obj
 0001:00028a2e       ?Restore@CLaser@@UAEHAAVCRestore@@@Z 10029a2e f   effects.obj
 0001:00028a67       ?Spawn@CLaser@@UAEXXZ      10029a67 f   effects.obj
 0001:00028be2       ?Precache@CLaser@@UAEXXZ   10029be2 f   effects.obj
 0001:00028c40       ?KeyValue@CLaser@@UAEXPAUKeyValueData_s@@@Z 10029c40 f   effects.obj
 0001:00028e67       ?IsOn@CLaser@@QAEHXZ       10029e67 f   effects.obj
 0001:00028e91       ?TurnOff@CLaser@@QAEXXZ    10029e91 f   effects.obj
 0001:00028edb       ?TurnOn@CLaser@@QAEXXZ     10029edb f   effects.obj
 0001:00028f3c       ?Use@CLaser@@UAEXPAVCBaseEntity@@0W4USE_TYPE@@M@Z 10029f3c f   effects.obj
 0001:00028f84       ?FireAtPoint@CLaser@@QAEXAAUTraceResult@@@Z 10029f84 f   effects.obj
 0001:00028fe6       ?StrikeThink@CLaser@@QAEXXZ 10029fe6 f   effects.obj
 0001:0002908e       _env_glow                  1002a08e f   effects.obj
[...]
 0003:00031940       __nstream                  10111940     <common>
 0003:00031944       ___sbh_sizeHeaderList      10111944     <common>
 0003:00031948       ___sbh_indGroupDefer       10111948     <common>
 0003:0003194c       ___sbh_pHeaderScan         1011194c     <common>
 0003:00031950       ___sbh_pHeaderDefer        10111950     <common>
 0003:00031954       ___sbh_cntHeaderList       10111954     <common>
 0003:00031958       ___sbh_pHeaderList         10111958     <common>
 0003:0003195c       __crtheap                  1011195c     <common>
 0003:00031960       ___env_initialized         10111960     <common>
 0003:00031964       ___mbctype_initialized     10111964     <common>
 0003:00031968       ___onexitend               10111968     <common>
 0003:0003196c       ___onexitbegin             1011196c     <common>
 0003:00031970       __acmdln                   10111970     <common>
 0003:00031974       __pRawDllMain              10111974     <common>

 entry point at        0001:000b52d2

 Static symbols

 0001:000b204b       _$E20                      100b304b f   xen.obj
 0001:000b2055       _$E19                      100b3055 f   xen.obj
 0001:000afd20       _$E25                      100b0d20 f   world.obj
 0001:000afd2a       _$E24                      100b0d2a f   world.obj
 0001:000b0bc1       ?InitBodyQue@@YAXXZ        100b1bc1 f   world.obj
 0001:000ac5a0       _$E12                      100ad5a0 f   voice_gamemgr.obj
 0001:000ac5aa       _$E11                      100ad5aa f   voice_gamemgr.obj
 0001:000ac5b9       _$E15                      100ad5b9 f   voice_gamemgr.obj
 0001:000ac5c3       _$E14                      100ad5c3 f   voice_gamemgr.obj
 0001:000ac5db       _$E18                      100ad5db f   voice_gamemgr.obj
 0001:000ac5e5       _$E17                      100ad5e5 f   voice_gamemgr.obj
 0001:000ac5fd       _$E21                      100ad5fd f   voice_gamemgr.obj
 0001:000ac607       _$E20                      100ad607 f   voice_gamemgr.obj
 0001:000ac61f       _$E24                      100ad61f f   voice_gamemgr.obj
 0001:000ac629       _$E23                      100ad629 f   voice_gamemgr.obj
 0001:000aca1c       ?VoiceServerDebug@@YAXPBDZZ 100ada1c f   voice_gamemgr.obj
 0001:000a913c       ?FixedUnsigned16@@YAGMM@Z  100aa13c f   util.obj
 0001:000a95a1       ?FixedSigned16@@YAFMM@Z    100aa5a1 f   util.obj
 0001:00093681       ?memfgets@@YAPADPAEHAAHPADH@Z 10094681 f   sound.obj
 0001:00077dee       ?CheckPowerups@@YAXPAUentvars_s@@@Z 10078dee f   player.obj
 0001:0006e13e       ?PlatSpawnInsideTrigger@@YAXPAUentvars_s@@@Z 1006f13e f   plats.obj
 0001:00070699       ?FixupAngles@@YAXAAVVector@@@Z 10071699 f   plats.obj
 0001:000706db       ?Fix@@YAMM@Z               100716db f   plats.obj
 0001:00062e60       _$E11                      10063e60 f   nodes.obj
 0001:00062e6a       _$E10                      10063e6a f   nodes.obj
 0001:0005b080       _$E27                      1005c080 f   multiplay_gamerules.obj
 0001:0005b08f       _$E24                      1005c08f f   multiplay_gamerules.obj
 0001:0005b09e       _$E26                      1005c09e f   multiplay_gamerules.obj
 0001:0005b0b0       _$E25                      1005c0b0 f   multiplay_gamerules.obj
 0001:0005b0bf       _$E32                      1005c0bf f   multiplay_gamerules.obj
 0001:0005b0ce       _$E29                      1005c0ce f   multiplay_gamerules.obj
 0001:0005b0dd       _$E31                      1005c0dd f   multiplay_gamerules.obj
 0001:0005b0ef       _$E30                      1005c0ef f   multiplay_gamerules.obj
 0001:0003b960       _$E11                      1003c960 f   globals.obj
 0001:0003b96a       _$E10                      1003c96a f   globals.obj
 0001:0003b979       _$E14                      1003c979 f   globals.obj
 0001:0003b983       _$E13                      1003c983 f   globals.obj
 0001:00031422       _$E26                      10032422 f   func_tank.obj
 0001:0003142c       _$E25                      1003242c f   func_tank.obj
 0001:0001727d       ?SetObjectCollisionBox@@YAXPAUentvars_s@@@Z 1001827d f   cbase.obj
 0001:0000b1d0       ?IsFacing@@YAHPAUentvars_s@@ABVVector@@@Z 1000c1d0 f   barney.obj
 0001:000c336a       _findenv                   100c436a f   LIBCMT:setenv.obj
 0001:000c33c2       _copy_environ              100c43c2 f   LIBCMT:setenv.obj
 0001:000c31b8       _strncnt                   100c41b8 f   LIBCMT:a_cmp.obj
 0001:000c2b35       _xtoa                      100c3b35 f   LIBCMT:xtoa.obj
 0001:000c2c07       _x64toa@20                 100c3c07 f   LIBCMT:xtoa.obj
 0001:000c2068       __expandtime               100c3068 f   LIBCMT:strftime.obj
 0001:000c2457       __store_str                100c3457 f   LIBCMT:strftime.obj
 0001:000c247e       __store_num                100c347e f   LIBCMT:strftime.obj
 0001:000c24ed       __store_number             100c34ed f   LIBCMT:strftime.obj
 0001:000c2536       __store_winword            100c3536 f   LIBCMT:strftime.obj
 0001:000c10e8       _ctrlevent_capture@4       100c20e8 f   LIBCMT:winsig.obj
 0001:000c12cc       _siglookup                 100c22cc f   LIBCMT:winsig.obj
 0001:000c0849       _getSystemCP               100c1849 f   LIBCMT:mbctype.obj
 0001:000c0893       _CPtoLCID                  100c1893 f   LIBCMT:mbctype.obj
 0001:000c08c6       _setSBCS                   100c18c6 f   LIBCMT:mbctype.obj
 0001:000c08ef       _setSBUpLow                100c18ef f   LIBCMT:mbctype.obj
 0001:000c0662       _xcptlookup                100c1662 f   LIBCMT:winxfltr.obj
 0001:000c036c       _gu_return                 100c136c f   LIBCMT:exsup.obj
 0001:000c0374       __unwind_handler           100c1374 f   LIBCMT:exsup.obj
 0001:000bfc27       _TranslateName             100c0c27 f   LIBCMT:getqloc.obj
 0001:000bfc7f       _GetLcidFromLangCountry    100c0c7f f   LIBCMT:getqloc.obj
 0001:000bfd06       _LangCountryEnumProc@4     100c0d06 f   LIBCMT:getqloc.obj
 0001:000bff0a       _GetLcidFromLanguage       100c0f0a f   LIBCMT:getqloc.obj
 0001:000bff60       _LanguageEnumProc@4        100c0f60 f   LIBCMT:getqloc.obj
 0001:000c001d       _GetLcidFromCountry        100c101d f   LIBCMT:getqloc.obj
 0001:000c0054       _CountryEnumProc@4         100c1054 f   LIBCMT:getqloc.obj
 0001:000c00da       _GetLcidFromDefault        100c10da f   LIBCMT:getqloc.obj
 0001:000c00f4       _ProcessCodePage           100c10f4 f   LIBCMT:getqloc.obj
 0001:000c015a       _TestDefaultCountry        100c115a f   LIBCMT:getqloc.obj
 0001:000c0179       _TestDefaultLanguage       100c1179 f   LIBCMT:getqloc.obj
 0001:000c01db       _IsThisWindowsNT           100c11db f   LIBCMT:getqloc.obj
 0001:000c0211       _crtGetLocaleInfoA@16      100c1211 f   LIBCMT:getqloc.obj
 0001:000c02f7       _LcidFromHexString         100c12f7 f   LIBCMT:getqloc.obj
 0001:000c0330       _GetPrimaryLen             100c1330 f   LIBCMT:getqloc.obj
 0001:000bf638       __get_lc_lconv             100c0638 f   LIBCMT:initmon.obj
 0001:000bf75a       _fix_grouping              100c075a f   LIBCMT:initmon.obj
 0001:000bf791       __free_lc_lconv            100c0791 f   LIBCMT:initmon.obj
 0001:000bf536       _fix_grouping              100c0536 f   LIBCMT:initnum.obj
 0001:000bee83       __get_lc_time              100bfe83 f   LIBCMT:inittime.obj
 0001:000bf1d1       __free_lc_time             100c01d1 f   LIBCMT:inittime.obj
 0001:000bd740       LeadUp1                    100be740 f   LIBCMT:memmove.obj
 0001:000bd76c       LeadUp2                    100be76c f   LIBCMT:memmove.obj
 0001:000bd790       LeadUp3                    100be790 f   LIBCMT:memmove.obj
 0001:000bd80f       UnwindUp0                  100be80f f   LIBCMT:memmove.obj
 0001:000bd7fc       UnwindUp1                  100be7fc f   LIBCMT:memmove.obj
 0001:000bd7f4       UnwindUp2                  100be7f4 f   LIBCMT:memmove.obj
 0001:000bd7ec       UnwindUp3                  100be7ec f   LIBCMT:memmove.obj
 0001:000bd7e4       UnwindUp4                  100be7e4 f   LIBCMT:memmove.obj
 0001:000bd7dc       UnwindUp5                  100be7dc f   LIBCMT:memmove.obj
 0001:000bd7d4       UnwindUp6                  100be7d4 f   LIBCMT:memmove.obj
 0001:000bd7cc       UnwindUp7                  100be7cc f   LIBCMT:memmove.obj
 0001:000bd828       TrailUp0                   100be828 f   LIBCMT:memmove.obj
 0001:000bd830       TrailUp1                   100be830 f   LIBCMT:memmove.obj
 0001:000bd83c       TrailUp2                   100be83c f   LIBCMT:memmove.obj
 0001:000bd850       TrailUp3                   100be850 f   LIBCMT:memmove.obj
 0001:000bd8c8       LeadDown1                  100be8c8 f   LIBCMT:memmove.obj
 0001:000bd8e8       LeadDown2                  100be8e8 f   LIBCMT:memmove.obj
 0001:000bd910       LeadDown3                  100be910 f   LIBCMT:memmove.obj
 0001:000bd964       UnwindDown7                100be964 f   LIBCMT:memmove.obj
 0001:000bd96c       UnwindDown6                100be96c f   LIBCMT:memmove.obj
 0001:000bd974       UnwindDown5                100be974 f   LIBCMT:memmove.obj
 0001:000bd97c       UnwindDown4                100be97c f   LIBCMT:memmove.obj
 0001:000bd984       UnwindDown3                100be984 f   LIBCMT:memmove.obj
 0001:000bd98c       UnwindDown2                100be98c f   LIBCMT:memmove.obj
 0001:000bd994       UnwindDown1                100be994 f   LIBCMT:memmove.obj
 0001:000bd9a7       UnwindDown0                100be9a7 f   LIBCMT:memmove.obj
 0001:000bd9c0       TrailDown0                 100be9c0 f   LIBCMT:memmove.obj
 0001:000bd9c8       TrailDown1                 100be9c8 f   LIBCMT:memmove.obj
 0001:000bd9d8       TrailDown2                 100be9d8 f   LIBCMT:memmove.obj
 0001:000bd9ec       TrailDown3                 100be9ec f   LIBCMT:memmove.obj
 0001:000bd2ad       __abstract_cw              100be2ad f   LIBCMT:ieee87.obj
 0001:000bd33f       __hw_cw                    100be33f f   LIBCMT:ieee87.obj
 0001:000bd3c8       __abstract_sw              100be3c8 f   LIBCMT:ieee87.obj
 0001:000bc3cc       _parse_cmdline             100bd3cc f   LIBCMT:stdargv.obj
 0001:000bbd5e       _strncnt                   100bcd5e f   LIBCMT:a_map.obj
 0001:000bb707       __setlocale_set_cat        100bc707 f   LIBCMT:setlocal.obj
 0001:000bb822       __setlocale_get_all        100bc822 f   LIBCMT:setlocal.obj
 0001:000bad61       __tzset_lk                 100bbd61 f   LIBCMT:tzset.obj
 0001:000bb009       __isindst_lk               100bc009 f   LIBCMT:tzset.obj
 0001:000bb1b5       _cvtdate                   100bc1b5 f   LIBCMT:tzset.obj
 0001:000ba851       _flsall                    100bb851 f   LIBCMT:fflush.obj
 0001:000b90aa       _doexit                    100ba0aa f   LIBCMT:crt0dat.obj
 0001:000b9161       __initterm                 100ba161 f   LIBCMT:crt0dat.obj
 0001:000b8fb1       __hextodec                 100b9fb1 f   LIBCMT:input.obj
 0001:000b8fe8       __inc                      100b9fe8 f   LIBCMT:input.obj
 0001:000b9002       __un_inc                   100ba002 f   LIBCMT:input.obj
 0001:000b9019       __whiteout                 100ba019 f   LIBCMT:input.obj
 0001:000b8201       fFEXP                      100b9201 f   LIBCMT:87tran.obj
 0001:000b8341       _rtforexpinf               100b9341 f   LIBCMT:87tran.obj
 0001:000b80dc       fFATN2                     100b90dc f   LIBCMT:87triga.obj
 0001:000b8152       _rtforatnby0               100b9152 f   LIBCMT:87triga.obj
 0001:000b8135       _rtforatn20                100b9135 f   LIBCMT:87triga.obj
 0001:000b7454       label0                     100b8454 f   LIBCMT:adj_fdiv.obj
 0001:000b745a       label1                     100b845a f   LIBCMT:adj_fdiv.obj
 0001:000b745f       label2                     100b845f f   LIBCMT:adj_fdiv.obj
 0001:000b7465       label3                     100b8465 f   LIBCMT:adj_fdiv.obj
 0001:000b746a       label4                     100b846a f   LIBCMT:adj_fdiv.obj
 0001:000b7470       label5                     100b8470 f   LIBCMT:adj_fdiv.obj
 0001:000b7476       label6                     100b8476 f   LIBCMT:adj_fdiv.obj
 0001:000b747c       label7                     100b847c f   LIBCMT:adj_fdiv.obj
 0001:000b7482       label8                     100b8482 f   LIBCMT:adj_fdiv.obj
 0001:000b749e       label9                     100b849e f   LIBCMT:adj_fdiv.obj
 0001:000b74a3       label10                    100b84a3 f   LIBCMT:adj_fdiv.obj
 0001:000b74b9       label11                    100b84b9 f   LIBCMT:adj_fdiv.obj
 0001:000b74be       label12                    100b84be f   LIBCMT:adj_fdiv.obj
 0001:000b74da       label13                    100b84da f   LIBCMT:adj_fdiv.obj
 0001:000b74ea       label14                    100b84ea f   LIBCMT:adj_fdiv.obj
 0001:000b74fe       label15                    100b84fe f   LIBCMT:adj_fdiv.obj
 0001:000b750e       label16                    100b850e f   LIBCMT:adj_fdiv.obj
 0001:000b752e       label17                    100b852e f   LIBCMT:adj_fdiv.obj
 0001:000b7533       label18                    100b8533 f   LIBCMT:adj_fdiv.obj
 0001:000b754d       label19                    100b854d f   LIBCMT:adj_fdiv.obj
 0001:000b7552       label20                    100b8552 f   LIBCMT:adj_fdiv.obj
 0001:000b7572       label21                    100b8572 f   LIBCMT:adj_fdiv.obj
 0001:000b7586       label22                    100b8586 f   LIBCMT:adj_fdiv.obj
 0001:000b759e       label23                    100b859e f   LIBCMT:adj_fdiv.obj
 0001:000b75b2       label24                    100b85b2 f   LIBCMT:adj_fdiv.obj
 0001:000b75d2       label25                    100b85d2 f   LIBCMT:adj_fdiv.obj
 0001:000b75d7       label26                    100b85d7 f   LIBCMT:adj_fdiv.obj
 0001:000b75f1       label27                    100b85f1 f   LIBCMT:adj_fdiv.obj
 0001:000b75f6       label28                    100b85f6 f   LIBCMT:adj_fdiv.obj
 0001:000b7616       label29                    100b8616 f   LIBCMT:adj_fdiv.obj
 0001:000b762a       label30                    100b862a f   LIBCMT:adj_fdiv.obj
 0001:000b7642       label31                    100b8642 f   LIBCMT:adj_fdiv.obj
 0001:000b7656       label32                    100b8656 f   LIBCMT:adj_fdiv.obj
 0001:000b7676       label33                    100b8676 f   LIBCMT:adj_fdiv.obj
 0001:000b767b       label34                    100b867b f   LIBCMT:adj_fdiv.obj
 0001:000b7695       label35                    100b8695 f   LIBCMT:adj_fdiv.obj
 0001:000b769a       label36                    100b869a f   LIBCMT:adj_fdiv.obj
 0001:000b76ba       label37                    100b86ba f   LIBCMT:adj_fdiv.obj
 0001:000b76ce       label38                    100b86ce f   LIBCMT:adj_fdiv.obj
 0001:000b76e6       label39                    100b86e6 f   LIBCMT:adj_fdiv.obj
 0001:000b76fa       label40                    100b86fa f   LIBCMT:adj_fdiv.obj
 0001:000b771a       label41                    100b871a f   LIBCMT:adj_fdiv.obj
 0001:000b771f       label42                    100b871f f   LIBCMT:adj_fdiv.obj
 0001:000b7739       label43                    100b8739 f   LIBCMT:adj_fdiv.obj
 0001:000b773e       label44                    100b873e f   LIBCMT:adj_fdiv.obj
 0001:000b775e       label45                    100b875e f   LIBCMT:adj_fdiv.obj
 0001:000b7772       label46                    100b8772 f   LIBCMT:adj_fdiv.obj
 0001:000b778a       label47                    100b878a f   LIBCMT:adj_fdiv.obj
 0001:000b779e       label48                    100b879e f   LIBCMT:adj_fdiv.obj
 0001:000b77be       label49                    100b87be f   LIBCMT:adj_fdiv.obj
 0001:000b77c3       label50                    100b87c3 f   LIBCMT:adj_fdiv.obj
 0001:000b77dd       label51                    100b87dd f   LIBCMT:adj_fdiv.obj
 0001:000b77e2       label52                    100b87e2 f   LIBCMT:adj_fdiv.obj
 0001:000b7802       label53                    100b8802 f   LIBCMT:adj_fdiv.obj
 0001:000b7816       label54                    100b8816 f   LIBCMT:adj_fdiv.obj
 0001:000b782e       label55                    100b882e f   LIBCMT:adj_fdiv.obj
 0001:000b7842       label56                    100b8842 f   LIBCMT:adj_fdiv.obj
 0001:000b7862       label57                    100b8862 f   LIBCMT:adj_fdiv.obj
 0001:000b7867       label58                    100b8867 f   LIBCMT:adj_fdiv.obj
 0001:000b7881       label59                    100b8881 f   LIBCMT:adj_fdiv.obj
 0001:000b7886       label60                    100b8886 f   LIBCMT:adj_fdiv.obj
 0001:000b78a6       label61                    100b88a6 f   LIBCMT:adj_fdiv.obj
 0001:000b78ba       label62                    100b88ba f   LIBCMT:adj_fdiv.obj
 0001:000b78d2       label63                    100b88d2 f   LIBCMT:adj_fdiv.obj
 0001:000b6f20       _write_char                100b7f20 f   LIBCMT:output.obj
 0001:000b6f55       _write_multi_char          100b7f55 f   LIBCMT:output.obj
 0001:000b6f86       _write_string              100b7f86 f   LIBCMT:output.obj
 0001:000b6fbe       _get_int_arg               100b7fbe f   LIBCMT:output.obj
 0001:000b6fcb       _get_int64_arg             100b7fcb f   LIBCMT:output.obj
 0001:000b6fdb       _get_short_arg             100b7fdb f   LIBCMT:output.obj
 0001:000b6437       __get_fname                100b7437 f   LIBCMT:fpexcept.obj
 0001:000b563c       __cftoe2                   100b663c f   LIBCMT:cvt.obj
 0001:000b5753       __cftof2                   100b6753 f   LIBCMT:cvt.obj
 0001:000b58de       __shift                    100b68de f   LIBCMT:cvt.obj
 0001:000b43c4       fFMOD                      100b53c4 f   LIBCMT:87fmod.obj
 0001:000b3bb0       LeadUp1                    100b4bb0 f   LIBCMT:memcpy.obj
 0001:000b3bdc       LeadUp2                    100b4bdc f   LIBCMT:memcpy.obj
 0001:000b3c00       LeadUp3                    100b4c00 f   LIBCMT:memcpy.obj
 0001:000b3c7f       UnwindUp0                  100b4c7f f   LIBCMT:memcpy.obj
 0001:000b3c6c       UnwindUp1                  100b4c6c f   LIBCMT:memcpy.obj
 0001:000b3c64       UnwindUp2                  100b4c64 f   LIBCMT:memcpy.obj
 0001:000b3c5c       UnwindUp3                  100b4c5c f   LIBCMT:memcpy.obj
 0001:000b3c54       UnwindUp4                  100b4c54 f   LIBCMT:memcpy.obj
 0001:000b3c4c       UnwindUp5                  100b4c4c f   LIBCMT:memcpy.obj
 0001:000b3c44       UnwindUp6                  100b4c44 f   LIBCMT:memcpy.obj
 0001:000b3c3c       UnwindUp7                  100b4c3c f   LIBCMT:memcpy.obj
 0001:000b3c98       TrailUp0                   100b4c98 f   LIBCMT:memcpy.obj
 0001:000b3ca0       TrailUp1                   100b4ca0 f   LIBCMT:memcpy.obj
 0001:000b3cac       TrailUp2                   100b4cac f   LIBCMT:memcpy.obj
 0001:000b3cc0       TrailUp3                   100b4cc0 f   LIBCMT:memcpy.obj
 0001:000b3d38       LeadDown1                  100b4d38 f   LIBCMT:memcpy.obj
 0001:000b3d58       LeadDown2                  100b4d58 f   LIBCMT:memcpy.obj
 0001:000b3d80       LeadDown3                  100b4d80 f   LIBCMT:memcpy.obj
 0001:000b3dd4       UnwindDown7                100b4dd4 f   LIBCMT:memcpy.obj
 0001:000b3ddc       UnwindDown6                100b4ddc f   LIBCMT:memcpy.obj
 0001:000b3de4       UnwindDown5                100b4de4 f   LIBCMT:memcpy.obj
 0001:000b3dec       UnwindDown4                100b4dec f   LIBCMT:memcpy.obj
 0001:000b3df4       UnwindDown3                100b4df4 f   LIBCMT:memcpy.obj
 0001:000b3dfc       UnwindDown2                100b4dfc f   LIBCMT:memcpy.obj
 0001:000b3e04       UnwindDown1                100b4e04 f   LIBCMT:memcpy.obj
 0001:000b3e17       UnwindDown0                100b4e17 f   LIBCMT:memcpy.obj
 0001:000b3e30       TrailDown0                 100b4e30 f   LIBCMT:memcpy.obj
 0001:000b3e38       TrailDown1                 100b4e38 f   LIBCMT:memcpy.obj
 0001:000b3e48       TrailDown2                 100b4e48 f   LIBCMT:memcpy.obj
 0001:000b3e5c       TrailDown3                 100b4e5c f   LIBCMT:memcpy.obj
