 client

 Timestamp is 51a8c703 (Fri May 31 19:51:31 2013)

 Preferred load address is 10000000

 Start         Length     Name                   Class
 0001:00000000 00071b1aH .text                   CODE
 0001:00071b20 000013fcH .text$x                 CODE
 0002:00000000 000009f8H .idata$5                DATA
 0002:00000a00 0000c010H .rdata                  DATA
 0002:0000ca10 00000044H .rdata$r                DATA
 0002:0000ca58 00001318H .xdata$x                DATA
 0002:0000dd70 00000078H .idata$2                DATA
 0002:0000dde8 00000014H .idata$3                DATA
 0002:0000ddfc 000009f8H .idata$4                DATA
 0002:0000e7f4 00006716H .idata$6                DATA
 0002:00014f10 00006e93H .edata                  DATA
 0003:00000000 00000004H .CRT$XCA                DATA
 0003:00000004 00000094H .CRT$XCU                DATA
 0003:00000098 00000004H .CRT$XCZ                DATA
 0003:0000009c 00000004H .CRT$XIA                DATA
 0003:000000a0 0000000cH .CRT$XIC                DATA
 0003:000000ac 00000004H .CRT$XIY                DATA
 0003:000000b0 00000004H .CRT$XIZ                DATA
 0003:000000b4 00000004H .CRT$XPA                DATA
 0003:000000b8 00000004H .CRT$XPX                DATA
 0003:000000bc 00000004H .CRT$XPZ                DATA
 0003:000000c0 00000004H .CRT$XTA                DATA
 0003:000000c4 00000004H .CRT$XTB                DATA
 0003:000000c8 00000004H .CRT$XTZ                DATA
 0003:000000d0 00007dacH .data                   DATA
 0003:00007e80 0003873cH .bss                    DATA

  Address         Publics by Value              Rva+Base     Lib:Object

 0001:00000000       ?SUB_CallUseToggle@CBaseEntity@@QAEXXZ 10001000 f i crossbow.obj
 0001:00000030       ?CallMonsterThink@CBaseMonster@@QAEXXZ 10001030 f i crossbow.obj
 0001:00000050       _weapon_crossbow           10001050 f   crossbow.obj
 0001:00000061       ?Spawn@CCrossbow@@UAEXXZ   10001061 f   crossbow.obj
 0001:000000b4       ?AddToPlayer@CCrossbow@@UAEHPAVCBasePlayer@@@Z 100010b4 f   crossbow.obj
 0001:00000109       ?Precache@CCrossbow@@UAEXXZ 10001109 f   crossbow.obj
 0001:0000019b       ?GetItemInfo@CCrossbow@@UAEHPAUItemInfo@@@Z 1000119b f   crossbow.obj
 0001:0000022a       ?Deploy@CCrossbow@@UAEHXZ  1000122a f   crossbow.obj
 0001:0000027d       ?Holster@CCrossbow@@UAEXH@Z 1000127d f   crossbow.obj
 0001:00000303       ?PrimaryAttack@CCrossbow@@UAEXXZ 10001303 f   crossbow.obj
 0001:0000033a       ?FireSniperBolt@CCrossbow@@QAEXXZ 1000133a f   crossbow.obj
 0001:00000525       ?FireBolt@CCrossbow@@QAEXXZ 10001525 f   crossbow.obj
 0001:0000076d       ?SecondaryAttack@CCrossbow@@UAEXXZ 1000176d f   crossbow.obj
 0001:00000842       ?Reload@CCrossbow@@UAEXXZ  10001842 f   crossbow.obj
 0001:000008ef       ?WeaponIdle@CCrossbow@@UAEXXZ 100018ef f   crossbow.obj
 0001:00000a2f       _ammo_crossbow             10001a2f f   crossbow.obj
 0001:00000a40       ?ENT@@YAPAUedict_s@@PBUentvars_s@@@Z 10001a40 f i crossbow.obj
 0001:00000a50       ?MESSAGE_BEGIN@@YAXHHPBMPAUentvars_s@@@Z 10001a50 f i crossbow.obj
 0001:00000a80       ??0Vector@@QAE@QAM@Z       10001a80 f i crossbow.obj
 0001:00000a80       ??0Vector@@QAE@ABV0@@Z     10001a80 f i crossbow.obj
 0001:00000ac0       ??HVector@@QBE?AV0@ABV0@@Z 10001ac0 f i crossbow.obj
 0001:00000b20       ??0Vector@@QAE@MMM@Z       10001b20 f i crossbow.obj
 0001:00000b50       ??GVector@@QBE?AV0@ABV0@@Z 10001b50 f i crossbow.obj
 0001:00000bb0       ??DVector@@QBE?AV0@M@Z     10001bb0 f i crossbow.obj
 0001:00000c00       ?edict@CBaseEntity@@QAEPAUedict_s@@XZ 10001c00 f i crossbow.obj
 0001:00000c20       ??0TraceResult@@QAE@XZ     10001c20 f i crossbow.obj
 0001:00000c50       ?GetClassPtr@@YAPAVCCrossbow@@PAV1@@Z 10001c50 f i crossbow.obj
 0001:00000d10       ?GET_PRIVATE@@YAPAXPAUedict_s@@@Z 10001d10 f i crossbow.obj
 0001:00000d30       ?VARS@@YAPAUentvars_s@@PAUedict_s@@@Z 10001d30 f i crossbow.obj
 0001:00000d50       ??2CBaseEntity@@SAPAXIPAUentvars_s@@@Z 10001d50 f i crossbow.obj
 0001:00000d70       ??3CBaseEntity@@SAXPAXPAUentvars_s@@@Z 10001d70 f i crossbow.obj
 0001:00000d90       ?GetClassPtr@@YAPAVCCrossbowAmmo@@PAV1@@Z 10001d90 f i crossbow.obj
 0001:00000e50       ??0CCrossbow@@QAE@XZ       10001e50 f i crossbow.obj
 0001:00000e70       ?SecondaryAmmoIndex@CBasePlayerItem@@UAEHXZ 10001e70 f i crossbow.obj
 0001:00000e70       ?BloodColor@CBaseEntity@@UAEHXZ 10001e70 f i crossbow.obj
 0001:00000e70       ?PrimaryAmmoIndex@CBasePlayerItem@@UAEHXZ 10001e70 f i crossbow.obj
 0001:00000e70       ?BloodColor@CGrenade@@UAEHXZ 10001e70 f i crossbow.obj
 0001:00000e80       ?AddAmmo@CBasePlayerAmmo@@UAEHPAVCBaseEntity@@@Z 10001e80 f i crossbow.obj
 0001:00000e80       ?IsTriggered@CBaseEntity@@UAEHPAV1@@Z 10001e80 f i crossbow.obj
 0001:00000e80       ?FValidateCover@CBaseMonster@@UAEHABVVector@@@Z 10001e80 f i crossbow.obj
 0001:00000ea0       ?Draw@CHudBase@@UAEHM@Z    10001ea0 f i crossbow.obj
 0001:00000ea0       ?GetItemInfo@CBasePlayerItem@@UAEHPAUItemInfo@@@Z 10001ea0 f i crossbow.obj
 0001:00000ea0       ?AddDuplicate@CBasePlayerItem@@UAEHPAV1@@Z 10001ea0 f i crossbow.obj
 0001:00000ea0       ?UpdateClientData@CBasePlayerItem@@UAEHPAVCBasePlayer@@@Z 10001ea0 f i crossbow.obj
 0001:00000ea0       ?AddPlayerItem@CBaseEntity@@UAEHPAVCBasePlayerItem@@@Z 10001ea0 f i crossbow.obj
 0001:00000ea0       ?OnControls@CBaseEntity@@UAEHPAUentvars_s@@@Z 10001ea0 f i crossbow.obj
 0001:00000ea0       ?RemovePlayerItem@CBaseEntity@@UAEHPAVCBasePlayerItem@@@Z 10001ea0 f i crossbow.obj
 0001:00000eb0       ?GiveAmmo@CBaseEntity@@UAEHHPADH@Z 10001eb0 f i crossbow.obj
 0001:00000ec0       ?GetDelay@CBaseEntity@@UAEMXZ 10001ec0 f i crossbow.obj
 0001:00000ee0       ?IsMoving@CBaseEntity@@UAEHXZ 10001ee0 f i crossbow.obj
 0001:00000f00       ??9Vector@@QBEHABV0@@Z     10001f00 f i crossbow.obj
 0001:00000f20       ??8Vector@@QBEHABV0@@Z     10001f20 f i crossbow.obj
 0001:00000f80       ?IsBSPModel@CBaseEntity@@UAEHXZ 10001f80 f i crossbow.obj
 0001:00000fc0       ?ReflectGauss@CBaseEntity@@UAEHXZ 10001fc0 f i crossbow.obj
 0001:00001010       ?HasTarget@CBaseEntity@@UAEHH@Z 10002010 f i crossbow.obj
 0001:00001050       ?FStrEq@@YAHPBD0@Z         10002050 f i crossbow.obj
 0001:00001070       ?TeamID@CBaseEntity@@UAEPBDXZ 10002070 f i crossbow.obj
 0001:00001080       ?Think@CBaseEntity@@UAEXXZ 10002080 f i crossbow.obj
 0001:000010a0       ?Touch@CBaseEntity@@UAEXPAV1@@Z 100020a0 f i crossbow.obj
 0001:000010d0       ?Use@CBaseEntity@@UAEXPAV1@0W4USE_TYPE@@M@Z 100020d0 f i crossbow.obj
 0001:00001100       ?Blocked@CBaseEntity@@UAEXPAV1@@Z 10002100 f i crossbow.obj
 0001:00001130       ?Center@CBaseEntity@@UAE?AVVector@@XZ 10002130 f i crossbow.obj
 0001:00001180       ?EyePosition@CBaseEntity@@UAE?AVVector@@XZ 10002180 f i crossbow.obj
 0001:00001180       ?EarPosition@CBaseEntity@@UAE?AVVector@@XZ 10002180 f i crossbow.obj
 0001:000011c0       ?BodyTarget@CBaseEntity@@UAE?AVVector@@ABV2@@Z 100021c0 f i crossbow.obj
 0001:000011f0       ?Illumination@CBaseEntity@@UAEHXZ 100021f0 f i crossbow.obj
 0001:00001220       ?AddWeapon@CBasePlayerWeapon@@UAEHXZ 10002220 f i crossbow.obj
 0001:00001250       ?iItemSlot@CBasePlayerItem@@UAEHXZ 10002250 f i crossbow.obj
 0001:00001250       ?Init@CHudBase@@UAEHXZ     10002250 f i crossbow.obj
 0001:00001250       ?FBecomeProne@CBaseEntity@@UAEHXZ 10002250 f i crossbow.obj
 0001:00001250       ?UseDecrement@CBasePlayerWeapon@@UAEHXZ 10002250 f i crossbow.obj
 0001:00001250       ?IsPlayer@CBaseEntity@@UAEHXZ 10002250 f i crossbow.obj
 0001:00001250       ?ShouldWeaponIdle@CBasePlayerWeapon@@UAEHXZ 10002250 f i crossbow.obj
 0001:00001250       ?Respawn@CBaseEntity@@UAEPAV1@XZ 10002250 f i crossbow.obj
 0001:00001250       ?Classify@CBaseEntity@@UAEHXZ 10002250 f i crossbow.obj
 0001:00001250       ?ShouldFadeOnDeath@CBasePlayer@@UAEHXZ 10002250 f i crossbow.obj
 0001:00001250       ?IsNotValid@CommandButton@@UAEHXZ 10002250 f i crossbow.obj
 0001:00001250       ?VidInit@CHudBase@@UAEHXZ  10002250 f i crossbow.obj
 0001:00001250       ?MyMonsterPointer@CBaseEntity@@UAEPAVCBaseMonster@@XZ 10002250 f i crossbow.obj
 0001:00001250       ?GetToggleState@CBaseEntity@@UAEHXZ 10002250 f i crossbow.obj
 0001:00001250       ?IsNetClient@CBaseEntity@@UAEHXZ 10002250 f i crossbow.obj
 0001:00001250       ?IsSneaking@CBaseEntity@@UAEHXZ 10002250 f i crossbow.obj
 0001:00001250       ?GetWeaponPtr@CBasePlayerItem@@UAEPAV1@XZ 10002250 f i crossbow.obj
 0001:00001250       ?MySquadMonsterPointer@CBaseEntity@@UAEPAVCSquadMonster@@XZ 10002250 f i crossbow.obj
 0001:00001260       ??0CCrossbowAmmo@@QAE@XZ   10002260 f i crossbow.obj
 0001:00001280       ?KeyValue@CBaseEntity@@UAEXPAUKeyValueData_s@@@Z 10002280 f i crossbow.obj
 0001:000012a0       ?Spawn@CCrossbowAmmo@@EAEXXZ 100022a0 f i crossbow.obj
 0001:000012e0       ?Precache@CCrossbowAmmo@@EAEXXZ 100022e0 f i crossbow.obj
 0001:00001310       ?AddAmmo@CCrossbowAmmo@@EAEHPAVCBaseEntity@@@Z 10002310 f i crossbow.obj
 0001:00001370       ?EMIT_SOUND@@YAXPAUedict_s@@HPBDMM@Z 10002370 f i crossbow.obj
 0001:000013a0       ??0CBasePlayerWeapon@@QAE@XZ 100023a0 f i crossbow.obj
 0001:000013c0       ??0CBasePlayerAmmo@@QAE@XZ 100023c0 f i crossbow.obj
 0001:000013e0       ??0CBasePlayerItem@@QAE@XZ 100023e0 f i crossbow.obj
 0001:00001400       ??0CBaseEntity@@QAE@XZ     10002400 f i crossbow.obj
 0001:00001420       ??0CBaseAnimating@@QAE@XZ  10002420 f i crossbow.obj
 0001:00001440       ??0CBaseDelay@@QAE@XZ      10002440 f i crossbow.obj
 0001:00001460       _weapon_crowbar            10002460 f   crowbar.obj
 0001:00001471       ?Spawn@CCrowbar@@UAEXXZ    10002471 f   crowbar.obj
 0001:000014c4       ?Precache@CCrowbar@@UAEXXZ 100024c4 f   crowbar.obj
 0001:00001567       ?GetItemInfo@CCrowbar@@UAEHPAUItemInfo@@@Z 10002567 f   crowbar.obj
 0001:000015ec       ?Deploy@CCrowbar@@UAEHXZ   100025ec f   crowbar.obj
 0001:00001614       ?Holster@CCrowbar@@UAEXH@Z 10002614 f   crowbar.obj
 0001:00001651       ?FindHullIntersection@@YAXABVVector@@AAUTraceResult@@PAM2PAUedict_s@@@Z 10002651 f   crowbar.obj
 0001:0000180d       ?PrimaryAttack@CCrowbar@@UAEXXZ 1000280d f   crowbar.obj
 0001:0000184f       ?Smack@CCrowbar@@QAEXXZ    1000284f f   crowbar.obj
 0001:0000186d       ?SwingAgain@CCrowbar@@QAEXXZ 1000286d f   crowbar.obj
 0001:00001882       ?Swing@CCrowbar@@QAEHH@Z   10002882 f   crowbar.obj
 0001:00001a90       ?Length@Vector@@QBEMXZ     10002a90 f i crowbar.obj
 0001:00001ae0       ?GetClassPtr@@YAPAVCCrowbar@@PAV1@@Z 10002ae0 f i crowbar.obj
 0001:00001ba0       ??0CCrowbar@@QAE@XZ        10002ba0 f i crowbar.obj
 0001:00001bd0       _weapon_egon               10002bd0 f   egon.obj
 0001:00001be1       ?Spawn@CEgon@@UAEXXZ       10002be1 f   egon.obj
 0001:00001c34       ?Precache@CEgon@@UAEXXZ    10002c34 f   egon.obj
 0001:00001d0d       ?Deploy@CEgon@@UAEHXZ      10002d0d f   egon.obj
 0001:00001d4c       ?AddToPlayer@CEgon@@UAEHPAVCBasePlayer@@@Z 10002d4c f   egon.obj
 0001:00001da1       ?Holster@CEgon@@UAEXH@Z    10002da1 f   egon.obj
 0001:00001de6       ?GetItemInfo@CEgon@@UAEHPAUItemInfo@@@Z 10002de6 f   egon.obj
 0001:00001e7f       ?GetPulseInterval@CEgon@@QAEMXZ 10002e7f f   egon.obj
 0001:00001e90       ?GetDischargeInterval@CEgon@@QAEMXZ 10002e90 f   egon.obj
 0001:00001ea1       ?HasAmmo@CEgon@@QAEHXZ     10002ea1 f   egon.obj
 0001:00001ec1       ?UseAmmo@CEgon@@QAEXH@Z    10002ec1 f   egon.obj
 0001:00001f34       ?Attack@CEgon@@QAEXXZ      10002f34 f   egon.obj
 0001:000021e7       ?PrimaryAttack@CEgon@@UAEXXZ 100031e7 f   egon.obj
 0001:00002207       ?Fire@CEgon@@QAEXABVVector@@0@Z 10003207 f   egon.obj
 0001:000023b5       ?UpdateEffect@CEgon@@QAEXABVVector@@0M@Z 100033b5 f   egon.obj
 0001:000023c2       ?CreateEffect@CEgon@@QAEXXZ 100033c2 f   egon.obj
 0001:000023cd       ?DestroyEffect@CEgon@@QAEXXZ 100033cd f   egon.obj
 0001:000023d8       ?WeaponIdle@CEgon@@UAEXXZ  100033d8 f   egon.obj
 0001:000024be       ?EndAttack@CEgon@@QAEXXZ   100034be f   egon.obj
 0001:0000257a       _ammo_egonclip             1000357a f   egon.obj
 0001:00002590       ?GetClassPtr@@YAPAVCEgon@@PAV1@@Z 10003590 f i egon.obj
 0001:00002650       ?GetClassPtr@@YAPAVCEgonAmmo@@PAV1@@Z 10003650 f i egon.obj
 0001:00002710       ??0CEgon@@QAE@XZ           10003710 f i egon.obj
 0001:00002730       ??0CEgonAmmo@@QAE@XZ       10003730 f i egon.obj
 0001:00002750       ?Precache@CMP5Chainammo@@EAEXXZ 10003750 f i egon.obj
 0001:00002750       ?Precache@CEgonAmmo@@EAEXXZ 10003750 f i egon.obj
 0001:00002780       ??4?$Dar@PAVInputSignal@vgui@@@vgui@@QAEAAV01@ABV01@@Z 10003780 f i ev_hldm.obj
 0001:00002780       ??4?$Dar@H@vgui@@QAEAAV01@ABV01@@Z 10003780 f i ev_hldm.obj
 0001:00002780       ??4?$Dar@PAVSurfaceBase@vgui@@@vgui@@QAEAAV01@ABV01@@Z 10003780 f i ev_hldm.obj
 0001:00002780       ??4?$Dar@PAVFrameSignal@vgui@@@vgui@@QAEAAV01@ABV01@@Z 10003780 f i ev_hldm.obj
 0001:00002780       ??4?$Dar@PAVIntChangeSignal@vgui@@@vgui@@QAEAAV01@ABV01@@Z 10003780 f i ev_hldm.obj
 0001:00002780       ??4?$Dar@PAVDesktopIcon@vgui@@@vgui@@QAEAAV01@ABV01@@Z 10003780 f i ev_hldm.obj
 0001:00002780       ??4?$Dar@PAVLabel@vgui@@@vgui@@QAEAAV01@ABV01@@Z 10003780 f i ev_hldm.obj
 0001:00002780       ??4?$Dar@PAV?$Dar@D@vgui@@@vgui@@QAEAAV01@ABV01@@Z 10003780 f i ev_hldm.obj
 0001:00002780       ??4?$Dar@PAVChangeSignal@vgui@@@vgui@@QAEAAV01@ABV01@@Z 10003780 f i ev_hldm.obj
 0001:00002780       ??4?$Dar@D@vgui@@QAEAAV01@ABV01@@Z 10003780 f i ev_hldm.obj
 0001:00002780       ??4?$Dar@PAVFrame@vgui@@@vgui@@QAEAAV01@ABV01@@Z 10003780 f i ev_hldm.obj
 0001:00002780       ??4?$Dar@PAVTickSignal@vgui@@@vgui@@QAEAAV01@ABV01@@Z 10003780 f i ev_hldm.obj
 0001:00002780       ??4?$Dar@PAVRepaintSignal@vgui@@@vgui@@QAEAAV01@ABV01@@Z 10003780 f i ev_hldm.obj
 0001:00002780       ??4?$Dar@PAD@vgui@@QAEAAV01@ABV01@@Z 10003780 f i ev_hldm.obj
 0001:00002780       ??4?$Dar@PAVActionSignal@vgui@@@vgui@@QAEAAV01@ABV01@@Z 10003780 f i ev_hldm.obj
 0001:00002780       ??4?$Dar@PAVFocusChangeSignal@vgui@@@vgui@@QAEAAV01@ABV01@@Z 10003780 f i ev_hldm.obj
 0001:00002780       ??4?$Dar@PAVButton@vgui@@@vgui@@QAEAAV01@ABV01@@Z 10003780 f i ev_hldm.obj
 0001:00002780       ??4?$Dar@PAVPanel@vgui@@@vgui@@QAEAAV01@ABV01@@Z 10003780 f i ev_hldm.obj
 0001:000027b0       ??0Scheme@vgui@@QAE@ABV01@@Z 100037b0 f i ev_hldm.obj
 0001:00002820       ??4Scheme@vgui@@QAEAAV01@ABV01@@Z 10003820 f i ev_hldm.obj
 0001:000028d0       ??0Color@vgui@@QAE@ABV01@@Z 100038d0 f i ev_hldm.obj
 0001:00002910       ??4Color@vgui@@QAEAAV01@ABV01@@Z 10003910 f i ev_hldm.obj
 0001:00002960       ??0Panel@vgui@@QAE@ABV01@@Z 10003960 f i ev_hldm.obj
 0001:00002ba0       ??4Panel@vgui@@QAEAAV01@ABV01@@Z 10003ba0 f i ev_hldm.obj
 0001:00002e70       ??0Label@vgui@@QAE@XZ      10003e70 f i ev_hldm.obj
 0001:00002eb0       ??0Label@vgui@@QAE@ABV01@@Z 10003eb0 f i ev_hldm.obj
 0001:00002f60       ??4Label@vgui@@QAEAAV01@ABV01@@Z 10003f60 f i ev_hldm.obj
 0001:00003000       ??0Image@vgui@@QAE@ABV01@@Z 10004000 f i ev_hldm.obj
 0001:00003060       ??4Image@vgui@@QAEAAV01@ABV01@@Z 10004060 f i ev_hldm.obj
 0001:000030f0       ??0Border@vgui@@QAE@ABV01@@Z 100040f0 f i ev_hldm.obj
 0001:00003150       ??4Border@vgui@@QAEAAV01@ABV01@@Z 10004150 f i ev_hldm.obj
 0001:000031b0       ?setLineColor@LineBorder@vgui@@QAEXHHHH@Z 100041b0 f i ev_hldm.obj
 0001:000031f0       ??0LineBorder@vgui@@QAE@ABV01@@Z 100041f0 f i ev_hldm.obj
 0001:00003230       ??4LineBorder@vgui@@QAEAAV01@ABV01@@Z 10004230 f i ev_hldm.obj
 0001:00003260       ??0ImagePanel@vgui@@QAE@XZ 10004260 f i ev_hldm.obj
 0001:00003290       ??0ImagePanel@vgui@@QAE@ABV01@@Z 10004290 f i ev_hldm.obj
 0001:000032d0       ??0Bitmap@vgui@@QAE@ABV01@@Z 100042d0 f i ev_hldm.obj
 0001:00003320       ??4Bitmap@vgui@@QAEAAV01@ABV01@@Z 10004320 f i ev_hldm.obj
 0001:00003360       ??0BitmapTGA@vgui@@QAE@ABV01@@Z 10004360 f i ev_hldm.obj
 0001:00003390       ??4BitmapTGA@vgui@@QAEAAV01@ABV01@@Z 10004390 f i ev_hldm.obj
 0001:000033b0       ??0InputSignal@vgui@@QAE@XZ 100043b0 f i ev_hldm.obj
 0001:000033d0       ??0InputSignal@vgui@@QAE@ABV01@@Z 100043d0 f i ev_hldm.obj
 0001:000033f0       ??0Button@vgui@@QAE@ABV01@@Z 100043f0 f i ev_hldm.obj
 0001:000034c0       ??4Button@vgui@@QAEAAV01@ABV01@@Z 100044c0 f i ev_hldm.obj
 0001:00003580       ??_H@YGXPAXIHP6EX0@Z@Z     10004580 f i ev_hldm.obj
 0001:000035b0       ?EV_HLDM_PlayTextureSound@@YAMHPAUpmtrace_s@@PAM1H@Z 100045b0 f   ev_hldm.obj
 0001:000039a2       ?EV_HLDM_DamageDecal@@YAPADPAUphysent_s@@@Z 100049a2 f   ev_hldm.obj
 0001:00003a2c       ?EV_HLDM_GunshotDecalTrace@@YAXPAUpmtrace_s@@PAD@Z 10004a2c f   ev_hldm.obj
 0001:00003c4d       ?EV_HLDM_DecalGunshot@@YAXPAUpmtrace_s@@H@Z 10004c4d f   ev_hldm.obj
 0001:00003c9b       ?EV_HLDM_CheckTracer@@YAHHPAM000HHPAH@Z 10004c9b f   ev_hldm.obj
 0001:00003dd9       ?EV_HLDM_FireBullets@@YAXHPAM00H00MHHPAHMM@Z 10004dd9 f   ev_hldm.obj
 0001:00004150       _EV_FireGlock1             10005150 f   ev_hldm.obj
 0001:0000446b       _EV_FireGlock2             1000546b f   ev_hldm.obj
 0001:00004783       _EV_FireShotGunDouble      10005783 f   ev_hldm.obj
 0001:00004b35       _EV_FireShotGunSingle      10005b35 f   ev_hldm.obj
 0001:00004ec5       _EV_FireMP5                10005ec5 f   ev_hldm.obj
 0001:000052bb       _EV_FireMP52               100062bb f   ev_hldm.obj
 0001:000053d0       _EV_GrenadeFire            100063d0 f   ev_hldm.obj
 0001:00005425       _EV_FirePython             10006425 f   ev_hldm.obj
 0001:00005719       _EV_SpinGauss              10006719 f   ev_hldm.obj
 0001:000058bb       ?EV_StopPreviousGauss@@YAXH@Z 100068bb f   ev_hldm.obj
 0001:000058eb       _EV_FireGauss              100068eb f   ev_hldm.obj
 0001:00006993       _EV_Crowbar                10007993 f   ev_hldm.obj
 0001:00006aa9       ?EV_BoltCallback@@YAXPAUtempent_s@@MM@Z 10007aa9 f   ev_hldm.obj
 0001:00006af1       _EV_FireCrossbow2          10007af1 f   ev_hldm.obj
 0001:00007029       _EV_FireCrossbow           10008029 f   ev_hldm.obj
 0001:00007153       _EV_FireRpg                10008153 f   ev_hldm.obj
 0001:0000722a       _EV_EgonFire               1000822a f   ev_hldm.obj
 0001:000076c6       _EV_EgonStop               100086c6 f   ev_hldm.obj
 0001:000077ae       _EV_HornetGunFire          100087ae f   ev_hldm.obj
 0001:00007953       _EV_TripmineFire           10008953 f   ev_hldm.obj
 0001:00007afb       _EV_SnarkFire              10008afb f   ev_hldm.obj
 0001:00007cf5       _EV_TrainPitchAdjust       10008cf5 f   ev_hldm.obj
 0001:00007f0d       ?EV_TFC_IsAllyTeam@@YAHHH@Z 10008f0d f   ev_hldm.obj
 0001:00007f20       ?CVAR_GET_FLOAT@@YAMPBD@Z  10008f20 f i ev_hldm.obj
 0001:00007f40       ??0Vector@@QAE@HHH@Z       10008f40 f i ev_hldm.obj
 0001:00007f70       ??0pmtrace_s@@QAE@XZ       10008f70 f i ev_hldm.obj
 0001:00007fa0       ??0?$Dar@D@vgui@@QAE@XZ    10008fa0 f i ev_hldm.obj
 0001:00007fe0       ??0?$Dar@D@vgui@@QAE@H@Z   10008fe0 f i ev_hldm.obj
 0001:00008020       ?ensureCapacity@?$Dar@D@vgui@@QAEXH@Z 10009020 f i ev_hldm.obj
 0001:00008100       ?addElement@?$Dar@D@vgui@@QAEXD@Z 10009100 f i ev_hldm.obj
 0001:00008140       ?hasElement@?$Dar@D@vgui@@QAE_ND@Z 10009140 f i ev_hldm.obj
 0001:00008190       ?putElement@?$Dar@D@vgui@@QAEXD@Z 10009190 f i ev_hldm.obj
 0001:000081c0       ?insertElementAt@?$Dar@D@vgui@@QAEXDH@Z 100091c0 f i ev_hldm.obj
 0001:00008260       ?setElementAt@?$Dar@D@vgui@@QAEXDH@Z 10009260 f i ev_hldm.obj
 0001:00008290       ?removeElementAt@?$Dar@D@vgui@@QAEXH@Z 10009290 f i ev_hldm.obj
 0001:00008300       ?removeElement@?$Dar@D@vgui@@QAEXD@Z 10009300 f i ev_hldm.obj
 0001:00008350       ??A?$Dar@D@vgui@@QAEDH@Z   10009350 f i ev_hldm.obj
 0001:00008380       ?putElement@?$Dar@PAD@vgui@@QAEXPAD@Z 10009380 f i ev_hldm.obj
 0001:000083b0       ?removeElement@?$Dar@PAVLabel@vgui@@@vgui@@QAEXPAVLabel@2@@Z 100093b0 f i ev_hldm.obj
 0001:000083b0       ?removeElement@?$Dar@PAVFocusChangeSignal@vgui@@@vgui@@QAEXPAVFocusChangeSignal@2@@Z 100093b0 f i ev_hldm.obj
 0001:000083b0       ?removeElement@?$Dar@PAVIntChangeSignal@vgui@@@vgui@@QAEXPAVIntChangeSignal@2@@Z 100093b0 f i ev_hldm.obj
 0001:000083b0       ?removeElement@?$Dar@PAVPanel@vgui@@@vgui@@QAEXPAVPanel@2@@Z 100093b0 f i ev_hldm.obj
 0001:000083b0       ?removeElement@?$Dar@PAVDesktopIcon@vgui@@@vgui@@QAEXPAVDesktopIcon@2@@Z 100093b0 f i ev_hldm.obj
 0001:000083b0       ?removeElement@?$Dar@PAVFrame@vgui@@@vgui@@QAEXPAVFrame@2@@Z 100093b0 f i ev_hldm.obj
 0001:000083b0       ?removeElement@?$Dar@PAVTickSignal@vgui@@@vgui@@QAEXPAVTickSignal@2@@Z 100093b0 f i ev_hldm.obj
 0001:000083b0       ?removeElement@?$Dar@PAVInputSignal@vgui@@@vgui@@QAEXPAVInputSignal@2@@Z 100093b0 f i ev_hldm.obj
 0001:000083b0       ?removeElement@?$Dar@PAV?$Dar@D@vgui@@@vgui@@QAEXPAV?$Dar@D@2@@Z 100093b0 f i ev_hldm.obj
 0001:000083b0       ?removeElement@?$Dar@H@vgui@@QAEXH@Z 100093b0 f i ev_hldm.obj
 0001:000083b0       ?removeElement@?$Dar@PAVButton@vgui@@@vgui@@QAEXPAVButton@2@@Z 100093b0 f i ev_hldm.obj
 0001:000083b0       ?removeElement@?$Dar@PAVRepaintSignal@vgui@@@vgui@@QAEXPAVRepaintSignal@2@@Z 100093b0 f i ev_hldm.obj
 0001:000083b0       ?removeElement@?$Dar@PAVSurfaceBase@vgui@@@vgui@@QAEXPAVSurfaceBase@2@@Z 100093b0 f i ev_hldm.obj
 0001:000083b0       ?removeElement@?$Dar@PAVActionSignal@vgui@@@vgui@@QAEXPAVActionSignal@2@@Z 100093b0 f i ev_hldm.obj
 0001:000083b0       ?removeElement@?$Dar@PAVFrameSignal@vgui@@@vgui@@QAEXPAVFrameSignal@2@@Z 100093b0 f i ev_hldm.obj
 0001:000083b0       ?removeElement@?$Dar@PAD@vgui@@QAEXPAD@Z 100093b0 f i ev_hldm.obj
 0001:000083b0       ?removeElement@?$Dar@PAVChangeSignal@vgui@@@vgui@@QAEXPAVChangeSignal@2@@Z 100093b0 f i ev_hldm.obj
 0001:00008400       ?putElement@?$Dar@H@vgui@@QAEXH@Z 10009400 f i ev_hldm.obj
 0001:00008430       ??0?$Dar@H@vgui@@QAE@XZ    10009430 f i ev_hldm.obj
 0001:00008430       ??0?$Dar@PAV?$Dar@D@vgui@@@vgui@@QAE@XZ 10009430 f i ev_hldm.obj
 0001:00008430       ??0?$Dar@PAVInputSignal@vgui@@@vgui@@QAE@XZ 10009430 f i ev_hldm.obj
 0001:00008430       ??0?$Dar@PAVFocusChangeSignal@vgui@@@vgui@@QAE@XZ 10009430 f i ev_hldm.obj
 0001:00008430       ??0?$Dar@PAVTickSignal@vgui@@@vgui@@QAE@XZ 10009430 f i ev_hldm.obj
 0001:00008430       ??0?$Dar@PAVPanel@vgui@@@vgui@@QAE@XZ 10009430 f i ev_hldm.obj
 0001:00008430       ??0?$Dar@PAVFrameSignal@vgui@@@vgui@@QAE@XZ 10009430 f i ev_hldm.obj
 0001:00008430       ??0?$Dar@PAVDesktopIcon@vgui@@@vgui@@QAE@XZ 10009430 f i ev_hldm.obj
 0001:00008430       ??0?$Dar@PAVLabel@vgui@@@vgui@@QAE@XZ 10009430 f i ev_hldm.obj
 0001:00008430       ??0?$Dar@PAD@vgui@@QAE@XZ  10009430 f i ev_hldm.obj
 0001:00008430       ??0?$Dar@PAVRepaintSignal@vgui@@@vgui@@QAE@XZ 10009430 f i ev_hldm.obj
 0001:00008430       ??0?$Dar@PAVButton@vgui@@@vgui@@QAE@XZ 10009430 f i ev_hldm.obj
 0001:00008430       ??0?$Dar@PAVActionSignal@vgui@@@vgui@@QAE@XZ 10009430 f i ev_hldm.obj
 0001:00008430       ??0?$Dar@PAVChangeSignal@vgui@@@vgui@@QAE@XZ 10009430 f i ev_hldm.obj
 0001:00008430       ??0?$Dar@PAVIntChangeSignal@vgui@@@vgui@@QAE@XZ 10009430 f i ev_hldm.obj
 0001:00008430       ??0?$Dar@PAVFrame@vgui@@@vgui@@QAE@XZ 10009430 f i ev_hldm.obj
 0001:00008430       ??0?$Dar@PAVSurfaceBase@vgui@@@vgui@@QAE@XZ 10009430 f i ev_hldm.obj
 0001:00008470       ?hasElement@?$Dar@PAVRepaintSignal@vgui@@@vgui@@QAE_NPAVRepaintSignal@2@@Z 10009470 f i ev_hldm.obj
 0001:00008470       ?hasElement@?$Dar@PAVPanel@vgui@@@vgui@@QAE_NPAVPanel@2@@Z 10009470 f i ev_hldm.obj
 0001:00008470       ?hasElement@?$Dar@PAVChangeSignal@vgui@@@vgui@@QAE_NPAVChangeSignal@2@@Z 10009470 f i ev_hldm.obj
 0001:00008470       ?hasElement@?$Dar@H@vgui@@QAE_NH@Z 10009470 f i ev_hldm.obj
 0001:00008470       ?hasElement@?$Dar@PAD@vgui@@QAE_NPAD@Z 10009470 f i ev_hldm.obj
 0001:00008470       ?hasElement@?$Dar@PAVFocusChangeSignal@vgui@@@vgui@@QAE_NPAVFocusChangeSignal@2@@Z 10009470 f i ev_hldm.obj
 0001:00008470       ?hasElement@?$Dar@PAVButton@vgui@@@vgui@@QAE_NPAVButton@2@@Z 10009470 f i ev_hldm.obj
 0001:00008470       ?hasElement@?$Dar@PAVLabel@vgui@@@vgui@@QAE_NPAVLabel@2@@Z 10009470 f i ev_hldm.obj
 0001:00008470       ?hasElement@?$Dar@PAVSurfaceBase@vgui@@@vgui@@QAE_NPAVSurfaceBase@2@@Z 10009470 f i ev_hldm.obj
 0001:00008470       ?hasElement@?$Dar@PAVIntChangeSignal@vgui@@@vgui@@QAE_NPAVIntChangeSignal@2@@Z 10009470 f i ev_hldm.obj
 0001:00008470       ?hasElement@?$Dar@PAVTickSignal@vgui@@@vgui@@QAE_NPAVTickSignal@2@@Z 10009470 f i ev_hldm.obj
 0001:00008470       ?hasElement@?$Dar@PAVDesktopIcon@vgui@@@vgui@@QAE_NPAVDesktopIcon@2@@Z 10009470 f i ev_hldm.obj
 0001:00008470       ?hasElement@?$Dar@PAV?$Dar@D@vgui@@@vgui@@QAE_NPAV?$Dar@D@2@@Z 10009470 f i ev_hldm.obj
 0001:00008470       ?hasElement@?$Dar@PAVInputSignal@vgui@@@vgui@@QAE_NPAVInputSignal@2@@Z 10009470 f i ev_hldm.obj
 0001:00008470       ?hasElement@?$Dar@PAVFrame@vgui@@@vgui@@QAE_NPAVFrame@2@@Z 10009470 f i ev_hldm.obj
 0001:00008470       ?hasElement@?$Dar@PAVActionSignal@vgui@@@vgui@@QAE_NPAVActionSignal@2@@Z 10009470 f i ev_hldm.obj
 0001:00008470       ?hasElement@?$Dar@PAVFrameSignal@vgui@@@vgui@@QAE_NPAVFrameSignal@2@@Z 10009470 f i ev_hldm.obj
 0001:000084c0       ?putElement@?$Dar@PAVButton@vgui@@@vgui@@QAEXPAVButton@2@@Z 100094c0 f i ev_hldm.obj
 0001:000084f0       ?putElement@?$Dar@PAVSurfaceBase@vgui@@@vgui@@QAEXPAVSurfaceBase@2@@Z 100094f0 f i ev_hldm.obj
 0001:00008520       ??0?$Dar@PAVActionSignal@vgui@@@vgui@@QAE@H@Z 10009520 f i ev_hldm.obj
 0001:00008520       ??0?$Dar@PAD@vgui@@QAE@H@Z 10009520 f i ev_hldm.obj
 0001:00008520       ??0?$Dar@PAVLabel@vgui@@@vgui@@QAE@H@Z 10009520 f i ev_hldm.obj
 0001:00008520       ??0?$Dar@PAVDesktopIcon@vgui@@@vgui@@QAE@H@Z 10009520 f i ev_hldm.obj
 0001:00008520       ??0?$Dar@PAVIntChangeSignal@vgui@@@vgui@@QAE@H@Z 10009520 f i ev_hldm.obj
 0001:00008520       ??0?$Dar@PAVFrame@vgui@@@vgui@@QAE@H@Z 10009520 f i ev_hldm.obj
 0001:00008520       ??0?$Dar@H@vgui@@QAE@H@Z   10009520 f i ev_hldm.obj
 0001:00008520       ??0?$Dar@PAVSurfaceBase@vgui@@@vgui@@QAE@H@Z 10009520 f i ev_hldm.obj
 0001:00008520       ??0?$Dar@PAVInputSignal@vgui@@@vgui@@QAE@H@Z 10009520 f i ev_hldm.obj
 0001:00008520       ??0?$Dar@PAVChangeSignal@vgui@@@vgui@@QAE@H@Z 10009520 f i ev_hldm.obj
 0001:00008520       ??0?$Dar@PAVFocusChangeSignal@vgui@@@vgui@@QAE@H@Z 10009520 f i ev_hldm.obj
 0001:00008520       ??0?$Dar@PAV?$Dar@D@vgui@@@vgui@@QAE@H@Z 10009520 f i ev_hldm.obj
 0001:00008520       ??0?$Dar@PAVTickSignal@vgui@@@vgui@@QAE@H@Z 10009520 f i ev_hldm.obj
 0001:00008520       ??0?$Dar@PAVFrameSignal@vgui@@@vgui@@QAE@H@Z 10009520 f i ev_hldm.obj
 0001:00008520       ??0?$Dar@PAVButton@vgui@@@vgui@@QAE@H@Z 10009520 f i ev_hldm.obj
 0001:00008520       ??0?$Dar@PAVRepaintSignal@vgui@@@vgui@@QAE@H@Z 10009520 f i ev_hldm.obj
 0001:00008520       ??0?$Dar@PAVPanel@vgui@@@vgui@@QAE@H@Z 10009520 f i ev_hldm.obj
 0001:00008560       ?putElement@?$Dar@PAVInputSignal@vgui@@@vgui@@QAEXPAVInputSignal@2@@Z 10009560 f i ev_hldm.obj
 0001:00008590       ?putElement@?$Dar@PAVFocusChangeSignal@vgui@@@vgui@@QAEXPAVFocusChangeSignal@2@@Z 10009590 f i ev_hldm.obj
 0001:000085c0       ?putElement@?$Dar@PAVFrameSignal@vgui@@@vgui@@QAEXPAVFrameSignal@2@@Z 100095c0 f i ev_hldm.obj
 0001:000085f0       ?setElementAt@?$Dar@PAVDesktopIcon@vgui@@@vgui@@QAEXPAVDesktopIcon@2@H@Z 100095f0 f i ev_hldm.obj
 0001:000085f0       ?setElementAt@?$Dar@PAV?$Dar@D@vgui@@@vgui@@QAEXPAV?$Dar@D@2@H@Z 100095f0 f i ev_hldm.obj
 0001:000085f0       ?setElementAt@?$Dar@PAVActionSignal@vgui@@@vgui@@QAEXPAVActionSignal@2@H@Z 100095f0 f i ev_hldm.obj
 0001:000085f0       ?setElementAt@?$Dar@PAVLabel@vgui@@@vgui@@QAEXPAVLabel@2@H@Z 100095f0 f i ev_hldm.obj
 0001:000085f0       ?setElementAt@?$Dar@PAVFrameSignal@vgui@@@vgui@@QAEXPAVFrameSignal@2@H@Z 100095f0 f i ev_hldm.obj
 0001:000085f0       ?setElementAt@?$Dar@PAVChangeSignal@vgui@@@vgui@@QAEXPAVChangeSignal@2@H@Z 100095f0 f i ev_hldm.obj
 0001:000085f0       ?setElementAt@?$Dar@PAVFrame@vgui@@@vgui@@QAEXPAVFrame@2@H@Z 100095f0 f i ev_hldm.obj
 0001:000085f0       ?setElementAt@?$Dar@PAVRepaintSignal@vgui@@@vgui@@QAEXPAVRepaintSignal@2@H@Z 100095f0 f i ev_hldm.obj
 0001:000085f0       ?setElementAt@?$Dar@H@vgui@@QAEXHH@Z 100095f0 f i ev_hldm.obj
 0001:000085f0       ?setElementAt@?$Dar@PAVButton@vgui@@@vgui@@QAEXPAVButton@2@H@Z 100095f0 f i ev_hldm.obj
 0001:000085f0       ?setElementAt@?$Dar@PAVIntChangeSignal@vgui@@@vgui@@QAEXPAVIntChangeSignal@2@H@Z 100095f0 f i ev_hldm.obj
 0001:000085f0       ?setElementAt@?$Dar@PAVSurfaceBase@vgui@@@vgui@@QAEXPAVSurfaceBase@2@H@Z 100095f0 f i ev_hldm.obj
 0001:000085f0       ?setElementAt@?$Dar@PAVFocusChangeSignal@vgui@@@vgui@@QAEXPAVFocusChangeSignal@2@H@Z 100095f0 f i ev_hldm.obj
 0001:000085f0       ?setElementAt@?$Dar@PAVInputSignal@vgui@@@vgui@@QAEXPAVInputSignal@2@H@Z 100095f0 f i ev_hldm.obj
 0001:000085f0       ?setElementAt@?$Dar@PAD@vgui@@QAEXPADH@Z 100095f0 f i ev_hldm.obj
 0001:000085f0       ?setElementAt@?$Dar@PAVPanel@vgui@@@vgui@@QAEXPAVPanel@2@H@Z 100095f0 f i ev_hldm.obj
 0001:000085f0       ?setElementAt@?$Dar@PAVTickSignal@vgui@@@vgui@@QAEXPAVTickSignal@2@H@Z 100095f0 f i ev_hldm.obj
 0001:00008620       ?putElement@?$Dar@PAVActionSignal@vgui@@@vgui@@QAEXPAVActionSignal@2@@Z 10009620 f i ev_hldm.obj
 0001:00008650       ?addElement@?$Dar@PAD@vgui@@QAEXPAD@Z 10009650 f i ev_hldm.obj
 0001:00008650       ?addElement@?$Dar@PAVIntChangeSignal@vgui@@@vgui@@QAEXPAVIntChangeSignal@2@@Z 10009650 f i ev_hldm.obj
 0001:00008650       ?addElement@?$Dar@PAVRepaintSignal@vgui@@@vgui@@QAEXPAVRepaintSignal@2@@Z 10009650 f i ev_hldm.obj
 0001:00008650       ?addElement@?$Dar@PAVChangeSignal@vgui@@@vgui@@QAEXPAVChangeSignal@2@@Z 10009650 f i ev_hldm.obj
 0001:00008650       ?addElement@?$Dar@PAVFrame@vgui@@@vgui@@QAEXPAVFrame@2@@Z 10009650 f i ev_hldm.obj
 0001:00008650       ?addElement@?$Dar@PAVFrameSignal@vgui@@@vgui@@QAEXPAVFrameSignal@2@@Z 10009650 f i ev_hldm.obj
 0001:00008650       ?addElement@?$Dar@PAVFocusChangeSignal@vgui@@@vgui@@QAEXPAVFocusChangeSignal@2@@Z 10009650 f i ev_hldm.obj
 0001:00008650       ?addElement@?$Dar@PAV?$Dar@D@vgui@@@vgui@@QAEXPAV?$Dar@D@2@@Z 10009650 f i ev_hldm.obj
 0001:00008650       ?addElement@?$Dar@PAVTickSignal@vgui@@@vgui@@QAEXPAVTickSignal@2@@Z 10009650 f i ev_hldm.obj
 0001:00008650       ?addElement@?$Dar@H@vgui@@QAEXH@Z 10009650 f i ev_hldm.obj
 0001:00008650       ?addElement@?$Dar@PAVButton@vgui@@@vgui@@QAEXPAVButton@2@@Z 10009650 f i ev_hldm.obj
 0001:00008650       ?addElement@?$Dar@PAVPanel@vgui@@@vgui@@QAEXPAVPanel@2@@Z 10009650 f i ev_hldm.obj
 0001:00008650       ?addElement@?$Dar@PAVInputSignal@vgui@@@vgui@@QAEXPAVInputSignal@2@@Z 10009650 f i ev_hldm.obj
 0001:00008650       ?addElement@?$Dar@PAVDesktopIcon@vgui@@@vgui@@QAEXPAVDesktopIcon@2@@Z 10009650 f i ev_hldm.obj
 0001:00008650       ?addElement@?$Dar@PAVLabel@vgui@@@vgui@@QAEXPAVLabel@2@@Z 10009650 f i ev_hldm.obj
 0001:00008650       ?addElement@?$Dar@PAVActionSignal@vgui@@@vgui@@QAEXPAVActionSignal@2@@Z 10009650 f i ev_hldm.obj
 0001:00008650       ?addElement@?$Dar@PAVSurfaceBase@vgui@@@vgui@@QAEXPAVSurfaceBase@2@@Z 10009650 f i ev_hldm.obj
 0001:00008690       ?putElement@?$Dar@PAVIntChangeSignal@vgui@@@vgui@@QAEXPAVIntChangeSignal@2@@Z 10009690 f i ev_hldm.obj
 0001:000086c0       ?getCount@?$Dar@PAVSurfaceBase@vgui@@@vgui@@QAEHXZ 100096c0 f i ev_hldm.obj
 0001:000086c0       ?getCount@?$Dar@PAVRepaintSignal@vgui@@@vgui@@QAEHXZ 100096c0 f i ev_hldm.obj
 0001:000086c0       ?getCount@?$Dar@PAVFrame@vgui@@@vgui@@QAEHXZ 100096c0 f i ev_hldm.obj
 0001:000086c0       ?getCount@?$Dar@D@vgui@@QAEHXZ 100096c0 f i ev_hldm.obj
 0001:000086c0       ?getCount@?$Dar@PAVTickSignal@vgui@@@vgui@@QAEHXZ 100096c0 f i ev_hldm.obj
 0001:000086c0       ?getCount@?$Dar@PAVButton@vgui@@@vgui@@QAEHXZ 100096c0 f i ev_hldm.obj
 0001:000086c0       ?getCount@?$Dar@PAVLabel@vgui@@@vgui@@QAEHXZ 100096c0 f i ev_hldm.obj
 0001:000086c0       ?getCount@?$Dar@PAVDesktopIcon@vgui@@@vgui@@QAEHXZ 100096c0 f i ev_hldm.obj
 0001:000086c0       ?getCount@?$Dar@PAV?$Dar@D@vgui@@@vgui@@QAEHXZ 100096c0 f i ev_hldm.obj
 0001:000086c0       ?getCount@?$Dar@PAVPanel@vgui@@@vgui@@QAEHXZ 100096c0 f i ev_hldm.obj
 0001:000086c0       ?getCount@?$Dar@PAVFrameSignal@vgui@@@vgui@@QAEHXZ 100096c0 f i ev_hldm.obj
 0001:000086c0       ?getCount@?$Dar@PAVInputSignal@vgui@@@vgui@@QAEHXZ 100096c0 f i ev_hldm.obj
 0001:000086c0       ?getCount@?$Dar@H@vgui@@QAEHXZ 100096c0 f i ev_hldm.obj
 0001:000086c0       ?getCount@?$Dar@PAVFocusChangeSignal@vgui@@@vgui@@QAEHXZ 100096c0 f i ev_hldm.obj
 0001:000086c0       ?getCount@?$Dar@PAD@vgui@@QAEHXZ 100096c0 f i ev_hldm.obj
 0001:000086c0       ?getCount@?$Dar@PAVChangeSignal@vgui@@@vgui@@QAEHXZ 100096c0 f i ev_hldm.obj
 0001:000086c0       ?getCount@?$Dar@PAVActionSignal@vgui@@@vgui@@QAEHXZ 100096c0 f i ev_hldm.obj
 0001:000086c0       ?getCount@?$Dar@PAVIntChangeSignal@vgui@@@vgui@@QAEHXZ 100096c0 f i ev_hldm.obj
 0001:000086d0       ?putElement@?$Dar@PAVTickSignal@vgui@@@vgui@@QAEXPAVTickSignal@2@@Z 100096d0 f i ev_hldm.obj
 0001:00008700       ?removeAll@?$Dar@PAVChangeSignal@vgui@@@vgui@@QAEXXZ 10009700 f i ev_hldm.obj
 0001:00008700       ?removeAll@?$Dar@PAVFocusChangeSignal@vgui@@@vgui@@QAEXXZ 10009700 f i ev_hldm.obj
 0001:00008700       ?removeAll@?$Dar@PAD@vgui@@QAEXXZ 10009700 f i ev_hldm.obj
 0001:00008700       ?removeAll@?$Dar@PAVButton@vgui@@@vgui@@QAEXXZ 10009700 f i ev_hldm.obj
 0001:00008700       ?removeAll@?$Dar@PAVSurfaceBase@vgui@@@vgui@@QAEXXZ 10009700 f i ev_hldm.obj
 0001:00008700       ?removeAll@?$Dar@PAVTickSignal@vgui@@@vgui@@QAEXXZ 10009700 f i ev_hldm.obj
 0001:00008700       ?removeAll@?$Dar@PAVLabel@vgui@@@vgui@@QAEXXZ 10009700 f i ev_hldm.obj
 0001:00008700       ?removeAll@?$Dar@PAVInputSignal@vgui@@@vgui@@QAEXXZ 10009700 f i ev_hldm.obj
 0001:00008700       ?removeAll@?$Dar@PAVPanel@vgui@@@vgui@@QAEXXZ 10009700 f i ev_hldm.obj
 0001:00008700       ?removeAll@?$Dar@PAVFrame@vgui@@@vgui@@QAEXXZ 10009700 f i ev_hldm.obj
 0001:00008700       ?removeAll@?$Dar@PAVActionSignal@vgui@@@vgui@@QAEXXZ 10009700 f i ev_hldm.obj
 0001:00008700       ?removeAll@?$Dar@PAVFrameSignal@vgui@@@vgui@@QAEXXZ 10009700 f i ev_hldm.obj
 0001:00008700       ?removeAll@?$Dar@PAVIntChangeSignal@vgui@@@vgui@@QAEXXZ 10009700 f i ev_hldm.obj
 0001:00008700       ?removeAll@?$Dar@PAVRepaintSignal@vgui@@@vgui@@QAEXXZ 10009700 f i ev_hldm.obj
 0001:00008700       ?removeAll@?$Dar@PAV?$Dar@D@vgui@@@vgui@@QAEXXZ 10009700 f i ev_hldm.obj
 0001:00008700       ?removeAll@?$Dar@PAVDesktopIcon@vgui@@@vgui@@QAEXXZ 10009700 f i ev_hldm.obj
 0001:00008700       ?removeAll@?$Dar@D@vgui@@QAEXXZ 10009700 f i ev_hldm.obj
 0001:00008700       ?removeAll@?$Dar@H@vgui@@QAEXXZ 10009700 f i ev_hldm.obj
 0001:00008720       ?putElement@?$Dar@PAV?$Dar@D@vgui@@@vgui@@QAEXPAV?$Dar@D@2@@Z 10009720 f i ev_hldm.obj
 0001:00008750       ?putElement@?$Dar@PAVFrame@vgui@@@vgui@@QAEXPAVFrame@2@@Z 10009750 f i ev_hldm.obj
 0001:00008780       ?ensureCapacity@?$Dar@PAV?$Dar@D@vgui@@@vgui@@QAEXH@Z 10009780 f i ev_hldm.obj
 0001:00008780       ?ensureCapacity@?$Dar@PAVFrame@vgui@@@vgui@@QAEXH@Z 10009780 f i ev_hldm.obj
 0001:00008780       ?ensureCapacity@?$Dar@PAVInputSignal@vgui@@@vgui@@QAEXH@Z 10009780 f i ev_hldm.obj
 0001:00008780       ?ensureCapacity@?$Dar@PAVFocusChangeSignal@vgui@@@vgui@@QAEXH@Z 10009780 f i ev_hldm.obj
 0001:00008780       ?ensureCapacity@?$Dar@PAVActionSignal@vgui@@@vgui@@QAEXH@Z 10009780 f i ev_hldm.obj
 0001:00008780       ?ensureCapacity@?$Dar@H@vgui@@QAEXH@Z 10009780 f i ev_hldm.obj
 0001:00008780       ?ensureCapacity@?$Dar@PAVTickSignal@vgui@@@vgui@@QAEXH@Z 10009780 f i ev_hldm.obj
 0001:00008780       ?ensureCapacity@?$Dar@PAVIntChangeSignal@vgui@@@vgui@@QAEXH@Z 10009780 f i ev_hldm.obj
 0001:00008780       ?ensureCapacity@?$Dar@PAVDesktopIcon@vgui@@@vgui@@QAEXH@Z 10009780 f i ev_hldm.obj
 0001:00008780       ?ensureCapacity@?$Dar@PAVSurfaceBase@vgui@@@vgui@@QAEXH@Z 10009780 f i ev_hldm.obj
 0001:00008780       ?ensureCapacity@?$Dar@PAVFrameSignal@vgui@@@vgui@@QAEXH@Z 10009780 f i ev_hldm.obj
 0001:00008780       ?ensureCapacity@?$Dar@PAVChangeSignal@vgui@@@vgui@@QAEXH@Z 10009780 f i ev_hldm.obj
 0001:00008780       ?ensureCapacity@?$Dar@PAD@vgui@@QAEXH@Z 10009780 f i ev_hldm.obj
 0001:00008780       ?ensureCapacity@?$Dar@PAVRepaintSignal@vgui@@@vgui@@QAEXH@Z 10009780 f i ev_hldm.obj
 0001:00008780       ?ensureCapacity@?$Dar@PAVPanel@vgui@@@vgui@@QAEXH@Z 10009780 f i ev_hldm.obj
 0001:00008780       ?ensureCapacity@?$Dar@PAVLabel@vgui@@@vgui@@QAEXH@Z 10009780 f i ev_hldm.obj
 0001:00008780       ?ensureCapacity@?$Dar@PAVButton@vgui@@@vgui@@QAEXH@Z 10009780 f i ev_hldm.obj
 0001:00008860       ?putElement@?$Dar@PAVDesktopIcon@vgui@@@vgui@@QAEXPAVDesktopIcon@2@@Z 10009860 f i ev_hldm.obj
 0001:00008890       ??A?$Dar@PAVFrame@vgui@@@vgui@@QAEPAVFrame@1@H@Z 10009890 f i ev_hldm.obj
 0001:00008890       ??A?$Dar@PAVLabel@vgui@@@vgui@@QAEPAVLabel@1@H@Z 10009890 f i ev_hldm.obj
 0001:00008890       ??A?$Dar@PAVTickSignal@vgui@@@vgui@@QAEPAVTickSignal@1@H@Z 10009890 f i ev_hldm.obj
 0001:00008890       ??A?$Dar@PAVChangeSignal@vgui@@@vgui@@QAEPAVChangeSignal@1@H@Z 10009890 f i ev_hldm.obj
 0001:00008890       ??A?$Dar@PAVInputSignal@vgui@@@vgui@@QAEPAVInputSignal@1@H@Z 10009890 f i ev_hldm.obj
 0001:00008890       ??A?$Dar@H@vgui@@QAEHH@Z   10009890 f i ev_hldm.obj
 0001:00008890       ??A?$Dar@PAVSurfaceBase@vgui@@@vgui@@QAEPAVSurfaceBase@1@H@Z 10009890 f i ev_hldm.obj
 0001:00008890       ??A?$Dar@PAVButton@vgui@@@vgui@@QAEPAVButton@1@H@Z 10009890 f i ev_hldm.obj
 0001:00008890       ??A?$Dar@PAVIntChangeSignal@vgui@@@vgui@@QAEPAVIntChangeSignal@1@H@Z 10009890 f i ev_hldm.obj
 0001:00008890       ??A?$Dar@PAVDesktopIcon@vgui@@@vgui@@QAEPAVDesktopIcon@1@H@Z 10009890 f i ev_hldm.obj
 0001:00008890       ??A?$Dar@PAVRepaintSignal@vgui@@@vgui@@QAEPAVRepaintSignal@1@H@Z 10009890 f i ev_hldm.obj
 0001:00008890       ??A?$Dar@PAVFocusChangeSignal@vgui@@@vgui@@QAEPAVFocusChangeSignal@1@H@Z 10009890 f i ev_hldm.obj
 0001:00008890       ??A?$Dar@PAV?$Dar@D@vgui@@@vgui@@QAEPAV?$Dar@D@1@H@Z 10009890 f i ev_hldm.obj
 0001:00008890       ??A?$Dar@PAVFrameSignal@vgui@@@vgui@@QAEPAVFrameSignal@1@H@Z 10009890 f i ev_hldm.obj
 0001:00008890       ??A?$Dar@PAVPanel@vgui@@@vgui@@QAEPAVPanel@1@H@Z 10009890 f i ev_hldm.obj
 0001:00008890       ??A?$Dar@PAVActionSignal@vgui@@@vgui@@QAEPAVActionSignal@1@H@Z 10009890 f i ev_hldm.obj
 0001:00008890       ??A?$Dar@PAD@vgui@@QAEPADH@Z 10009890 f i ev_hldm.obj
 0001:000088c0       ?putElement@?$Dar@PAVChangeSignal@vgui@@@vgui@@QAEXPAVChangeSignal@2@@Z 100098c0 f i ev_hldm.obj
 0001:000088f0       ?insertElementAt@?$Dar@PAVFrame@vgui@@@vgui@@QAEXPAVFrame@2@H@Z 100098f0 f i ev_hldm.obj
 0001:000088f0       ?insertElementAt@?$Dar@PAVIntChangeSignal@vgui@@@vgui@@QAEXPAVIntChangeSignal@2@H@Z 100098f0 f i ev_hldm.obj
 0001:000088f0       ?insertElementAt@?$Dar@PAD@vgui@@QAEXPADH@Z 100098f0 f i ev_hldm.obj
 0001:000088f0       ?insertElementAt@?$Dar@PAVFocusChangeSignal@vgui@@@vgui@@QAEXPAVFocusChangeSignal@2@H@Z 100098f0 f i ev_hldm.obj
 0001:000088f0       ?insertElementAt@?$Dar@PAVFrameSignal@vgui@@@vgui@@QAEXPAVFrameSignal@2@H@Z 100098f0 f i ev_hldm.obj
 0001:000088f0       ?insertElementAt@?$Dar@PAVInputSignal@vgui@@@vgui@@QAEXPAVInputSignal@2@H@Z 100098f0 f i ev_hldm.obj
 0001:000088f0       ?insertElementAt@?$Dar@PAVActionSignal@vgui@@@vgui@@QAEXPAVActionSignal@2@H@Z 100098f0 f i ev_hldm.obj
 0001:000088f0       ?insertElementAt@?$Dar@PAVDesktopIcon@vgui@@@vgui@@QAEXPAVDesktopIcon@2@H@Z 100098f0 f i ev_hldm.obj
 0001:000088f0       ?insertElementAt@?$Dar@H@vgui@@QAEXHH@Z 100098f0 f i ev_hldm.obj
 0001:000088f0       ?insertElementAt@?$Dar@PAVChangeSignal@vgui@@@vgui@@QAEXPAVChangeSignal@2@H@Z 100098f0 f i ev_hldm.obj
 0001:000088f0       ?insertElementAt@?$Dar@PAVSurfaceBase@vgui@@@vgui@@QAEXPAVSurfaceBase@2@H@Z 100098f0 f i ev_hldm.obj
 0001:000088f0       ?insertElementAt@?$Dar@PAVButton@vgui@@@vgui@@QAEXPAVButton@2@H@Z 100098f0 f i ev_hldm.obj
 0001:000088f0       ?insertElementAt@?$Dar@PAVRepaintSignal@vgui@@@vgui@@QAEXPAVRepaintSignal@2@H@Z 100098f0 f i ev_hldm.obj
 0001:000088f0       ?insertElementAt@?$Dar@PAV?$Dar@D@vgui@@@vgui@@QAEXPAV?$Dar@D@2@H@Z 100098f0 f i ev_hldm.obj
 0001:000088f0       ?insertElementAt@?$Dar@PAVTickSignal@vgui@@@vgui@@QAEXPAVTickSignal@2@H@Z 100098f0 f i ev_hldm.obj
 0001:000088f0       ?insertElementAt@?$Dar@PAVLabel@vgui@@@vgui@@QAEXPAVLabel@2@H@Z 100098f0 f i ev_hldm.obj
 0001:000088f0       ?insertElementAt@?$Dar@PAVPanel@vgui@@@vgui@@QAEXPAVPanel@2@H@Z 100098f0 f i ev_hldm.obj
 0001:00008990       ?setCount@?$Dar@PAVPanel@vgui@@@vgui@@QAEXH@Z 10009990 f i ev_hldm.obj
 0001:00008990       ?setCount@?$Dar@PAVIntChangeSignal@vgui@@@vgui@@QAEXH@Z 10009990 f i ev_hldm.obj
 0001:00008990       ?setCount@?$Dar@H@vgui@@QAEXH@Z 10009990 f i ev_hldm.obj
 0001:00008990       ?setCount@?$Dar@PAVFocusChangeSignal@vgui@@@vgui@@QAEXH@Z 10009990 f i ev_hldm.obj
 0001:00008990       ?setCount@?$Dar@PAVRepaintSignal@vgui@@@vgui@@QAEXH@Z 10009990 f i ev_hldm.obj
 0001:00008990       ?setCount@?$Dar@D@vgui@@QAEXH@Z 10009990 f i ev_hldm.obj
 0001:00008990       ?setCount@?$Dar@PAVFrameSignal@vgui@@@vgui@@QAEXH@Z 10009990 f i ev_hldm.obj
 0001:00008990       ?setCount@?$Dar@PAD@vgui@@QAEXH@Z 10009990 f i ev_hldm.obj
 0001:00008990       ?setCount@?$Dar@PAVSurfaceBase@vgui@@@vgui@@QAEXH@Z 10009990 f i ev_hldm.obj
 0001:00008990       ?setCount@?$Dar@PAVDesktopIcon@vgui@@@vgui@@QAEXH@Z 10009990 f i ev_hldm.obj
 0001:00008990       ?setCount@?$Dar@PAVLabel@vgui@@@vgui@@QAEXH@Z 10009990 f i ev_hldm.obj
 0001:00008990       ?setCount@?$Dar@PAVButton@vgui@@@vgui@@QAEXH@Z 10009990 f i ev_hldm.obj
 0001:00008990       ?setCount@?$Dar@PAVInputSignal@vgui@@@vgui@@QAEXH@Z 10009990 f i ev_hldm.obj
 0001:00008990       ?setCount@?$Dar@PAVFrame@vgui@@@vgui@@QAEXH@Z 10009990 f i ev_hldm.obj
 0001:00008990       ?setCount@?$Dar@PAV?$Dar@D@vgui@@@vgui@@QAEXH@Z 10009990 f i ev_hldm.obj
 0001:00008990       ?setCount@?$Dar@PAVActionSignal@vgui@@@vgui@@QAEXH@Z 10009990 f i ev_hldm.obj
 0001:00008990       ?setCount@?$Dar@PAVTickSignal@vgui@@@vgui@@QAEXH@Z 10009990 f i ev_hldm.obj
 0001:00008990       ?setCount@?$Dar@PAVChangeSignal@vgui@@@vgui@@QAEXH@Z 10009990 f i ev_hldm.obj
 0001:000089c0       ?putElement@?$Dar@PAVPanel@vgui@@@vgui@@QAEXPAVPanel@2@@Z 100099c0 f i ev_hldm.obj
 0001:000089f0       ?removeElementAt@?$Dar@PAVChangeSignal@vgui@@@vgui@@QAEXH@Z 100099f0 f i ev_hldm.obj
 0001:000089f0       ?removeElementAt@?$Dar@PAVLabel@vgui@@@vgui@@QAEXH@Z 100099f0 f i ev_hldm.obj
 0001:000089f0       ?removeElementAt@?$Dar@PAVPanel@vgui@@@vgui@@QAEXH@Z 100099f0 f i ev_hldm.obj
 0001:000089f0       ?removeElementAt@?$Dar@PAVInputSignal@vgui@@@vgui@@QAEXH@Z 100099f0 f i ev_hldm.obj
 0001:000089f0       ?removeElementAt@?$Dar@PAVSurfaceBase@vgui@@@vgui@@QAEXH@Z 100099f0 f i ev_hldm.obj
 0001:000089f0       ?removeElementAt@?$Dar@PAVButton@vgui@@@vgui@@QAEXH@Z 100099f0 f i ev_hldm.obj
 0001:000089f0       ?removeElementAt@?$Dar@PAVRepaintSignal@vgui@@@vgui@@QAEXH@Z 100099f0 f i ev_hldm.obj
 0001:000089f0       ?removeElementAt@?$Dar@PAV?$Dar@D@vgui@@@vgui@@QAEXH@Z 100099f0 f i ev_hldm.obj
 0001:000089f0       ?removeElementAt@?$Dar@PAVIntChangeSignal@vgui@@@vgui@@QAEXH@Z 100099f0 f i ev_hldm.obj
 0001:000089f0       ?removeElementAt@?$Dar@PAVFocusChangeSignal@vgui@@@vgui@@QAEXH@Z 100099f0 f i ev_hldm.obj
 0001:000089f0       ?removeElementAt@?$Dar@PAVFrameSignal@vgui@@@vgui@@QAEXH@Z 100099f0 f i ev_hldm.obj
 0001:000089f0       ?removeElementAt@?$Dar@PAVActionSignal@vgui@@@vgui@@QAEXH@Z 100099f0 f i ev_hldm.obj
 0001:000089f0       ?removeElementAt@?$Dar@PAVFrame@vgui@@@vgui@@QAEXH@Z 100099f0 f i ev_hldm.obj
 0001:000089f0       ?removeElementAt@?$Dar@PAD@vgui@@QAEXH@Z 100099f0 f i ev_hldm.obj
 0001:000089f0       ?removeElementAt@?$Dar@PAVDesktopIcon@vgui@@@vgui@@QAEXH@Z 100099f0 f i ev_hldm.obj
 0001:000089f0       ?removeElementAt@?$Dar@PAVTickSignal@vgui@@@vgui@@QAEXH@Z 100099f0 f i ev_hldm.obj
 0001:000089f0       ?removeElementAt@?$Dar@H@vgui@@QAEXH@Z 100099f0 f i ev_hldm.obj
 0001:00008a60       ?putElement@?$Dar@PAVLabel@vgui@@@vgui@@QAEXPAVLabel@2@@Z 10009a60 f i ev_hldm.obj
 0001:00008a90       ?putElement@?$Dar@PAVRepaintSignal@vgui@@@vgui@@QAEXPAVRepaintSignal@2@@Z 10009a90 f i ev_hldm.obj
 0001:00008ac0       _weapon_gauss              10009ac0 f   gauss.obj
 0001:00008ad1       ?GetFullChargeTime@CGauss@@QAEMXZ 10009ad1 f   gauss.obj
 0001:00008af8       ?Spawn@CGauss@@UAEXXZ      10009af8 f   gauss.obj
 0001:00008b4b       ?Precache@CGauss@@UAEXXZ   10009b4b f   gauss.obj
 0001:00008c4d       ?AddToPlayer@CGauss@@UAEHPAVCBasePlayer@@@Z 10009c4d f   gauss.obj
 0001:00008ca2       ?GetItemInfo@CGauss@@UAEHPAUItemInfo@@@Z 10009ca2 f   gauss.obj
 0001:00008d3b       ?Deploy@CGauss@@UAEHXZ     10009d3b f   gauss.obj
 0001:00008d73       ?Holster@CGauss@@UAEXH@Z   10009d73 f   gauss.obj
 0001:00008e07       ?PrimaryAttack@CGauss@@UAEXXZ 10009e07 f   gauss.obj
 0001:00008f31       ?SecondaryAttack@CGauss@@UAEXXZ 10009f31 f   gauss.obj
 0001:000094d6       ?StartFire@CGauss@@QAEXXZ  1000a4d6 f   gauss.obj
 0001:0000961f       ?Fire@CGauss@@QAEXVVector@@0M@Z 1000a61f f   gauss.obj
 0001:000097a9       ?WeaponIdle@CGauss@@UAEXXZ 1000a7a9 f   gauss.obj
 0001:00009a0a       _ammo_gaussclip            1000aa0a f   gauss.obj
 0001:00009a20       ?GetClassPtr@@YAPAVCGauss@@PAV1@@Z 1000aa20 f i gauss.obj
 0001:00009ae0       ?GetClassPtr@@YAPAVCGaussAmmo@@PAV1@@Z 1000aae0 f i gauss.obj
 0001:00009ba0       ??0CGauss@@QAE@XZ          1000aba0 f i gauss.obj
 0001:00009bc0       ?iItemSlot@CRpg@@UAEHXZ    1000abc0 f i gauss.obj
 0001:00009bc0       ?iItemSlot@CEgon@@UAEHXZ   1000abc0 f i gauss.obj
 0001:00009bc0       ?iItemSlot@CGauss@@UAEHXZ  1000abc0 f i gauss.obj
 0001:00009bc0       ?iItemSlot@CHgun@@UAEHXZ   1000abc0 f i gauss.obj
 0001:00009bd0       ??0CGaussAmmo@@QAE@XZ      1000abd0 f i gauss.obj
 0001:00009bf0       ?Spawn@CGaussAmmo@@EAEXXZ  1000abf0 f i gauss.obj
 0001:00009c30       ?Precache@CGaussAmmo@@EAEXXZ 1000ac30 f i gauss.obj
 0001:00009c60       ?AddAmmo@CEgonAmmo@@EAEHPAVCBaseEntity@@@Z 1000ac60 f i gauss.obj
 0001:00009c60       ?AddAmmo@CGaussAmmo@@EAEHPAVCBaseEntity@@@Z 1000ac60 f i gauss.obj
 0001:00009cc0       _weapon_handgrenade        1000acc0 f   handgrenade.obj
 0001:00009cd1       ?Spawn@CHandGrenade@@UAEXXZ 1000acd1 f   handgrenade.obj
 0001:00009d24       ?Precache@CHandGrenade@@UAEXXZ 1000ad24 f   handgrenade.obj
 0001:00009d73       ?GetItemInfo@CHandGrenade@@UAEHPAUItemInfo@@@Z 1000ad73 f   handgrenade.obj
 0001:00009e0c       ?Deploy@CHandGrenade@@UAEHXZ 1000ae0c f   handgrenade.obj
 0001:00009e3e       ?CanHolster@CHandGrenade@@UAEHXZ 1000ae3e f   handgrenade.obj
 0001:00009e71       ?Holster@CHandGrenade@@UAEXH@Z 1000ae71 f   handgrenade.obj
 0001:00009f3c       ?PrimaryAttack@CHandGrenade@@UAEXXZ 1000af3c f   handgrenade.obj
 0001:00009fff       ?WeaponIdle@CHandGrenade@@UAEXXZ 1000afff f   handgrenade.obj
 0001:0000a530       ?GetClassPtr@@YAPAVCHandGrenade@@PAV1@@Z 1000b530 f i handgrenade.obj
 0001:0000a5f0       ??0CHandGrenade@@QAE@XZ    1000b5f0 f i handgrenade.obj
 0001:0000a63d       ?EMIT_SOUND_DYN@@YAXPAUedict_s@@HPBDMMHH@Z 1000b63d f   hl_baseentity.obj
 0001:0000a642       ?TakeHealth@CBaseEntity@@UAEHMH@Z 1000b642 f   hl_baseentity.obj
 0001:0000a654       ?TakeDamage@CBaseEntity@@UAEHPAUentvars_s@@0MH@Z 1000b654 f   hl_baseentity.obj
 0001:0000a666       ?GetNextTarget@CBaseEntity@@UAEPAV1@XZ 1000b666 f   hl_baseentity.obj
 0001:0000a673       ?Save@CBaseEntity@@UAEHAAVCSave@@@Z 1000b673 f   hl_baseentity.obj
 0001:0000a685       ?Restore@CBaseEntity@@UAEHAAVCRestore@@@Z 1000b685 f   hl_baseentity.obj
 0001:0000a697       ?SetObjectCollisionBox@CBaseEntity@@UAEXXZ 1000b697 f   hl_baseentity.obj
 0001:0000a6a2       ?Intersects@CBaseEntity@@QAEHPAV1@@Z 1000b6a2 f   hl_baseentity.obj
 0001:0000a6b1       ?MakeDormant@CBaseEntity@@QAEXXZ 1000b6b1 f   hl_baseentity.obj
 0001:0000a6bc       ?IsDormant@CBaseEntity@@QAEHXZ 1000b6bc f   hl_baseentity.obj
 0001:0000a6c9       ?IsInWorld@CBaseEntity@@UAEHXZ 1000b6c9 f   hl_baseentity.obj
 0001:0000a6d9       ?ShouldToggle@CBaseEntity@@QAEHW4USE_TYPE@@H@Z 1000b6d9 f   hl_baseentity.obj
 0001:0000a6e8       ?DamageDecal@CBaseEntity@@UAEHH@Z 1000b6e8 f   hl_baseentity.obj
 0001:0000a6f8       ?Create@CBaseEntity@@SAPAV1@PADABVVector@@1PAUedict_s@@@Z 1000b6f8 f   hl_baseentity.obj
 0001:0000a6ff       ?SUB_Remove@CBaseEntity@@QAEXXZ 1000b6ff f   hl_baseentity.obj
 0001:0000a70a       ?KeyValue@CBaseDelay@@UAEXPAUKeyValueData_s@@@Z 1000b70a f   hl_baseentity.obj
 0001:0000a717       ?Restore@CBaseDelay@@UAEHAAVCRestore@@@Z 1000b717 f   hl_baseentity.obj
 0001:0000a729       ?Save@CBaseDelay@@UAEHAAVCSave@@@Z 1000b729 f   hl_baseentity.obj
 0001:0000a73b       ?Restore@CBaseAnimating@@UAEHAAVCRestore@@@Z 1000b73b f   hl_baseentity.obj
 0001:0000a74d       ?Save@CBaseAnimating@@UAEHAAVCSave@@@Z 1000b74d f   hl_baseentity.obj
 0001:0000a75f       ?DBG_EntOfVars@@YAPAUedict_s@@PBUentvars_s@@@Z 1000b75f f   hl_baseentity.obj
 0001:0000a766       ?DBG_AssertFunction@@YAXHPBD0H0@Z 1000b766 f   hl_baseentity.obj
 0001:0000a76b       ?UTIL_PrecacheOther@@YAXPBD@Z 1000b76b f   hl_baseentity.obj
 0001:0000a770       ?UTIL_BloodDrips@@YAXABVVector@@0HH@Z 1000b770 f   hl_baseentity.obj
 0001:0000a775       ?UTIL_DecalTrace@@YAXPAUTraceResult@@H@Z 1000b775 f   hl_baseentity.obj
 0001:0000a77a       ?UTIL_GunshotDecalTrace@@YAXPAUTraceResult@@H@Z 1000b77a f   hl_baseentity.obj
 0001:0000a77f       ?UTIL_MakeVectors@@YAXABVVector@@@Z 1000b77f f   hl_baseentity.obj
 0001:0000a784       ?UTIL_IsValidEntity@@YAHPAUedict_s@@@Z 1000b784 f   hl_baseentity.obj
 0001:0000a78e       ?UTIL_SetOrigin@@YAXPAUentvars_s@@ABVVector@@@Z 1000b78e f   hl_baseentity.obj
 0001:0000a793       ?UTIL_GetNextBestWeapon@@YAHPAVCBasePlayer@@PAVCBasePlayerItem@@@Z 1000b793 f   hl_baseentity.obj
 0001:0000a79d       ?UTIL_LogPrintf@@YAXPADZZ  1000b79d f   hl_baseentity.obj
 0001:0000a7a2       ?UTIL_ClientPrintAll@@YAXHPBD0000@Z 1000b7a2 f   hl_baseentity.obj
 0001:0000a7a7       ?ClientPrint@@YAXPAUentvars_s@@HPBD1111@Z 1000b7a7 f   hl_baseentity.obj
 0001:0000a7ac       ?Restore@CBaseToggle@@UAEHAAVCRestore@@@Z 1000b7ac f   hl_baseentity.obj
 0001:0000a7be       ?Save@CBaseToggle@@UAEHAAVCSave@@@Z 1000b7be f   hl_baseentity.obj
 0001:0000a7d0       ?KeyValue@CBaseToggle@@UAEXPAUKeyValueData_s@@@Z 1000b7d0 f   hl_baseentity.obj
 0001:0000a7dd       ?BounceSound@CGrenade@@UAEXXZ 1000b7dd f   hl_baseentity.obj
 0001:0000a7e8       ?Explode@CGrenade@@QAEXVVector@@0@Z 1000b7e8 f   hl_baseentity.obj
 0001:0000a7f5       ?Explode@CGrenade@@QAEXPAUTraceResult@@H@Z 1000b7f5 f   hl_baseentity.obj
 0001:0000a802       ?Killed@CGrenade@@UAEXPAUentvars_s@@H@Z 1000b802 f   hl_baseentity.obj
 0001:0000a80f       ?Spawn@CGrenade@@UAEXXZ    1000b80f f   hl_baseentity.obj
 0001:0000a81a       ?ShootTimed@CGrenade@@SAPAV1@PAUentvars_s@@VVector@@1M@Z 1000b81a f   hl_baseentity.obj
 0001:0000a821       ?ShootContact@CGrenade@@SAPAV1@PAUentvars_s@@VVector@@1@Z 1000b821 f   hl_baseentity.obj
 0001:0000a828       ?DetonateUse@CGrenade@@QAEXPAVCBaseEntity@@0W4USE_TYPE@@M@Z 1000b828 f   hl_baseentity.obj
 0001:0000a835       ?UTIL_Remove@@YAXPAVCBaseEntity@@@Z 1000b835 f   hl_baseentity.obj
 0001:0000a83a       ?UTIL_SetSize@@YAXPAUentvars_s@@ABVVector@@1@Z 1000b83a f   hl_baseentity.obj
 0001:0000a83f       ?UTIL_FindEntityInSphere@@YAPAVCBaseEntity@@PAV1@ABVVector@@M@Z 1000b83f f   hl_baseentity.obj
 0001:0000a846       ?UTIL_VecToAngles@@YA?AVVector@@ABV1@@Z 1000b846 f   hl_baseentity.obj
 0001:0000a858       ?SpriteCreate@CSprite@@SAPAV1@PBDABVVector@@H@Z 1000b858 f   hl_baseentity.obj
 0001:0000a85f       ?PointEntInit@CBeam@@QAEXABVVector@@H@Z 1000b85f f   hl_baseentity.obj
 0001:0000a86c       ?BeamCreate@CBeam@@SAPAV1@PBDH@Z 1000b86c f   hl_baseentity.obj
 0001:0000a873       ?Expand@CSprite@@QAEXMM@Z  1000b873 f   hl_baseentity.obj
 0001:0000a880       ?CheckTraceHullAttack@CBaseMonster@@QAEPAVCBaseEntity@@MHH@Z 1000b880 f   hl_baseentity.obj
 0001:0000a88f       ?Eat@CBaseMonster@@QAEXM@Z 1000b88f f   hl_baseentity.obj
 0001:0000a89c       ?FShouldEat@CBaseMonster@@QAEHXZ 1000b89c f   hl_baseentity.obj
 0001:0000a8ac       ?BarnacleVictimBitten@CBaseMonster@@UAEXPAUentvars_s@@@Z 1000b8ac f   hl_baseentity.obj
 0001:0000a8b9       ?BarnacleVictimReleased@CBaseMonster@@UAEXXZ 1000b8b9 f   hl_baseentity.obj
 0001:0000a8c4       ?Listen@CBaseMonster@@QAEXXZ 1000b8c4 f   hl_baseentity.obj
 0001:0000a8cf       ?FLSoundVolume@CBaseMonster@@QAEMPAVCSound@@@Z 1000b8cf f   hl_baseentity.obj
 0001:0000a8e2       ?FValidateHintType@CBaseMonster@@UAEHF@Z 1000b8e2 f   hl_baseentity.obj
 0001:0000a8f1       ?Look@CBaseMonster@@UAEXH@Z 1000b8f1 f   hl_baseentity.obj
 0001:0000a8fe       ?ISoundMask@CBaseMonster@@UAEHXZ 1000b8fe f   hl_baseentity.obj
 0001:0000a90b       ?PBestSound@CBaseMonster@@UAEPAVCSound@@XZ 1000b90b f   hl_baseentity.obj
 0001:0000a918       ?PBestScent@CBaseMonster@@UAEPAVCSound@@XZ 1000b918 f   hl_baseentity.obj
 0001:0000a925       ?StudioFrameAdvance@CBaseAnimating@@QAEMM@Z 1000b925 f   hl_baseentity.obj
 0001:0000a938       ?MonsterThink@CBaseMonster@@UAEXXZ 1000b938 f   hl_baseentity.obj
 0001:0000a943       ?MonsterUse@CBaseMonster@@QAEXPAVCBaseEntity@@0W4USE_TYPE@@M@Z 1000b943 f   hl_baseentity.obj
 0001:0000a950       ?IgnoreConditions@CBaseMonster@@UAEHXZ 1000b950 f   hl_baseentity.obj
 0001:0000a95d       ?RouteClear@CBaseMonster@@QAEXXZ 1000b95d f   hl_baseentity.obj
 0001:0000a968       ?RouteNew@CBaseMonster@@QAEXXZ 1000b968 f   hl_baseentity.obj
 0001:0000a973       ?FRouteClear@CBaseMonster@@QAEHXZ 1000b973 f   hl_baseentity.obj
 0001:0000a980       ?FRefreshRoute@CBaseMonster@@QAEHXZ 1000b980 f   hl_baseentity.obj
 0001:0000a98d       ?MoveToEnemy@CBaseMonster@@QAEHW4Activity@@M@Z 1000b98d f   hl_baseentity.obj
 0001:0000a99c       ?MoveToLocation@CBaseMonster@@QAEHW4Activity@@MABVVector@@@Z 1000b99c f   hl_baseentity.obj
 0001:0000a9ab       ?MoveToTarget@CBaseMonster@@QAEHW4Activity@@M@Z 1000b9ab f   hl_baseentity.obj
 0001:0000a9ba       ?MoveToNode@CBaseMonster@@QAEHW4Activity@@MABVVector@@@Z 1000b9ba f   hl_baseentity.obj
 0001:0000a9c9       ?ShouldSimplify@@YAHH@Z    1000b9c9 f   hl_baseentity.obj
 0001:0000a9d3       ?RouteSimplify@CBaseMonster@@QAEXPAVCBaseEntity@@@Z 1000b9d3 f   hl_baseentity.obj
 0001:0000a9e0       ?FBecomeProne@CBaseMonster@@UAEHXZ 1000b9e0 f   hl_baseentity.obj
 0001:0000a9f0       ?CheckRangeAttack1@CBaseMonster@@UAEHMM@Z 1000b9f0 f   hl_baseentity.obj
 0001:0000a9ff       ?CheckRangeAttack2@CBaseMonster@@UAEHMM@Z 1000b9ff f   hl_baseentity.obj
 0001:0000aa0e       ?CheckMeleeAttack1@CBaseMonster@@UAEHMM@Z 1000ba0e f   hl_baseentity.obj
 0001:0000aa1d       ?CheckMeleeAttack2@CBaseMonster@@UAEHMM@Z 1000ba1d f   hl_baseentity.obj
 0001:0000aa2c       ?CheckAttacks@CBaseMonster@@QAEXPAVCBaseEntity@@M@Z 1000ba2c f   hl_baseentity.obj
 0001:0000aa39       ?FCanCheckAttacks@CBaseMonster@@UAEHXZ 1000ba39 f   hl_baseentity.obj
 0001:0000aa46       ?CheckEnemy@CBaseMonster@@UAEHPAVCBaseEntity@@@Z 1000ba46 f   hl_baseentity.obj
 0001:0000aa55       ?PushEnemy@CBaseMonster@@QAEXPAVCBaseEntity@@AAVVector@@@Z 1000ba55 f   hl_baseentity.obj
 0001:0000aa62       ?PopEnemy@CBaseMonster@@QAEHXZ 1000ba62 f   hl_baseentity.obj
 0001:0000aa6f       ?SetActivity@CBaseMonster@@UAEXW4Activity@@@Z 1000ba6f f   hl_baseentity.obj
 0001:0000aa7c       ?SetSequenceByName@CBaseMonster@@QAEXPAD@Z 1000ba7c f   hl_baseentity.obj
 0001:0000aa89       ?CheckLocalMove@CBaseMonster@@UAEHABVVector@@0PAVCBaseEntity@@PAM@Z 1000ba89 f   hl_baseentity.obj
 0001:0000aa98       ?OpenDoorAndWait@CBaseMonster@@QAEMPAUentvars_s@@@Z 1000ba98 f   hl_baseentity.obj
 0001:0000aaab       ?AdvanceRoute@CBaseMonster@@QAEXM@Z 1000baab f   hl_baseentity.obj
 0001:0000aab8       ?RouteClassify@CBaseMonster@@QAEHH@Z 1000bab8 f   hl_baseentity.obj
 0001:0000aac7       ?BuildRoute@CBaseMonster@@QAEHABVVector@@HPAVCBaseEntity@@@Z 1000bac7 f   hl_baseentity.obj
 0001:0000aad6       ?InsertWaypoint@CBaseMonster@@QAEXVVector@@H@Z 1000bad6 f   hl_baseentity.obj
 0001:0000aae3       ?FTriangulate@CBaseMonster@@UAEHABVVector@@0MPAVCBaseEntity@@PAV2@@Z 1000bae3 f   hl_baseentity.obj
 0001:0000aaf2       ?Move@CBaseMonster@@UAEXM@Z 1000baf2 f   hl_baseentity.obj
 0001:0000aaff       ?ShouldAdvanceRoute@CBaseMonster@@UAEHM@Z 1000baff f   hl_baseentity.obj
 0001:0000ab0e       ?MoveExecute@CBaseMonster@@UAEXPAVCBaseEntity@@ABVVector@@M@Z 1000bb0e f   hl_baseentity.obj
 0001:0000ab1b       ?MonsterInit@CBaseMonster@@UAEXXZ 1000bb1b f   hl_baseentity.obj
 0001:0000ab26       ?MonsterInitThink@CBaseMonster@@QAEXXZ 1000bb26 f   hl_baseentity.obj
 0001:0000ab31       ?StartMonster@CBaseMonster@@UAEXXZ 1000bb31 f   hl_baseentity.obj
 0001:0000ab3c       ?MovementComplete@CBaseMonster@@QAEXXZ 1000bb3c f   hl_baseentity.obj
 0001:0000ab47       ?TaskIsRunning@CBaseMonster@@QAEHXZ 1000bb47 f   hl_baseentity.obj
 0001:0000ab54       ?IRelationship@CBaseMonster@@UAEHPAVCBaseEntity@@@Z 1000bb54 f   hl_baseentity.obj
 0001:0000ab63       ?FindCover@CBaseMonster@@UAEHVVector@@0MM@Z 1000bb63 f   hl_baseentity.obj
 0001:0000ab72       ?BuildNearestRoute@CBaseMonster@@UAEHVVector@@0MM@Z 1000bb72 f   hl_baseentity.obj
 0001:0000ab81       ?BestVisibleEnemy@CBaseMonster@@UAEPAVCBaseEntity@@XZ 1000bb81 f   hl_baseentity.obj
 0001:0000ab8e       ?FInViewCone@CBaseMonster@@UAEHPAVCBaseEntity@@@Z 1000bb8e f   hl_baseentity.obj
 0001:0000ab9d       ?FInViewCone@CBaseMonster@@UAEHPAVVector@@@Z 1000bb9d f   hl_baseentity.obj
 0001:0000abac       ?FVisible@CBaseEntity@@UAEHPAV1@@Z 1000bbac f   hl_baseentity.obj
 0001:0000abbb       ?FVisible@CBaseEntity@@UAEHABVVector@@@Z 1000bbbb f   hl_baseentity.obj
 0001:0000abca       ?MakeIdealYaw@CBaseMonster@@QAEXVVector@@@Z 1000bbca f   hl_baseentity.obj
 0001:0000abd7       ?FlYawDiff@CBaseMonster@@QAEMXZ 1000bbd7 f   hl_baseentity.obj
 0001:0000abe8       ?ChangeYaw@CBaseMonster@@UAEMH@Z 1000bbe8 f   hl_baseentity.obj
 0001:0000abfb       ?VecToYaw@CBaseMonster@@QAEMVVector@@@Z 1000bbfb f   hl_baseentity.obj
 0001:0000ac0e       ?LookupActivity@CBaseAnimating@@QAEHH@Z 1000bc0e f   hl_baseentity.obj
 0001:0000ac1d       ?LookupActivityHeaviest@CBaseAnimating@@QAEHH@Z 1000bc1d f   hl_baseentity.obj
 0001:0000ac2c       ?SetEyePosition@CBaseMonster@@QAEXXZ 1000bc2c f   hl_baseentity.obj
 0001:0000ac37       ?LookupSequence@CBaseAnimating@@QAEHPBD@Z 1000bc37 f   hl_baseentity.obj
 0001:0000ac46       ?ResetSequenceInfo@CBaseAnimating@@QAEXXZ 1000bc46 f   hl_baseentity.obj
 0001:0000ac51       ?GetSequenceFlags@CBaseAnimating@@QAEHXZ 1000bc51 f   hl_baseentity.obj
 0001:0000ac5e       ?DispatchAnimEvents@CBaseAnimating@@QAEXM@Z 1000bc5e f   hl_baseentity.obj
 0001:0000ac6b       ?HandleAnimEvent@CBaseMonster@@UAEXPAUMonsterEvent_t@@@Z 1000bc6b f   hl_baseentity.obj
 0001:0000ac78       ?SetBoneController@CBaseAnimating@@QAEMHM@Z 1000bc78 f   hl_baseentity.obj
 0001:0000ac8b       ?InitBoneControllers@CBaseAnimating@@QAEXXZ 1000bc8b f   hl_baseentity.obj
 0001:0000ac96       ?SetBlending@CBaseAnimating@@QAEMHM@Z 1000bc96 f   hl_baseentity.obj
 0001:0000aca9       ?GetBonePosition@CBaseAnimating@@QAEXHAAVVector@@0@Z 1000bca9 f   hl_baseentity.obj
 0001:0000acb6       ?GetAttachment@CBaseAnimating@@QAEXHAAVVector@@0@Z 1000bcb6 f   hl_baseentity.obj
 0001:0000acc3       ?FindTransition@CBaseAnimating@@QAEHHHPAH@Z 1000bcc3 f   hl_baseentity.obj
 0001:0000acd3       ?GetAutomovement@CBaseAnimating@@QAEXAAVVector@@0M@Z 1000bcd3 f   hl_baseentity.obj
 0001:0000ace0       ?SetBodygroup@CBaseAnimating@@QAEXHH@Z 1000bce0 f   hl_baseentity.obj
 0001:0000aced       ?GetBodygroup@CBaseAnimating@@QAEHH@Z 1000bced f   hl_baseentity.obj
 0001:0000acfc       ?GetGunPosition@CBaseMonster@@UAE?AVVector@@XZ 1000bcfc f   hl_baseentity.obj
 0001:0000ad19       ?TraceAttack@CBaseEntity@@UAEXPAUentvars_s@@MVVector@@PAUTraceResult@@H@Z 1000bd19 f   hl_baseentity.obj
 0001:0000ad26       ?FireBullets@CBaseEntity@@QAEXKVVector@@00MHHHPAUentvars_s@@@Z 1000bd26 f   hl_baseentity.obj
 0001:0000ad33       ?TraceBleed@CBaseEntity@@UAEXMVVector@@PAUTraceResult@@H@Z 1000bd33 f   hl_baseentity.obj
 0001:0000ad40       ?MakeDamageBloodDecal@CBaseMonster@@QAEXHMPAUTraceResult@@ABVVector@@@Z 1000bd40 f   hl_baseentity.obj
 0001:0000ad4d       ?FGetNodeRoute@CBaseMonster@@QAEHVVector@@@Z 1000bd4d f   hl_baseentity.obj
 0001:0000ad5f       ?FindHintNode@CBaseMonster@@QAEHXZ 1000bd5f f   hl_baseentity.obj
 0001:0000ad6d       ?ReportAIState@CBaseMonster@@UAEXXZ 1000bd6d f   hl_baseentity.obj
 0001:0000ad78       ?KeyValue@CBaseMonster@@UAEXPAUKeyValueData_s@@@Z 1000bd78 f   hl_baseentity.obj
 0001:0000ad85       ?FCheckAITrigger@CBaseMonster@@QAEHXZ 1000bd85 f   hl_baseentity.obj
 0001:0000ad92       ?CanPlaySequence@CBaseMonster@@UAEHHH@Z 1000bd92 f   hl_baseentity.obj
 0001:0000ada1       ?FindLateralCover@CBaseMonster@@QAEHABVVector@@0@Z 1000bda1 f   hl_baseentity.obj
 0001:0000adb0       ?ShootAtEnemy@CBaseMonster@@QAE?AVVector@@ABV2@@Z 1000bdb0 f   hl_baseentity.obj
 0001:0000adcd       ?FacingIdeal@CBaseMonster@@QAEHXZ 1000bdcd f   hl_baseentity.obj
 0001:0000adda       ?FCanActiveIdle@CBaseMonster@@UAEHXZ 1000bdda f   hl_baseentity.obj
 0001:0000ade7       ?PlaySentence@CBaseMonster@@UAEXPBDMMM@Z 1000bde7 f   hl_baseentity.obj
 0001:0000adf4       ?PlayScriptedSentence@CBaseMonster@@UAEXPBDMMMHPAVCBaseEntity@@@Z 1000bdf4 f   hl_baseentity.obj
 0001:0000ae01       ?SentenceStop@CBaseMonster@@UAEXXZ 1000be01 f   hl_baseentity.obj
 0001:0000ae0c       ?CorpseFallThink@CBaseMonster@@QAEXXZ 1000be0c f   hl_baseentity.obj
 0001:0000ae17       ?MonsterInitDead@CBaseMonster@@UAEXXZ 1000be17 f   hl_baseentity.obj
 0001:0000ae22       ?BBoxFlat@CBaseMonster@@QAEHXZ 1000be22 f   hl_baseentity.obj
 0001:0000ae32       ?GetEnemy@CBaseMonster@@QAEHXZ 1000be32 f   hl_baseentity.obj
 0001:0000ae3f       ?TraceAttack@CBaseMonster@@UAEXPAUentvars_s@@MVVector@@PAUTraceResult@@H@Z 1000be3f f   hl_baseentity.obj
 0001:0000ae4c       ?DropItem@CBaseMonster@@QAEPAVCBaseEntity@@PADABVVector@@1@Z 1000be4c f   hl_baseentity.obj
 0001:0000ae5b       ?ShouldFadeOnDeath@CBaseMonster@@UAEHXZ 1000be5b f   hl_baseentity.obj
 0001:0000ae68       ?RadiusDamage@CBaseMonster@@QAEXPAUentvars_s@@0MHH@Z 1000be68 f   hl_baseentity.obj
 0001:0000ae75       ?RadiusDamage@CBaseMonster@@QAEXVVector@@PAUentvars_s@@1MHH@Z 1000be75 f   hl_baseentity.obj
 0001:0000ae82       ?FadeMonster@CBaseMonster@@UAEXXZ 1000be82 f   hl_baseentity.obj
 0001:0000ae8d       ?GibMonster@CBaseMonster@@UAEXXZ 1000be8d f   hl_baseentity.obj
 0001:0000ae98       ?HasHumanGibs@CBaseMonster@@UAEHXZ 1000be98 f   hl_baseentity.obj
 0001:0000aea5       ?HasAlienGibs@CBaseMonster@@UAEHXZ 1000bea5 f   hl_baseentity.obj
 0001:0000aeb2       ?GetDeathActivity@CBaseMonster@@UAE?AW4Activity@@XZ 1000beb2 f   hl_baseentity.obj
 0001:0000aec2       ?GetIdealState@CBaseMonster@@UAE?AW4MONSTERSTATE@@XZ 1000bec2 f   hl_baseentity.obj
 0001:0000aed2       ?GetScheduleOfType@CBaseMonster@@UAEPAUSchedule_t@@H@Z 1000bed2 f   hl_baseentity.obj
 0001:0000aee1       ?GetSchedule@CBaseMonster@@UAEPAUSchedule_t@@XZ 1000bee1 f   hl_baseentity.obj
 0001:0000aeee       ?RunTask@CBaseMonster@@UAEXPAUTask_t@@@Z 1000beee f   hl_baseentity.obj
 0001:0000aefb       ?StartTask@CBaseMonster@@UAEXPAUTask_t@@@Z 1000befb f   hl_baseentity.obj
 0001:0000af08       ?ScheduleFromName@CBaseMonster@@UAEPAUSchedule_t@@PBD@Z 1000bf08 f   hl_baseentity.obj
 0001:0000af17       ?BecomeDead@CBaseMonster@@UAEXXZ 1000bf17 f   hl_baseentity.obj
 0001:0000af22       ?RunAI@CBaseMonster@@UAEXXZ 1000bf22 f   hl_baseentity.obj
 0001:0000af2d       ?Killed@CBaseMonster@@UAEXPAUentvars_s@@H@Z 1000bf2d f   hl_baseentity.obj
 0001:0000af3a       ?TakeHealth@CBaseMonster@@UAEHMH@Z 1000bf3a f   hl_baseentity.obj
 0001:0000af49       ?TakeDamage@CBaseMonster@@UAEHPAUentvars_s@@0MH@Z 1000bf49 f   hl_baseentity.obj
 0001:0000af58       ?Restore@CBaseMonster@@UAEHAAVCRestore@@@Z 1000bf58 f   hl_baseentity.obj
 0001:0000af6a       ?Save@CBaseMonster@@UAEHAAVCSave@@@Z 1000bf6a f   hl_baseentity.obj
 0001:0000af7c       ?TrainSpeed@@YAHHH@Z       1000bf7c f   hl_baseentity.obj
 0001:0000af83       ?DeathSound@CBasePlayer@@UAEXXZ 1000bf83 f   hl_baseentity.obj
 0001:0000af8e       ?TakeHealth@CBasePlayer@@UAEHMH@Z 1000bf8e f   hl_baseentity.obj
 0001:0000af9d       ?TraceAttack@CBasePlayer@@UAEXPAUentvars_s@@MVVector@@PAUTraceResult@@H@Z 1000bf9d f   hl_baseentity.obj
 0001:0000afaa       ?TakeDamage@CBasePlayer@@UAEHPAUentvars_s@@0MH@Z 1000bfaa f   hl_baseentity.obj
 0001:0000afb9       ?PackDeadPlayerItems@CBasePlayer@@QAEXXZ 1000bfb9 f   hl_baseentity.obj
 0001:0000afc4       ?RemoveAllItems@CBasePlayer@@QAEXH@Z 1000bfc4 f   hl_baseentity.obj
 0001:0000afd1       ?SetAnimation@CBasePlayer@@QAEXW4PLAYER_ANIM@@@Z 1000bfd1 f   hl_baseentity.obj
 0001:0000afde       ?WaterMove@CBasePlayer@@QAEXXZ 1000bfde f   hl_baseentity.obj
 0001:0000afe9       ?IsOnLadder@CBasePlayer@@QAEHXZ 1000bfe9 f   hl_baseentity.obj
 0001:0000aff6       ?PlayerDeathThink@CBasePlayer@@QAEXXZ 1000bff6 f   hl_baseentity.obj
 0001:0000b001       ?StartDeathCam@CBasePlayer@@QAEXXZ 1000c001 f   hl_baseentity.obj
 0001:0000b00c       ?StartObserver@CBasePlayer@@QAEXVVector@@0@Z 1000c00c f   hl_baseentity.obj
 0001:0000b019       ?PlayerUse@CBasePlayer@@QAEXXZ 1000c019 f   hl_baseentity.obj
 0001:0000b024       ?Jump@CBasePlayer@@UAEXXZ  1000c024 f   hl_baseentity.obj
 0001:0000b02f       ?Duck@CBasePlayer@@UAEXXZ  1000c02f f   hl_baseentity.obj
 0001:0000b03a       ?Classify@CBasePlayer@@UAEHXZ 1000c03a f   hl_baseentity.obj
 0001:0000b047       ?PreThink@CBasePlayer@@UAEXXZ 1000c047 f   hl_baseentity.obj
 0001:0000b052       ?CheckTimeBasedDamage@CBasePlayer@@QAEXXZ 1000c052 f   hl_baseentity.obj
 0001:0000b05d       ?UpdateGeigerCounter@CBasePlayer@@QAEXXZ 1000c05d f   hl_baseentity.obj
 0001:0000b068       ?CheckSuitUpdate@CBasePlayer@@QAEXXZ 1000c068 f   hl_baseentity.obj
 0001:0000b073       ?SetSuitUpdate@CBasePlayer@@QAEXPADHH@Z 1000c073 f   hl_baseentity.obj
 0001:0000b080       ?UpdatePlayerSound@CBasePlayer@@QAEXXZ 1000c080 f   hl_baseentity.obj
 0001:0000b08b       ?PostThink@CBasePlayer@@UAEXXZ 1000c08b f   hl_baseentity.obj
 0001:0000b096       ?Precache@CBasePlayer@@UAEXXZ 1000c096 f   hl_baseentity.obj
 0001:0000b0a1       ?Save@CBasePlayer@@UAEHAAVCSave@@@Z 1000c0a1 f   hl_baseentity.obj
 0001:0000b0b0       ?RenewItems@CBasePlayer@@QAEXXZ 1000c0b0 f   hl_baseentity.obj
 0001:0000b0bb       ?Restore@CBasePlayer@@UAEHAAVCRestore@@@Z 1000c0bb f   hl_baseentity.obj
 0001:0000b0ca       ?SelectNextItem@CBasePlayer@@QAEXH@Z 1000c0ca f   hl_baseentity.obj
 0001:0000b0d7       ?HasWeapons@CBasePlayer@@QAEHXZ 1000c0d7 f   hl_baseentity.obj
 0001:0000b0e4       ?SelectPrevItem@CBasePlayer@@QAEXH@Z 1000c0e4 f   hl_baseentity.obj
 0001:0000b0f1       ?FindEntityForward@@YAPAVCBaseEntity@@PAV1@@Z 1000c0f1 f   hl_baseentity.obj
 0001:0000b0f8       ?FlashlightIsOn@CBasePlayer@@QAEHXZ 1000c0f8 f   hl_baseentity.obj
 0001:0000b105       ?FlashlightTurnOn@CBasePlayer@@QAEXXZ 1000c105 f   hl_baseentity.obj
 0001:0000b110       ?FlashlightTurnOff@CBasePlayer@@QAEXXZ 1000c110 f   hl_baseentity.obj
 0001:0000b11b       ?ForceClientDllUpdate@CBasePlayer@@QAEXXZ 1000c11b f   hl_baseentity.obj
 0001:0000b126       ?ImpulseCommands@CBasePlayer@@UAEXXZ 1000c126 f   hl_baseentity.obj
 0001:0000b131       ?CheatImpulseCommands@CBasePlayer@@QAEXH@Z 1000c131 f   hl_baseentity.obj
 0001:0000b13e       ?AddPlayerItem@CBasePlayer@@UAEHPAVCBasePlayerItem@@@Z 1000c13e f   hl_baseentity.obj
 0001:0000b14d       ?RemovePlayerItem@CBasePlayer@@UAEHPAVCBasePlayerItem@@@Z 1000c14d f   hl_baseentity.obj
 0001:0000b15c       ?ItemPreFrame@CBasePlayer@@QAEXXZ 1000c15c f   hl_baseentity.obj
 0001:0000b167       ?ItemPostFrame@CBasePlayer@@QAEXXZ 1000c167 f   hl_baseentity.obj
 0001:0000b172       ?AmmoInventory@CBasePlayer@@QAEHH@Z 1000c172 f   hl_baseentity.obj
 0001:0000b182       ?GetAmmoIndex@CBasePlayer@@SAHPBD@Z 1000c182 f   hl_baseentity.obj
 0001:0000b18a       ?SendAmmoUpdate@CBasePlayer@@QAEXXZ 1000c18a f   hl_baseentity.obj
 0001:0000b195       ?UpdateClientData@CBasePlayer@@UAEXXZ 1000c195 f   hl_baseentity.obj
 0001:0000b1a0       ?FBecomeProne@CBasePlayer@@UAEHXZ 1000c1a0 f   hl_baseentity.obj
 0001:0000b1b0       ?BarnacleVictimBitten@CBasePlayer@@UAEXPAUentvars_s@@@Z 1000c1b0 f   hl_baseentity.obj
 0001:0000b1bd       ?BarnacleVictimReleased@CBasePlayer@@UAEXXZ 1000c1bd f   hl_baseentity.obj
 0001:0000b1c8       ?Illumination@CBasePlayer@@UAEHXZ 1000c1c8 f   hl_baseentity.obj
 0001:0000b1d5       ?EnableControl@CBasePlayer@@QAEXH@Z 1000c1d5 f   hl_baseentity.obj
 0001:0000b1e2       ?GetAutoaimVector@CBasePlayer@@QAE?AVVector@@M@Z 1000c1e2 f   hl_baseentity.obj
 0001:0000b1ff       ?AutoaimDeflection@CBasePlayer@@QAE?AVVector@@AAV2@MM@Z 1000c1ff f   hl_baseentity.obj
 0001:0000b21c       ?ResetAutoaim@CBasePlayer@@QAEXXZ 1000c21c f   hl_baseentity.obj
 0001:0000b227       ?SetCustomDecalFrames@CBasePlayer@@QAEXH@Z 1000c227 f   hl_baseentity.obj
 0001:0000b234       ?GetCustomDecalFrames@CBasePlayer@@QAEHXZ 1000c234 f   hl_baseentity.obj
 0001:0000b242       ?DropPlayerItem@CBasePlayer@@QAEXPAD@Z 1000c242 f   hl_baseentity.obj
 0001:0000b24f       ?HasPlayerItem@CBasePlayer@@QAEHPAVCBasePlayerItem@@@Z 1000c24f f   hl_baseentity.obj
 0001:0000b25e       ?SwitchWeapon@CBasePlayer@@QAEHPAVCBasePlayerItem@@@Z 1000c25e f   hl_baseentity.obj
 0001:0000b26d       ?GetGunPosition@CBasePlayer@@UAE?AVVector@@XZ 1000c26d f   hl_baseentity.obj
 0001:0000b28a       ?TeamID@CBasePlayer@@UAEPBDXZ 1000c28a f   hl_baseentity.obj
 0001:0000b29a       ?GiveAmmo@CBasePlayer@@UAEHHPADH@Z 1000c29a f   hl_baseentity.obj
 0001:0000b2a9       ?AddPoints@CBasePlayer@@UAEXHH@Z 1000c2a9 f   hl_baseentity.obj
 0001:0000b2b6       ?AddPointsToTeam@CBasePlayer@@UAEXHH@Z 1000c2b6 f   hl_baseentity.obj
 0001:0000b2c3       ?ClearMultiDamage@@YAXXZ   1000c2c3 f   hl_baseentity.obj
 0001:0000b2c8       ?ApplyMultiDamage@@YAXPAUentvars_s@@0@Z 1000c2c8 f   hl_baseentity.obj
 0001:0000b2cd       ?AddMultiDamage@@YAXPAUentvars_s@@PAVCBaseEntity@@MH@Z 1000c2cd f   hl_baseentity.obj
 0001:0000b2d2       ?SpawnBlood@@YAXVVector@@HM@Z 1000c2d2 f   hl_baseentity.obj
 0001:0000b2d7       ?DamageDecal@@YAHPAVCBaseEntity@@H@Z 1000c2d7 f   hl_baseentity.obj
 0001:0000b2de       ?DecalGunshot@@YAXPAUTraceResult@@H@Z 1000c2de f   hl_baseentity.obj
 0001:0000b2e3       ?EjectBrass@@YAXABVVector@@0MHH@Z 1000c2e3 f   hl_baseentity.obj
 0001:0000b2e8       ?AddAmmoNameToAmmoRegistry@@YAXPBD@Z 1000c2e8 f   hl_baseentity.obj
 0001:0000b2ed       ?Restore@CBasePlayerItem@@UAEHAAVCRestore@@@Z 1000c2ed f   hl_baseentity.obj
 0001:0000b2ff       ?Save@CBasePlayerItem@@UAEHAAVCSave@@@Z 1000c2ff f   hl_baseentity.obj
 0001:0000b311       ?Restore@CBasePlayerWeapon@@UAEHAAVCRestore@@@Z 1000c311 f   hl_baseentity.obj
 0001:0000b323       ?Save@CBasePlayerWeapon@@UAEHAAVCSave@@@Z 1000c323 f   hl_baseentity.obj
 0001:0000b335       ?SetObjectCollisionBox@CBasePlayerItem@@UAEXXZ 1000c335 f   hl_baseentity.obj
 0001:0000b340       ?FallInit@CBasePlayerItem@@QAEXXZ 1000c340 f   hl_baseentity.obj
 0001:0000b34b       ?FallThink@CBasePlayerItem@@QAEXXZ 1000c34b f   hl_baseentity.obj
 0001:0000b356       ?Materialize@CBasePlayerItem@@QAEXXZ 1000c356 f   hl_baseentity.obj
 0001:0000b361       ?AttemptToMaterialize@CBasePlayerItem@@QAEXXZ 1000c361 f   hl_baseentity.obj
 0001:0000b36c       ?CheckRespawn@CBasePlayerItem@@QAEXXZ 1000c36c f   hl_baseentity.obj
 0001:0000b377       ?Respawn@CBasePlayerItem@@UAEPAVCBaseEntity@@XZ 1000c377 f   hl_baseentity.obj
 0001:0000b384       ?DefaultTouch@CBasePlayerItem@@QAEXPAVCBaseEntity@@@Z 1000c384 f   hl_baseentity.obj
 0001:0000b391       ?DestroyItem@CBasePlayerItem@@QAEXXZ 1000c391 f   hl_baseentity.obj
 0001:0000b39c       ?AddToPlayer@CBasePlayerItem@@UAEHPAVCBasePlayer@@@Z 1000c39c f   hl_baseentity.obj
 0001:0000b3ae       ?Drop@CBasePlayerItem@@UAEXXZ 1000c3ae f   hl_baseentity.obj
 0001:0000b3b9       ?Kill@CBasePlayerItem@@UAEXXZ 1000c3b9 f   hl_baseentity.obj
 0001:0000b3c4       ?Holster@CBasePlayerItem@@UAEXH@Z 1000c3c4 f   hl_baseentity.obj
 0001:0000b3d1       ?AttachToPlayer@CBasePlayerItem@@UAEXPAVCBasePlayer@@@Z 1000c3d1 f   hl_baseentity.obj
 0001:0000b3de       ?AddDuplicate@CBasePlayerWeapon@@UAEHPAVCBasePlayerItem@@@Z 1000c3de f   hl_baseentity.obj
 0001:0000b3ed       ?AddToPlayer@CBasePlayerWeapon@@UAEHPAVCBasePlayer@@@Z 1000c3ed f   hl_baseentity.obj
 0001:0000b3fc       ?UpdateClientData@CBasePlayerWeapon@@UAEHPAVCBasePlayer@@@Z 1000c3fc f   hl_baseentity.obj
 0001:0000b40b       ?AddPrimaryAmmo@CBasePlayerWeapon@@QAEHHPADHH@Z 1000c40b f   hl_baseentity.obj
 0001:0000b41d       ?AddSecondaryAmmo@CBasePlayerWeapon@@QAEHHPADH@Z 1000c41d f   hl_baseentity.obj
 0001:0000b42f       ?IsUseable@CBasePlayerWeapon@@UAEHXZ 1000c42f f   hl_baseentity.obj
 0001:0000b43f       ?PrimaryAmmoIndex@CBasePlayerWeapon@@UAEHXZ 1000c43f f   hl_baseentity.obj
 0001:0000b44d       ?SecondaryAmmoIndex@CBasePlayerWeapon@@UAEHXZ 1000c44d f   hl_baseentity.obj
 0001:0000b45b       ?Spawn@CBasePlayerAmmo@@UAEXXZ 1000c45b f   hl_baseentity.obj
 0001:0000b466       ?Respawn@CBasePlayerAmmo@@UAEPAVCBaseEntity@@XZ 1000c466 f   hl_baseentity.obj
 0001:0000b474       ?Materialize@CBasePlayerAmmo@@QAEXXZ 1000c474 f   hl_baseentity.obj
 0001:0000b47f       ?DefaultTouch@CBasePlayerAmmo@@QAEXPAVCBaseEntity@@@Z 1000c47f f   hl_baseentity.obj
 0001:0000b48c       ?ExtractAmmo@CBasePlayerWeapon@@UAEHPAV1@@Z 1000c48c f   hl_baseentity.obj
 0001:0000b49b       ?ExtractClipAmmo@CBasePlayerWeapon@@UAEHPAV1@@Z 1000c49b f   hl_baseentity.obj
 0001:0000b4aa       ?RetireWeapon@CBasePlayerWeapon@@UAEXXZ 1000c4aa f   hl_baseentity.obj
 0001:0000b4b5       ?InsertSound@CSoundEnt@@SAXHABVVector@@HM@Z 1000c4b5 f   hl_baseentity.obj
 0001:0000b4ba       ?RadiusDamage@@YAXVVector@@PAUentvars_s@@1MMHH@Z 1000c4ba f   hl_baseentity.obj
 0001:0000b4c0       ?Game_HookEvents@@YAXXZ    1000c4c0 f   hl_events.obj
 0001:0000b650       ?UpdateBeams@@YAXXZ        1000c650 f   hl_objects.obj
 0001:0000b869       ?Game_AddObjects@@YAXXZ    1000c869 f   hl_objects.obj
 0001:0000ba5e       ?AlertMessage@@YAXW4ALERT_TYPE@@PADZZ 1000ca5e f   hl_weapons.obj
 0001:0000baa4       ?bIsMultiplayer@@YA_NXZ    1000caa4 f   hl_weapons.obj
 0001:0000bab8       ?LoadVModel@@YAXPADPAVCBasePlayer@@@Z 1000cab8 f   hl_weapons.obj
 0001:0000bad7       ?HUD_PrepEntity@@YAXPAVCBaseEntity@@PAVCBasePlayer@@@Z 1000cad7 f   hl_weapons.obj
 0001:0000bb69       ?Killed@CBaseEntity@@UAEXPAUentvars_s@@H@Z 1000cb69 f   hl_weapons.obj
 0001:0000bb91       ?DefaultReload@CBasePlayerWeapon@@QAEHHHMH@Z 1000cb91 f   hl_weapons.obj
 0001:0000bc7d       ?CanDeploy@CBasePlayerWeapon@@UAEHXZ 1000cc7d f   hl_weapons.obj
 0001:0000bd2a       ?DefaultDeploy@CBasePlayerWeapon@@QAEHPAD0H0HH@Z 1000cd2a f   hl_weapons.obj
 0001:0000bdb0       ?PlayEmptySound@CBasePlayerWeapon@@UAEHXZ 1000cdb0 f   hl_weapons.obj
 0001:0000bde6       ?ResetEmptySound@CBasePlayerWeapon@@UAEXXZ 1000cde6 f   hl_weapons.obj
 0001:0000bdfb       ?Holster@CBasePlayerWeapon@@UAEXH@Z 1000cdfb f   hl_weapons.obj
 0001:0000be32       ?SendWeaponAnim@CBasePlayerWeapon@@UAEXHHH@Z 1000ce32 f   hl_weapons.obj
 0001:0000be63       ?FireBulletsPlayer@CBaseEntity@@QAE?AVVector@@KV2@00MHHHPAUentvars_s@@H@Z 1000ce63 f   hl_weapons.obj
 0001:0000bfe0       ?ItemPostFrame@CBasePlayerWeapon@@UAEXXZ 1000cfe0 f   hl_weapons.obj
 0001:0000c239       ?SelectItem@CBasePlayer@@QAEXPBD@Z 1000d239 f   hl_weapons.obj
 0001:0000c2de       ?SelectLastItem@CBasePlayer@@QAEXXZ 1000d2de f   hl_weapons.obj
 0001:0000c394       ?Killed@CBasePlayer@@UAEXPAUentvars_s@@H@Z 1000d394 f   hl_weapons.obj
 0001:0000c3d3       ?Spawn@CBasePlayer@@UAEXXZ 1000d3d3 f   hl_weapons.obj
 0001:0000c40e       ?UTIL_TraceLine@@YAXABVVector@@0W4IGNORE_MONSTERS@@PAUedict_s@@PAUTraceResult@@@Z 1000d40e f   hl_weapons.obj
 0001:0000c42d       ?UTIL_ParticleBox@@YAXPAVCBasePlayer@@PAM1MEEE@Z 1000d42d f   hl_weapons.obj
 0001:0000c4e4       ?UTIL_ParticleBoxes@@YAXXZ 1000d4e4 f   hl_weapons.obj
 0001:0000c602       ?UTIL_ParticleLine@@YAXPAVCBasePlayer@@PAM1MEEE@Z 1000d602 f   hl_weapons.obj
 0001:0000c62a       ?PrintState@CBasePlayerWeapon@@QAEXXZ 1000d62a f   hl_weapons.obj
 0001:0000c6de       ?HUD_InitClientWeapons@@YAXXZ 1000d6de f   hl_weapons.obj
 0001:0000c88f       ?HUD_GetLastOrg@@YAXPAM@Z  1000d88f f   hl_weapons.obj
 0001:0000c8cc       ?HUD_SetLastOrg@@YAXXZ     1000d8cc f   hl_weapons.obj
 0001:0000c935       ?HUD_WeaponsPostThink@@YAXPAUlocal_state_s@@0PAUusercmd_s@@NI@Z 1000d935 f   hl_weapons.obj
 0001:0000d61c       _HUD_PostRunCmd            1000e61c f   hl_weapons.obj
 0001:0000d720       ??0entvars_s@@QAE@XZ       1000e720 f i hl_weapons.obj
 0001:0000d860       ??0CBasePlayer@@QAE@XZ     1000e860 f i hl_weapons.obj
 0001:0000d890       ?GetToggleState@CBaseToggle@@UAEHXZ 1000e890 f i hl_weapons.obj
 0001:0000d8b0       ?GetDelay@CBaseToggle@@UAEMXZ 1000e8b0 f i hl_weapons.obj
 0001:0000d8d0       ?BloodColor@CBaseMonster@@UAEHXZ 1000e8d0 f i hl_weapons.obj
 0001:0000d8f0       ?Stop@CBaseMonster@@UAEXXZ 1000e8f0 f i hl_weapons.obj
 0001:0000d920       ?CanPlaySentence@CBaseMonster@@UAEHH@Z 1000e920 f i hl_weapons.obj
 0001:0000d940       ?CoverRadius@CBaseMonster@@UAEMXZ 1000e940 f i hl_weapons.obj
 0001:0000d960       ?HearingSensitivity@CBaseMonster@@UAEMXZ 1000e960 f i hl_weapons.obj
 0001:0000d980       ?IsMoving@CBaseMonster@@UAEHXZ 1000e980 f i hl_weapons.obj
 0001:0000d9a0       ?BodyTarget@CBasePlayer@@UAE?AVVector@@ABV2@@Z 1000e9a0 f i hl_weapons.obj
 0001:0000da10       ?StartSneaking@CBasePlayer@@UAEXXZ 1000ea10 f i hl_weapons.obj
 0001:0000da40       ?StopSneaking@CBasePlayer@@UAEXXZ 1000ea40 f i hl_weapons.obj
 0001:0000da70       ?IsSneaking@CBasePlayer@@UAEHXZ 1000ea70 f i hl_weapons.obj
 0001:0000dab0       ?IsAlive@CBasePlayer@@UAEHXZ 1000eab0 f i hl_weapons.obj
 0001:0000dab0       ?IsAlive@CBaseEntity@@UAEHXZ 1000eab0 f i hl_weapons.obj
 0001:0000db00       ?ObjectCaps@CBasePlayer@@UAEHXZ 1000eb00 f i hl_weapons.obj
 0001:0000db20       ??0CBaseMonster@@QAE@XZ    1000eb20 f i hl_weapons.obj
 0001:0000dbb0       ?IsAlive@CBaseMonster@@UAEHXZ 1000ebb0 f i hl_weapons.obj
 0001:0000dbd0       ?BodyTarget@CBaseMonster@@UAE?AVVector@@ABV2@@Z 1000ebd0 f i hl_weapons.obj
 0001:0000dc40       ??0CBaseToggle@@QAE@XZ     1000ec40 f i hl_weapons.obj
 0001:0000dcc0       ??0globalvars_t@@QAE@XZ    1000ecc0 f i hl_weapons.obj
 0001:0000dd20       ??0CGlock@@QAE@XZ          1000ed20 f i hl_weapons.obj
 0001:0000dd40       ??0CPython@@QAE@XZ         1000ed40 f i hl_weapons.obj
 0001:0000dd60       ?ObjectCaps@CBaseEntity@@UAEHXZ 1000ed60 f i hl_weapons.obj
 0001:0000dd60       ?iItemSlot@CPython@@UAEHXZ 1000ed60 f i hl_weapons.obj
 0001:0000dd60       ?iItemSlot@CGlock@@UAEHXZ  1000ed60 f i hl_weapons.obj
 0001:0000dd70       ??0CMP5@@QAE@XZ            1000ed70 f i hl_weapons.obj
 0001:0000dd90       ??0CShotgun@@QAE@XZ        1000ed90 f i hl_weapons.obj
 0001:0000ddb0       ?iItemSlot@CCrossbow@@UAEHXZ 1000edb0 f i hl_weapons.obj
 0001:0000ddb0       ?iItemSlot@CMP5@@UAEHXZ    1000edb0 f i hl_weapons.obj
 0001:0000ddb0       ?iItemSlot@CShotgun@@UAEHXZ 1000edb0 f i hl_weapons.obj
 0001:0000ddc0       ??0CRpg@@QAE@XZ            1000edc0 f i hl_weapons.obj
 0001:0000dde0       ?UseDecrement@CEgon@@UAEHXZ 1000ede0 f i hl_weapons.obj
 0001:0000dde0       ?IsPlayer@CBasePlayer@@UAEHXZ 1000ede0 f i hl_weapons.obj
 0001:0000dde0       ?GetStoppedActivity@CBaseMonster@@UAE?AW4Activity@@XZ 1000ede0 f i hl_weapons.obj
[...]
 0001:0002dbca       _$E14                      1002ebca f   in_camera.obj
 0001:000259c0       _$E49                      100269c0 f   hud.obj
 0001:000259cf       _$E46                      100269cf f   hud.obj
 0001:000259de       _$E48                      100269de f   hud.obj
 0001:000259f0       _$E47                      100269f0 f   hud.obj
 0001:00023700       _$E17                      10024700 f   GameStudioModelRenderer.obj
 0001:0002370f       _$E14                      1002470f f   GameStudioModelRenderer.obj
 0001:0002371e       _$E16                      1002471e f   GameStudioModelRenderer.obj
 0001:00023730       _$E15                      10024730 f   GameStudioModelRenderer.obj
 0001:0001eb4c       _$E15                      1001fb4c f   custom_hud.obj
 0001:0001eb56       _$E14                      1001fb56 f   custom_hud.obj
 0001:0001eb65       _$E18                      1001fb65 f   custom_hud.obj
 0001:0001eb6f       _$E17                      1001fb6f f   custom_hud.obj
 0001:0001eb7e       _$E21                      1001fb7e f   custom_hud.obj
 0001:0001eb88       _$E20                      1001fb88 f   custom_hud.obj
 0001:0001e0e0       _$E18                      1001f0e0 f   cdll_int.obj
 0001:0001e0ef       _$E15                      1001f0ef f   cdll_int.obj
 0001:0001e0fe       _$E17                      1001f0fe f   cdll_int.obj
 0001:0001e110       _$E16                      1001f110 f   cdll_int.obj
 0001:00017020       _$E18                      10018020 f   voice_status.obj
 0001:0001702f       _$E15                      1001802f f   voice_status.obj
 0001:0001703e       _$E17                      1001803e f   voice_status.obj
 0001:00017050       _$E16                      10018050 f   voice_status.obj
 0001:0000b890       _$E20                      1000c890 f   hl_weapons.obj
 0001:0000b89a       _$E19                      1000c89a f   hl_weapons.obj
 0001:0000b8b5       _$E23                      1000c8b5 f   hl_weapons.obj
 0001:0000b8bf       _$E22                      1000c8bf f   hl_weapons.obj
 0001:0000b8ce       _$E26                      1000c8ce f   hl_weapons.obj
 0001:0000b8d8       _$E25                      1000c8d8 f   hl_weapons.obj
 0001:0000b8e7       _$E29                      1000c8e7 f   hl_weapons.obj
 0001:0000b8f1       _$E28                      1000c8f1 f   hl_weapons.obj
 0001:0000b900       _$E32                      1000c900 f   hl_weapons.obj
 0001:0000b90a       _$E31                      1000c90a f   hl_weapons.obj
 0001:0000b919       _$E35                      1000c919 f   hl_weapons.obj
 0001:0000b923       _$E34                      1000c923 f   hl_weapons.obj
 0001:0000b932       _$E38                      1000c932 f   hl_weapons.obj
 0001:0000b93c       _$E37                      1000c93c f   hl_weapons.obj
 0001:0000b94b       _$E41                      1000c94b f   hl_weapons.obj
 0001:0000b955       _$E40                      1000c955 f   hl_weapons.obj
 0001:0000b964       _$E44                      1000c964 f   hl_weapons.obj
 0001:0000b96e       _$E43                      1000c96e f   hl_weapons.obj
 0001:0000b97d       _$E47                      1000c97d f   hl_weapons.obj
 0001:0000b987       _$E46                      1000c987 f   hl_weapons.obj
 0001:0000b996       _$E50                      1000c996 f   hl_weapons.obj
 0001:0000b9a0       _$E49                      1000c9a0 f   hl_weapons.obj
 0001:0000b9af       _$E53                      1000c9af f   hl_weapons.obj
 0001:0000b9b9       _$E52                      1000c9b9 f   hl_weapons.obj
 0001:0000b9c8       _$E56                      1000c9c8 f   hl_weapons.obj
 0001:0000b9d2       _$E55                      1000c9d2 f   hl_weapons.obj
 0001:0000b9e1       _$E59                      1000c9e1 f   hl_weapons.obj
 0001:0000b9eb       _$E58                      1000c9eb f   hl_weapons.obj
 0001:0000b9fa       _$E62                      1000c9fa f   hl_weapons.obj
 0001:0000ba04       _$E61                      1000ca04 f   hl_weapons.obj
 0001:0000ba13       _$E65                      1000ca13 f   hl_weapons.obj
 0001:0000ba1d       _$E64                      1000ca1d f   hl_weapons.obj
 0001:0000ba2c       _$E68                      1000ca2c f   hl_weapons.obj
 0001:0000ba36       _$E67                      1000ca36 f   hl_weapons.obj
 0001:0000ba45       _$E71                      1000ca45 f   hl_weapons.obj
 0001:0000ba4f       _$E70                      1000ca4f f   hl_weapons.obj
 0001:0000a610       _$E20                      1000b610 f   hl_baseentity.obj
 0001:0000a61a       _$E19                      1000b61a f   hl_baseentity.obj
 0001:000056e7       _$E15                      100066e7 f   ev_hldm.obj
 0001:000056f1       _$E14                      100066f1 f   ev_hldm.obj
 0001:00005700       _$E18                      10006700 f   ev_hldm.obj
 0001:0000570a       _$E17                      1000670a f   ev_hldm.obj
 0001:00071853       _findenv                   10072853 f   LIBCMT:setenv.obj
 0001:000718ab       _copy_environ              100728ab f   LIBCMT:setenv.obj
 0001:0006da16       _strncnt                   1006ea16 f   LIBCMT:a_map.obj
 0001:000708b9       _siglookup                 100718b9 f   LIBCMT:winsig.obj
 0001:00070467       _getSystemCP               10071467 f   LIBCMT:mbctype.obj
 0001:000704b1       _CPtoLCID                  100714b1 f   LIBCMT:mbctype.obj
 0001:000704e4       _setSBCS                   100714e4 f   LIBCMT:mbctype.obj
 0001:0007050d       _setSBUpLow                1007150d f   LIBCMT:mbctype.obj
 0001:0006fc0e       __tzset_lk                 10070c0e f   LIBCMT:tzset.obj
 0001:0006feb6       __isindst_lk               10070eb6 f   LIBCMT:tzset.obj
 0001:00070062       _cvtdate                   10071062 f   LIBCMT:tzset.obj
 0001:0006e281       __abstract_cw              1006f281 f   LIBCMT:ieee87.obj
 0001:0006e313       __hw_cw                    1006f313 f   LIBCMT:ieee87.obj
 0001:0006ddbe       _parse_cmdline             1006edbe f   LIBCMT:stdargv.obj
 0001:0006da16       _strncnt                   1006ea16 f   LIBCMT:a_map.obj
 0001:0006d76c       fFATN2                     1006e76c f   LIBCMT:87triga.obj
 0001:0006d7e2       _rtforatnby0               1006e7e2 f   LIBCMT:87triga.obj
 0001:0006d7c5       _rtforatn20                1006e7c5 f   LIBCMT:87triga.obj
 0001:0006d3c1       fFEXP                      1006e3c1 f   LIBCMT:87tran.obj
 0001:0006d501       _rtforexpinf               1006e501 f   LIBCMT:87tran.obj
 0001:0006d069       __get_fname                1006e069 f   LIBCMT:fpexcept.obj
 0001:0006c8c0       __hextodec                 1006d8c0 f   LIBCMT:input.obj
 0001:0006c8f7       __inc                      1006d8f7 f   LIBCMT:input.obj
 0001:0006c911       __un_inc                   1006d911 f   LIBCMT:input.obj
 0001:0006c928       __whiteout                 1006d928 f   LIBCMT:input.obj
 0001:0006b234       label0                     1006c234 f   LIBCMT:adj_fdiv.obj
 0001:0006b23a       label1                     1006c23a f   LIBCMT:adj_fdiv.obj
 0001:0006b23f       label2                     1006c23f f   LIBCMT:adj_fdiv.obj
 0001:0006b245       label3                     1006c245 f   LIBCMT:adj_fdiv.obj
 0001:0006b24a       label4                     1006c24a f   LIBCMT:adj_fdiv.obj
 0001:0006b250       label5                     1006c250 f   LIBCMT:adj_fdiv.obj
 0001:0006b256       label6                     1006c256 f   LIBCMT:adj_fdiv.obj
 0001:0006b25c       label7                     1006c25c f   LIBCMT:adj_fdiv.obj
 0001:0006b262       label8                     1006c262 f   LIBCMT:adj_fdiv.obj
 0001:0006b27e       label9                     1006c27e f   LIBCMT:adj_fdiv.obj
 0001:0006b283       label10                    1006c283 f   LIBCMT:adj_fdiv.obj
 0001:0006b299       label11                    1006c299 f   LIBCMT:adj_fdiv.obj
 0001:0006b29e       label12                    1006c29e f   LIBCMT:adj_fdiv.obj
 0001:0006b2ba       label13                    1006c2ba f   LIBCMT:adj_fdiv.obj
 0001:0006b2ca       label14                    1006c2ca f   LIBCMT:adj_fdiv.obj
 0001:0006b2de       label15                    1006c2de f   LIBCMT:adj_fdiv.obj
 0001:0006b2ee       label16                    1006c2ee f   LIBCMT:adj_fdiv.obj
 0001:0006b30e       label17                    1006c30e f   LIBCMT:adj_fdiv.obj
 0001:0006b313       label18                    1006c313 f   LIBCMT:adj_fdiv.obj
 0001:0006b32d       label19                    1006c32d f   LIBCMT:adj_fdiv.obj
 0001:0006b332       label20                    1006c332 f   LIBCMT:adj_fdiv.obj
 0001:0006b352       label21                    1006c352 f   LIBCMT:adj_fdiv.obj
 0001:0006b366       label22                    1006c366 f   LIBCMT:adj_fdiv.obj
 0001:0006b37e       label23                    1006c37e f   LIBCMT:adj_fdiv.obj
 0001:0006b392       label24                    1006c392 f   LIBCMT:adj_fdiv.obj
 0001:0006b3b2       label25                    1006c3b2 f   LIBCMT:adj_fdiv.obj
 0001:0006b3b7       label26                    1006c3b7 f   LIBCMT:adj_fdiv.obj
 0001:0006b3d1       label27                    1006c3d1 f   LIBCMT:adj_fdiv.obj
 0001:0006b3d6       label28                    1006c3d6 f   LIBCMT:adj_fdiv.obj
 0001:0006b3f6       label29                    1006c3f6 f   LIBCMT:adj_fdiv.obj
 0001:0006b40a       label30                    1006c40a f   LIBCMT:adj_fdiv.obj
 0001:0006b422       label31                    1006c422 f   LIBCMT:adj_fdiv.obj
 0001:0006b436       label32                    1006c436 f   LIBCMT:adj_fdiv.obj
 0001:0006b456       label33                    1006c456 f   LIBCMT:adj_fdiv.obj
 0001:0006b45b       label34                    1006c45b f   LIBCMT:adj_fdiv.obj
 0001:0006b475       label35                    1006c475 f   LIBCMT:adj_fdiv.obj
 0001:0006b47a       label36                    1006c47a f   LIBCMT:adj_fdiv.obj
 0001:0006b49a       label37                    1006c49a f   LIBCMT:adj_fdiv.obj
 0001:0006b4ae       label38                    1006c4ae f   LIBCMT:adj_fdiv.obj
 0001:0006b4c6       label39                    1006c4c6 f   LIBCMT:adj_fdiv.obj
 0001:0006b4da       label40                    1006c4da f   LIBCMT:adj_fdiv.obj
 0001:0006b4fa       label41                    1006c4fa f   LIBCMT:adj_fdiv.obj
 0001:0006b4ff       label42                    1006c4ff f   LIBCMT:adj_fdiv.obj
 0001:0006b519       label43                    1006c519 f   LIBCMT:adj_fdiv.obj
 0001:0006b51e       label44                    1006c51e f   LIBCMT:adj_fdiv.obj
 0001:0006b53e       label45                    1006c53e f   LIBCMT:adj_fdiv.obj
 0001:0006b552       label46                    1006c552 f   LIBCMT:adj_fdiv.obj
 0001:0006b56a       label47                    1006c56a f   LIBCMT:adj_fdiv.obj
 0001:0006b57e       label48                    1006c57e f   LIBCMT:adj_fdiv.obj
 0001:0006b59e       label49                    1006c59e f   LIBCMT:adj_fdiv.obj
 0001:0006b5a3       label50                    1006c5a3 f   LIBCMT:adj_fdiv.obj
 0001:0006b5bd       label51                    1006c5bd f   LIBCMT:adj_fdiv.obj
 0001:0006b5c2       label52                    1006c5c2 f   LIBCMT:adj_fdiv.obj
 0001:0006b5e2       label53                    1006c5e2 f   LIBCMT:adj_fdiv.obj
 0001:0006b5f6       label54                    1006c5f6 f   LIBCMT:adj_fdiv.obj
 0001:0006b60e       label55                    1006c60e f   LIBCMT:adj_fdiv.obj
 0001:0006b622       label56                    1006c622 f   LIBCMT:adj_fdiv.obj
 0001:0006b642       label57                    1006c642 f   LIBCMT:adj_fdiv.obj
 0001:0006b647       label58                    1006c647 f   LIBCMT:adj_fdiv.obj
 0001:0006b661       label59                    1006c661 f   LIBCMT:adj_fdiv.obj
 0001:0006b666       label60                    1006c666 f   LIBCMT:adj_fdiv.obj
 0001:0006b686       label61                    1006c686 f   LIBCMT:adj_fdiv.obj
 0001:0006b69a       label62                    1006c69a f   LIBCMT:adj_fdiv.obj
 0001:0006b6b2       label63                    1006c6b2 f   LIBCMT:adj_fdiv.obj
 0001:00069537       _flsall                    1006a537 f   LIBCMT:fflush.obj
 0001:00069065       _write_char                1006a065 f   LIBCMT:output.obj
 0001:0006909a       _write_multi_char          1006a09a f   LIBCMT:output.obj
 0001:000690cb       _write_string              1006a0cb f   LIBCMT:output.obj
 0001:00069103       _get_int_arg               1006a103 f   LIBCMT:output.obj
 0001:00069110       _get_int64_arg             1006a110 f   LIBCMT:output.obj
 0001:00069120       _get_short_arg             1006a120 f   LIBCMT:output.obj
 0001:00067a4f       ?FindHandler@@YAXPAUEHExceptionRecord@@PAUEHRegistrationNode@@PAU_CONTEXT@@PAXPBU_s_FuncInfo@@EH1@Z 10068a4f f   LIBCMT:frame.obj
 0001:00067c02       ?FindHandlerForForeignException@@YAXPAUEHExceptionRecord@@PAUEHRegistrationNode@@PAU_CONTEXT@@PAXPBU_s_FuncInfo@@HH1@Z 10068c02 f   LIBCMT:frame.obj
 0001:00067cac       ?TypeMatch@@YAHPBU_s_HandlerType@@PBU_s_CatchableType@@PBU_s_ThrowInfo@@@Z 10068cac f   LIBCMT:frame.obj
 0001:00067240       ?FrameUnwindFilter@@YAHPAU_EXCEPTION_POINTERS@@@Z 10068240 f   LIBCMT:ehvecdtr.obj
 0001:00067da7       ?CatchIt@@YAXPAUEHExceptionRecord@@PAUEHRegistrationNode@@PAU_CONTEXT@@PAXPBU_s_FuncInfo@@PBU_s_HandlerType@@PBU_s_CatchableType@@PBU_s_TryBlockMapEntry@@H1E@Z 10068da7 f   LIBCMT:frame.obj
 0001:00067e22       ?CallCatchBlock@@YAPAXPAUEHExceptionRecord@@PAUEHRegistrationNode@@PAU_CONTEXT@@PBU_s_FuncInfo@@PAXHK@Z 10068e22 f   LIBCMT:frame.obj
 0001:00067f3d       ?ExFilterRethrow@@YAHPAU_EXCEPTION_POINTERS@@@Z 10068f3d f   LIBCMT:frame.obj
 0001:00067f67       ?BuildCatchObject@@YAXPAUEHExceptionRecord@@PAUEHRegistrationNode@@PBU_s_HandlerType@@PBU_s_CatchableType@@@Z 10068f67 f   LIBCMT:frame.obj
 0001:00068192       ?AdjustPointer@@YAPAXPAXABUPMD@@@Z 10069192 f   LIBCMT:frame.obj
 0001:000676ed       __cftoe2                   100686ed f   LIBCMT:cvt.obj
 0001:00067804       __cftof2                   10068804 f   LIBCMT:cvt.obj
 0001:0006798f       __shift                    1006898f f   LIBCMT:cvt.obj
 0001:00067240       ?ArrayUnwindFilter@@YAHPAU_EXCEPTION_POINTERS@@@Z 10068240 f   LIBCMT:ehvecdtr.obj
 0001:000669cc       _shortsort                 100679cc f   LIBCMT:qsort.obj
 0001:00066a1a       _swap                      10067a1a f   LIBCMT:qsort.obj
 0001:00066040       LeadUp1                    10067040 f   LIBCMT:memmove.obj
 0001:0006606c       LeadUp2                    1006706c f   LIBCMT:memmove.obj
 0001:00066090       LeadUp3                    10067090 f   LIBCMT:memmove.obj
 0001:0006610f       UnwindUp0                  1006710f f   LIBCMT:memmove.obj
 0001:000660fc       UnwindUp1                  100670fc f   LIBCMT:memmove.obj
 0001:000660f4       UnwindUp2                  100670f4 f   LIBCMT:memmove.obj
 0001:000660ec       UnwindUp3                  100670ec f   LIBCMT:memmove.obj
 0001:000660e4       UnwindUp4                  100670e4 f   LIBCMT:memmove.obj
 0001:000660dc       UnwindUp5                  100670dc f   LIBCMT:memmove.obj
 0001:000660d4       UnwindUp6                  100670d4 f   LIBCMT:memmove.obj
 0001:000660cc       UnwindUp7                  100670cc f   LIBCMT:memmove.obj
 0001:00066128       TrailUp0                   10067128 f   LIBCMT:memmove.obj
 0001:00066130       TrailUp1                   10067130 f   LIBCMT:memmove.obj
 0001:0006613c       TrailUp2                   1006713c f   LIBCMT:memmove.obj
 0001:00066150       TrailUp3                   10067150 f   LIBCMT:memmove.obj
 0001:000661c8       LeadDown1                  100671c8 f   LIBCMT:memmove.obj
 0001:000661e8       LeadDown2                  100671e8 f   LIBCMT:memmove.obj
 0001:00066210       LeadDown3                  10067210 f   LIBCMT:memmove.obj
 0001:00066264       UnwindDown7                10067264 f   LIBCMT:memmove.obj
 0001:0006626c       UnwindDown6                1006726c f   LIBCMT:memmove.obj
 0001:00066274       UnwindDown5                10067274 f   LIBCMT:memmove.obj
 0001:0006627c       UnwindDown4                1006727c f   LIBCMT:memmove.obj
 0001:00066284       UnwindDown3                10067284 f   LIBCMT:memmove.obj
 0001:0006628c       UnwindDown2                1006728c f   LIBCMT:memmove.obj
 0001:00066294       UnwindDown1                10067294 f   LIBCMT:memmove.obj
 0001:000662a7       UnwindDown0                100672a7 f   LIBCMT:memmove.obj
 0001:000662c0       TrailDown0                 100672c0 f   LIBCMT:memmove.obj
 0001:000662c8       TrailDown1                 100672c8 f   LIBCMT:memmove.obj
 0001:000662d8       TrailDown2                 100672d8 f   LIBCMT:memmove.obj
 0001:000662ec       TrailDown3                 100672ec f   LIBCMT:memmove.obj
 0001:00065e64       fFMOD                      10066e64 f   LIBCMT:87fmod.obj
 0001:000658e0       LeadUp1                    100668e0 f   LIBCMT:memcpy.obj
 0001:0006590c       LeadUp2                    1006690c f   LIBCMT:memcpy.obj
 0001:00065930       LeadUp3                    10066930 f   LIBCMT:memcpy.obj
 0001:000659af       UnwindUp0                  100669af f   LIBCMT:memcpy.obj
 0001:0006599c       UnwindUp1                  1006699c f   LIBCMT:memcpy.obj
 0001:00065994       UnwindUp2                  10066994 f   LIBCMT:memcpy.obj
 0001:0006598c       UnwindUp3                  1006698c f   LIBCMT:memcpy.obj
 0001:00065984       UnwindUp4                  10066984 f   LIBCMT:memcpy.obj
 0001:0006597c       UnwindUp5                  1006697c f   LIBCMT:memcpy.obj
 0001:00065974       UnwindUp6                  10066974 f   LIBCMT:memcpy.obj
 0001:0006596c       UnwindUp7                  1006696c f   LIBCMT:memcpy.obj
 0001:000659c8       TrailUp0                   100669c8 f   LIBCMT:memcpy.obj
 0001:000659d0       TrailUp1                   100669d0 f   LIBCMT:memcpy.obj
 0001:000659dc       TrailUp2                   100669dc f   LIBCMT:memcpy.obj
 0001:000659f0       TrailUp3                   100669f0 f   LIBCMT:memcpy.obj
 0001:00065a68       LeadDown1                  10066a68 f   LIBCMT:memcpy.obj
 0001:00065a88       LeadDown2                  10066a88 f   LIBCMT:memcpy.obj
 0001:00065ab0       LeadDown3                  10066ab0 f   LIBCMT:memcpy.obj
 0001:00065b04       UnwindDown7                10066b04 f   LIBCMT:memcpy.obj
 0001:00065b0c       UnwindDown6                10066b0c f   LIBCMT:memcpy.obj
 0001:00065b14       UnwindDown5                10066b14 f   LIBCMT:memcpy.obj
 0001:00065b1c       UnwindDown4                10066b1c f   LIBCMT:memcpy.obj
 0001:00065b24       UnwindDown3                10066b24 f   LIBCMT:memcpy.obj
 0001:00065b2c       UnwindDown2                10066b2c f   LIBCMT:memcpy.obj
 0001:00065b34       UnwindDown1                10066b34 f   LIBCMT:memcpy.obj
 0001:00065b47       UnwindDown0                10066b47 f   LIBCMT:memcpy.obj
 0001:00065b60       TrailDown0                 10066b60 f   LIBCMT:memcpy.obj
 0001:00065b68       TrailDown1                 10066b68 f   LIBCMT:memcpy.obj
 0001:00065b78       TrailDown2                 10066b78 f   LIBCMT:memcpy.obj
 0001:00065b8c       TrailDown3                 10066b8c f   LIBCMT:memcpy.obj
 0001:000650e6       _doexit                    100660e6 f   LIBCMT:crt0dat.obj
 0001:0006519d       __initterm                 1006619d f   LIBCMT:crt0dat.obj
 0001:00064c74       _gu_return                 10065c74 f   LIBCMT:exsup.obj
 0001:00064c7c       __unwind_handler           10065c7c f   LIBCMT:exsup.obj
 0001:00064a8f       ?CatchGuardHandler@@YA?AW4_EXCEPTION_DISPOSITION@@PAUEHExceptionRecord@@PAUCatchGuardRN@@PAX2@Z 10065a8f f   LIBCMT:trnsctrl.obj
 0001:00064b6a       ?TranslatorGuardHandler@@YA?AW4_EXCEPTION_DISPOSITION@@PAUEHExceptionRecord@@PAUTranslatorGuardRN@@PAX2@Z 10065b6a f   LIBCMT:trnsctrl.obj

 21460 bytes saved through ICF

